C:/Users/a511018/Desktop/USMB MASTER/TP_FreeRTOS/TP_FreeRTOS/3_FreeRTOS_task1/Drivers/CMSIS/Include/core_cm4.h:1688:22:__NVIC_EnableIRQ	16	static
C:/Users/a511018/Desktop/USMB MASTER/TP_FreeRTOS/TP_FreeRTOS/3_FreeRTOS_task1/Drivers/CMSIS/Include/core_cm4.h:1816:22:__NVIC_SetPriority	16	static
../Src/timer.c:12:6:TIM2TICK_Init	8	static
../Src/timer.c:39:6:TIM2TICK_Delay	24	static
../Src/timer.c:46:10:TIM2TICK_Get	4	static
../Src/timer.c:54:6:DWT_Init	4	static
../Src/timer.c:66:6:DWT_Delay	24	static
