Archive member included to satisfy reference by file (symbol)

C:/ST/STM32CubeIDE_1.16.1/STM32CubeIDE/plugins/com.st.stm32cube.ide.mcu.externaltools.gnu-tools-for-stm32.13.3.rel1.win32_1.0.0.202411081344/tools/bin/../lib/gcc/arm-none-eabi/13.3.1/../../../../arm-none-eabi/lib/thumb/v7e-m+fp/hard\libc_nano.a(libc_a-exit.o)
                              C:/ST/STM32CubeIDE_1.16.1/STM32CubeIDE/plugins/com.st.stm32cube.ide.mcu.externaltools.gnu-tools-for-stm32.13.3.rel1.win32_1.0.0.202411081344/tools/bin/../lib/gcc/arm-none-eabi/13.3.1/../../../../arm-none-eabi/lib/thumb/v7e-m+fp/hard/crt0.o (exit)
C:/ST/STM32CubeIDE_1.16.1/STM32CubeIDE/plugins/com.st.stm32cube.ide.mcu.externaltools.gnu-tools-for-stm32.13.3.rel1.win32_1.0.0.202411081344/tools/bin/../lib/gcc/arm-none-eabi/13.3.1/../../../../arm-none-eabi/lib/thumb/v7e-m+fp/hard\libc_nano.a(libc_a-findfp.o)
                              ./ThirdParty/FreeRTOS/Source/tasks.o (__sf)
C:/ST/STM32CubeIDE_1.16.1/STM32CubeIDE/plugins/com.st.stm32cube.ide.mcu.externaltools.gnu-tools-for-stm32.13.3.rel1.win32_1.0.0.202411081344/tools/bin/../lib/gcc/arm-none-eabi/13.3.1/../../../../arm-none-eabi/lib/thumb/v7e-m+fp/hard\libc_nano.a(libc_a-fwalk.o)
                              C:/ST/STM32CubeIDE_1.16.1/STM32CubeIDE/plugins/com.st.stm32cube.ide.mcu.externaltools.gnu-tools-for-stm32.13.3.rel1.win32_1.0.0.202411081344/tools/bin/../lib/gcc/arm-none-eabi/13.3.1/../../../../arm-none-eabi/lib/thumb/v7e-m+fp/hard\libc_nano.a(libc_a-findfp.o) (_fwalk_sglue)
C:/ST/STM32CubeIDE_1.16.1/STM32CubeIDE/plugins/com.st.stm32cube.ide.mcu.externaltools.gnu-tools-for-stm32.13.3.rel1.win32_1.0.0.202411081344/tools/bin/../lib/gcc/arm-none-eabi/13.3.1/../../../../arm-none-eabi/lib/thumb/v7e-m+fp/hard\libc_nano.a(libc_a-puts.o)
                              ./Src/main.o (puts)
C:/ST/STM32CubeIDE_1.16.1/STM32CubeIDE/plugins/com.st.stm32cube.ide.mcu.externaltools.gnu-tools-for-stm32.13.3.rel1.win32_1.0.0.202411081344/tools/bin/../lib/gcc/arm-none-eabi/13.3.1/../../../../arm-none-eabi/lib/thumb/v7e-m+fp/hard\libc_nano.a(libc_a-setvbuf.o)
                              ./Src/util.o (setvbuf)
C:/ST/STM32CubeIDE_1.16.1/STM32CubeIDE/plugins/com.st.stm32cube.ide.mcu.externaltools.gnu-tools-for-stm32.13.3.rel1.win32_1.0.0.202411081344/tools/bin/../lib/gcc/arm-none-eabi/13.3.1/../../../../arm-none-eabi/lib/thumb/v7e-m+fp/hard\libc_nano.a(libc_a-stdio.o)
                              C:/ST/STM32CubeIDE_1.16.1/STM32CubeIDE/plugins/com.st.stm32cube.ide.mcu.externaltools.gnu-tools-for-stm32.13.3.rel1.win32_1.0.0.202411081344/tools/bin/../lib/gcc/arm-none-eabi/13.3.1/../../../../arm-none-eabi/lib/thumb/v7e-m+fp/hard\libc_nano.a(libc_a-findfp.o) (__sread)
C:/ST/STM32CubeIDE_1.16.1/STM32CubeIDE/plugins/com.st.stm32cube.ide.mcu.externaltools.gnu-tools-for-stm32.13.3.rel1.win32_1.0.0.202411081344/tools/bin/../lib/gcc/arm-none-eabi/13.3.1/../../../../arm-none-eabi/lib/thumb/v7e-m+fp/hard\libc_nano.a(libc_a-wbuf.o)
                              C:/ST/STM32CubeIDE_1.16.1/STM32CubeIDE/plugins/com.st.stm32cube.ide.mcu.externaltools.gnu-tools-for-stm32.13.3.rel1.win32_1.0.0.202411081344/tools/bin/../lib/gcc/arm-none-eabi/13.3.1/../../../../arm-none-eabi/lib/thumb/v7e-m+fp/hard\libc_nano.a(libc_a-puts.o) (__swbuf_r)
C:/ST/STM32CubeIDE_1.16.1/STM32CubeIDE/plugins/com.st.stm32cube.ide.mcu.externaltools.gnu-tools-for-stm32.13.3.rel1.win32_1.0.0.202411081344/tools/bin/../lib/gcc/arm-none-eabi/13.3.1/../../../../arm-none-eabi/lib/thumb/v7e-m+fp/hard\libc_nano.a(libc_a-wsetup.o)
                              C:/ST/STM32CubeIDE_1.16.1/STM32CubeIDE/plugins/com.st.stm32cube.ide.mcu.externaltools.gnu-tools-for-stm32.13.3.rel1.win32_1.0.0.202411081344/tools/bin/../lib/gcc/arm-none-eabi/13.3.1/../../../../arm-none-eabi/lib/thumb/v7e-m+fp/hard\libc_nano.a(libc_a-puts.o) (__swsetup_r)
C:/ST/STM32CubeIDE_1.16.1/STM32CubeIDE/plugins/com.st.stm32cube.ide.mcu.externaltools.gnu-tools-for-stm32.13.3.rel1.win32_1.0.0.202411081344/tools/bin/../lib/gcc/arm-none-eabi/13.3.1/../../../../arm-none-eabi/lib/thumb/v7e-m+fp/hard\libc_nano.a(libc_a-memset.o)
                              C:/ST/STM32CubeIDE_1.16.1/STM32CubeIDE/plugins/com.st.stm32cube.ide.mcu.externaltools.gnu-tools-for-stm32.13.3.rel1.win32_1.0.0.202411081344/tools/bin/../lib/gcc/arm-none-eabi/13.3.1/../../../../arm-none-eabi/lib/thumb/v7e-m+fp/hard/crt0.o (memset)
C:/ST/STM32CubeIDE_1.16.1/STM32CubeIDE/plugins/com.st.stm32cube.ide.mcu.externaltools.gnu-tools-for-stm32.13.3.rel1.win32_1.0.0.202411081344/tools/bin/../lib/gcc/arm-none-eabi/13.3.1/../../../../arm-none-eabi/lib/thumb/v7e-m+fp/hard\libc_nano.a(libc_a-strncmp.o)
                              ./ThirdParty/tracealyzer/Src/trcSnapshotRecorder.o (strncmp)
C:/ST/STM32CubeIDE_1.16.1/STM32CubeIDE/plugins/com.st.stm32cube.ide.mcu.externaltools.gnu-tools-for-stm32.13.3.rel1.win32_1.0.0.202411081344/tools/bin/../lib/gcc/arm-none-eabi/13.3.1/../../../../arm-none-eabi/lib/thumb/v7e-m+fp/hard\libc_nano.a(libc_a-closer.o)
[...]
Memory Configuration

Name             Origin             Length             Attributes
RAM              0x20000000         0x00020000         xrw
FLASH            0x08000000         0x00080000         xr
*default*        0x00000000         0xffffffff

Linker script and memory map

LOAD C:/ST/STM32CubeIDE_1.16.1/STM32CubeIDE/plugins/com.st.stm32cube.ide.mcu.externaltools.gnu-tools-for-stm32.13.3.rel1.win32_1.0.0.202411081344/tools/bin/../lib/gcc/arm-none-eabi/13.3.1/thumb/v7e-m+fp/hard/crti.o
LOAD C:/ST/STM32CubeIDE_1.16.1/STM32CubeIDE/plugins/com.st.stm32cube.ide.mcu.externaltools.gnu-tools-for-stm32.13.3.rel1.win32_1.0.0.202411081344/tools/bin/../lib/gcc/arm-none-eabi/13.3.1/thumb/v7e-m+fp/hard/crtbegin.o
LOAD C:/ST/STM32CubeIDE_1.16.1/STM32CubeIDE/plugins/com.st.stm32cube.ide.mcu.externaltools.gnu-tools-for-stm32.13.3.rel1.win32_1.0.0.202411081344/tools/bin/../lib/gcc/arm-none-eabi/13.3.1/../../../../arm-none-eabi/lib/thumb/v7e-m+fp/hard/crt0.o
LOAD ./Src/gpio.o
LOAD ./Src/interrupt.o
LOAD ./Src/main.o
LOAD ./Src/syscalls.o
LOAD ./Src/sysmem.o
LOAD ./Src/timer.o
LOAD ./Src/usart.o
LOAD ./Src/util.o
LOAD ./Startup/startup_stm32f446retx.o
LOAD ./ThirdParty/FreeRTOS/Source/croutine.o
LOAD ./ThirdParty/FreeRTOS/Source/event_groups.o
LOAD ./ThirdParty/FreeRTOS/Source/list.o
LOAD ./ThirdParty/FreeRTOS/Source/queue.o
LOAD ./ThirdParty/FreeRTOS/Source/stream_buffer.o
LOAD ./ThirdParty/FreeRTOS/Source/tasks.o
LOAD ./ThirdParty/FreeRTOS/Source/timers.o
LOAD ./ThirdParty/FreeRTOS/Source/portable/GCC/ARM_CM4F/port.o
LOAD ./ThirdParty/FreeRTOS/Source/portable/MemMang/heap_4.o
LOAD ./ThirdParty/tracealyzer/Src/trcKernelPort.o
LOAD ./ThirdParty/tracealyzer/Src/trcSnapshotRecorder.o
LOAD ./ThirdParty/tracealyzer/Src/trcStreamingRecorder.o
START GROUP
LOAD C:/ST/STM32CubeIDE_1.16.1/STM32CubeIDE/plugins/com.st.stm32cube.ide.mcu.externaltools.gnu-tools-for-stm32.13.3.rel1.win32_1.0.0.202411081344/tools/bin/../lib/gcc/arm-none-eabi/13.3.1/../../../../arm-none-eabi/lib/thumb/v7e-m+fp/hard\libc_nano.a
LOAD C:/ST/STM32CubeIDE_1.16.1/STM32CubeIDE/plugins/com.st.stm32cube.ide.mcu.externaltools.gnu-tools-for-stm32.13.3.rel1.win32_1.0.0.202411081344/tools/bin/../lib/gcc/arm-none-eabi/13.3.1/../../../../arm-none-eabi/lib/thumb/v7e-m+fp/hard\libm.a
END GROUP
START GROUP
LOAD C:/ST/STM32CubeIDE_1.16.1/STM32CubeIDE/plugins/com.st.stm32cube.ide.mcu.externaltools.gnu-tools-for-stm32.13.3.rel1.win32_1.0.0.202411081344/tools/bin/../lib/gcc/arm-none-eabi/13.3.1/thumb/v7e-m+fp/hard\libgcc.a
LOAD C:/ST/STM32CubeIDE_1.16.1/STM32CubeIDE/plugins/com.st.stm32cube.ide.mcu.externaltools.gnu-tools-for-stm32.13.3.rel1.win32_1.0.0.202411081344/tools/bin/../lib/gcc/arm-none-eabi/13.3.1/../../../../arm-none-eabi/lib/thumb/v7e-m+fp/hard\libc_nano.a
END GROUP
START GROUP
LOAD C:/ST/STM32CubeIDE_1.16.1/STM32CubeIDE/plugins/com.st.stm32cube.ide.mcu.externaltools.gnu-tools-for-stm32.13.3.rel1.win32_1.0.0.202411081344/tools/bin/../lib/gcc/arm-none-eabi/13.3.1/thumb/v7e-m+fp/hard\libgcc.a
LOAD C:/ST/STM32CubeIDE_1.16.1/STM32CubeIDE/plugins/com.st.stm32cube.ide.mcu.externaltools.gnu-tools-for-stm32.13.3.rel1.win32_1.0.0.202411081344/tools/bin/../lib/gcc/arm-none-eabi/13.3.1/../../../../arm-none-eabi/lib/thumb/v7e-m+fp/hard\libc_nano.a
LOAD C:/ST/STM32CubeIDE_1.16.1/STM32CubeIDE/plugins/com.st.stm32cube.ide.mcu.externaltools.gnu-tools-for-stm32.13.3.rel1.win32_1.0.0.202411081344/tools/bin/../lib/gcc/arm-none-eabi/13.3.1/../../../../arm-none-eabi/lib/thumb/v7e-m+fp/hard\libnosys.a
END GROUP
START GROUP
LOAD C:/ST/STM32CubeIDE_1.16.1/STM32CubeIDE/plugins/com.st.stm32cube.ide.mcu.externaltools.gnu-tools-for-stm32.13.3.rel1.win32_1.0.0.202411081344/tools/bin/../lib/gcc/arm-none-eabi/13.3.1/thumb/v7e-m+fp/hard\libgcc.a
LOAD C:/ST/STM32CubeIDE_1.16.1/STM32CubeIDE/plugins/com.st.stm32cube.ide.mcu.externaltools.gnu-tools-for-stm32.13.3.rel1.win32_1.0.0.202411081344/tools/bin/../lib/gcc/arm-none-eabi/13.3.1/../../../../arm-none-eabi/lib/thumb/v7e-m+fp/hard\libc_nano.a
LOAD C:/ST/STM32CubeIDE_1.16.1/STM32CubeIDE/plugins/com.st.stm32cube.ide.mcu.externaltools.gnu-tools-for-stm32.13.3.rel1.win32_1.0.0.202411081344/tools/bin/../lib/gcc/arm-none-eabi/13.3.1/../../../../arm-none-eabi/lib/thumb/v7e-m+fp/hard\libnosys.a
END GROUP
LOAD C:/ST/STM32CubeIDE_1.16.1/STM32CubeIDE/plugins/com.st.stm32cube.ide.mcu.externaltools.gnu-tools-for-stm32.13.3.rel1.win32_1.0.0.202411081344/tools/bin/../lib/gcc/arm-none-eabi/13.3.1/thumb/v7e-m+fp/hard/crtend.o
LOAD C:/ST/STM32CubeIDE_1.16.1/STM32CubeIDE/plugins/com.st.stm32cube.ide.mcu.externaltools.gnu-tools-for-stm32.13.3.rel1.win32_1.0.0.202411081344/tools/bin/../lib/gcc/arm-none-eabi/13.3.1/thumb/v7e-m+fp/hard/crtn.o
                0x20020000                        _estack = (ORIGIN (RAM) + LENGTH (RAM))
                0x00000200                        _Min_Heap_Size = 0x200
                0x00000400                        _Min_Stack_Size = 0x400

.isr_vector     0x08000000      0x1c4
                0x08000000                        . = ALIGN (0x4)
 *(.isr_vector)
 .isr_vector    0x08000000      0x1c4 ./Startup/startup_stm32f446retx.o
                0x08000000                g_pfnVectors
                0x080001c4                        . = ALIGN (0x4)

.text           0x080001d0     0x3bc4
                0x080001d0                        . = ALIGN (0x4)
 *(.text)
 .text          0x080001d0       0x40 C:/ST/STM32CubeIDE_1.16.1/STM32CubeIDE/plugins/com.st.stm32cube.ide.mcu.externaltools.gnu-tools-for-stm32.13.3.rel1.win32_1.0.0.202411081344/tools/bin/../lib/gcc/arm-none-eabi/13.3.1/thumb/v7e-m+fp/hard/crtbegin.o
 *(.text*)
 .text.GPIO_Init
                0x08000210       0x3c ./Src/gpio.o
                0x08000210                GPIO_Init
 .text.TIM2_IRQHandler
                0x0800024c       0x28 ./Src/interrupt.o
                0x0800024c                TIM2_IRQHandler
 .text.Task1_Handler
                0x08000274       0x24 ./Src/main.o
                0x08000274                Task1_Handler
 .text.Task2_Handler
                0x08000298       0x20 ./Src/main.o
                0x08000298                Task2_Handler
 .text.main     0x080002b8       0x68 ./Src/main.o
                0x080002b8                main
 .text._read    0x08000320       0x3a ./Src/syscalls.o
                0x08000320                _read
 .text._write   0x0800035a       0x38 ./Src/syscalls.o
                0x0800035a                _write
 .text._close   0x08000392       0x18 ./Src/syscalls.o
                0x08000392                _close
 .text._fstat   0x080003aa       0x20 ./Src/syscalls.o
                0x080003aa                _fstat
 .text._isatty  0x080003ca       0x16 ./Src/syscalls.o
                0x080003ca                _isatty
 .text._lseek   0x080003e0       0x1a ./Src/syscalls.o
                0x080003e0                _lseek
 *fill*         0x080003fa        0x2 
 .text._sbrk    0x080003fc       0x6c ./Src/sysmem.o
                0x080003fc                _sbrk
 .text.__NVIC_EnableIRQ
                0x08000468       0x3c ./Src/timer.o
 .text.__NVIC_SetPriority
                0x080004a4       0x54 ./Src/timer.o
 .text.TIM2TICK_Init
                0x080004f8       0x6c ./Src/timer.o
                0x080004f8                TIM2TICK_Init
 .text.USART2_Init
                0x08000564       0x80 ./Src/usart.o
                0x08000564                USART2_Init
 .text.USART2_TransmitChar
                0x080005e4       0x30 ./Src/usart.o
                0x080005e4                USART2_TransmitChar
 .text.USART2_ReceiveChar
                0x08000614       0x28 ./Src/usart.o
                0x08000614                USART2_ReceiveChar
 .text.__io_putchar
                0x0800063c       0x1c ./Src/util.o
                0x0800063c                __io_putchar
 .text.__io_getchar
                0x08000658        0xe ./Src/util.o
                0x08000658                __io_getchar
 *fill*         0x08000666        0x2 
 .text.FPU_Init
                0x08000668       0x24 ./Src/util.o
                0x08000668                FPU_Init
 .text.Reset_Handler
                0x0800068c       0x50 ./Startup/startup_stm32f446retx.o
                0x0800068c                Reset_Handler
 .text.Default_Handler
                0x080006dc        0x2 ./Startup/startup_stm32f446retx.o
                0x080006dc                RTC_Alarm_IRQHandler
                0x080006dc                EXTI2_IRQHandler
                0x080006dc                TIM8_CC_IRQHandler
                0x080006dc                SPDIF_Rx_IRQHandler
                0x080006dc                DebugMon_Handler
                0x080006dc                SPI4_IRQHandler
                0x080006dc                TIM1_CC_IRQHandler
                0x080006dc                QuadSPI_IRQHandler
                0x080006dc                DMA2_Stream5_IRQHandler
                0x080006dc                HardFault_Handler
                0x080006dc                DMA1_Stream5_IRQHandler
                0x080006dc                PVD_IRQHandler
                0x080006dc                SDIO_IRQHandler
                0x080006dc                TAMP_STAMP_IRQHandler
                0x080006dc                NMI_Handler
                0x080006dc                CAN2_RX1_IRQHandler
                0x080006dc                EXTI3_IRQHandler
                0x080006dc                TIM8_TRG_COM_TIM14_IRQHandler
                0x080006dc                TIM1_UP_TIM10_IRQHandler
                0x080006dc                FMPI2C1_error_IRQHandler
                0x080006dc                TIM8_UP_TIM13_IRQHandler
                0x080006dc                I2C3_ER_IRQHandler
                0x080006dc                EXTI0_IRQHandler
                0x080006dc                I2C2_EV_IRQHandler
                0x080006dc                DMA1_Stream2_IRQHandler
                0x080006dc                CAN1_RX0_IRQHandler
                0x080006dc                OTG_HS_WKUP_IRQHandler
                0x080006dc                UsageFault_Handler
                0x080006dc                CAN2_SCE_IRQHandler
                0x080006dc                DMA2_Stream2_IRQHandler
                0x080006dc                SPI1_IRQHandler
                0x080006dc                TIM6_DAC_IRQHandler
                0x080006dc                TIM1_BRK_TIM9_IRQHandler
                0x080006dc                DCMI_IRQHandler
                0x080006dc                CAN2_RX0_IRQHandler
                0x080006dc                DMA2_Stream3_IRQHandler
                0x080006dc                FMPI2C1_IRQHandler
                0x080006dc                SAI2_IRQHandler
                0x080006dc                USART6_IRQHandler
                0x080006dc                USART3_IRQHandler
                0x080006dc                CAN1_RX1_IRQHandler
                0x080006dc                UART5_IRQHandler
                0x080006dc                DMA2_Stream0_IRQHandler
                0x080006dc                TIM4_IRQHandler
                0x080006dc                I2C1_EV_IRQHandler
                0x080006dc                HDMI_CEC_IRQHandler
                0x080006dc                DMA1_Stream6_IRQHandler
                0x080006dc                DMA1_Stream1_IRQHandler
                0x080006dc                UART4_IRQHandler
                0x080006dc                TIM3_IRQHandler
                0x080006dc                RCC_IRQHandler
                0x080006dc                TIM8_BRK_TIM12_IRQHandler
                0x080006dc                Default_Handler
                0x080006dc                EXTI15_10_IRQHandler
                0x080006dc                ADC_IRQHandler
                0x080006dc                DMA1_Stream7_IRQHandler
                0x080006dc                TIM7_IRQHandler
                0x080006dc                CAN2_TX_IRQHandler
                0x080006dc                TIM5_IRQHandler
                0x080006dc                DMA2_Stream7_IRQHandler
                0x080006dc                I2C3_EV_IRQHandler
                0x080006dc                EXTI9_5_IRQHandler
                0x080006dc                RTC_WKUP_IRQHandler
                0x080006dc                SPI2_IRQHandler
                0x080006dc                OTG_HS_EP1_IN_IRQHandler
                0x080006dc                MemManage_Handler
                0x080006dc                DMA1_Stream0_IRQHandler
                0x080006dc                CAN1_TX_IRQHandler
                0x080006dc                EXTI4_IRQHandler
                0x080006dc                OTG_HS_EP1_OUT_IRQHandler
                0x080006dc                WWDG_IRQHandler
                0x080006dc                OTG_FS_WKUP_IRQHandler
                0x080006dc                TIM1_TRG_COM_TIM11_IRQHandler
                0x080006dc                OTG_HS_IRQHandler
                0x080006dc                EXTI1_IRQHandler
                0x080006dc                USART2_IRQHandler
                0x080006dc                I2C2_ER_IRQHandler
                0x080006dc                DMA2_Stream1_IRQHandler
                0x080006dc                CAN1_SCE_IRQHandler
                0x080006dc                FLASH_IRQHandler
                0x080006dc                DMA2_Stream4_IRQHandler
                0x080006dc                BusFault_Handler
                0x080006dc                USART1_IRQHandler
                0x080006dc                OTG_FS_IRQHandler
                0x080006dc                SPI3_IRQHandler
                0x080006dc                DMA1_Stream4_IRQHandler
                0x080006dc                I2C1_ER_IRQHandler
                0x080006dc                FMC_IRQHandler
                0x080006dc                DMA2_Stream6_IRQHandler
                0x080006dc                SAI1_IRQHandler
                0x080006dc                DMA1_Stream3_IRQHandler
 .text.vListInitialise
                0x080006de       0x40 ./ThirdParty/FreeRTOS/Source/list.o
                0x080006de                vListInitialise
 .text.vListInitialiseItem
                0x0800071e       0x1a ./ThirdParty/FreeRTOS/Source/list.o
                0x0800071e                vListInitialiseItem
 .text.vListInsert
                0x08000738       0x72 ./ThirdParty/FreeRTOS/Source/list.o
                0x08000738                vListInsert
 .text.uxListRemove
                0x080007aa       0x54 ./ThirdParty/FreeRTOS/Source/list.o
                0x080007aa                uxListRemove
 .text.xTaskCreate
                0x080007fe       0x8c ./ThirdParty/FreeRTOS/Source/tasks.o
                0x080007fe                xTaskCreate
 *fill*         0x0800088a        0x2 
 .text.prvInitialiseNewTask
                0x0800088c      0x14c ./ThirdParty/FreeRTOS/Source/tasks.o
 .text.prvAddNewTaskToReadyList
                0x080009d8      0x220 ./ThirdParty/FreeRTOS/Source/tasks.o
 .text.vTaskDelay
                0x08000bf8       0xdc ./ThirdParty/FreeRTOS/Source/tasks.o
                0x08000bf8                vTaskDelay
 .text.vTaskStartScheduler
                0x08000cd4       0xf0 ./ThirdParty/FreeRTOS/Source/tasks.o
                0x08000cd4                vTaskStartScheduler
 .text.vTaskSuspendAll
                0x08000dc4       0x1c ./ThirdParty/FreeRTOS/Source/tasks.o
                0x08000dc4                vTaskSuspendAll
 .text.xTaskResumeAll
                0x08000de0      0x224 ./ThirdParty/FreeRTOS/Source/tasks.o
                0x08000de0                xTaskResumeAll
 .text.xTaskIncrementTick
                0x08001004      0x298 ./ThirdParty/FreeRTOS/Source/tasks.o
                0x08001004                xTaskIncrementTick
 .text.vTaskSwitchContext
                0x0800129c      0x108 ./ThirdParty/FreeRTOS/Source/tasks.o
                0x0800129c                vTaskSwitchContext
 .text.uxTaskGetTaskNumber
                0x080013a4       0x2c ./ThirdParty/FreeRTOS/Source/tasks.o
                0x080013a4                uxTaskGetTaskNumber
 .text.vTaskSetTaskNumber
                0x080013d0       0x26 ./ThirdParty/FreeRTOS/Source/tasks.o
                0x080013d0                vTaskSetTaskNumber
 *fill*         0x080013f6        0x2 
 .text.prvIdleTask
                0x080013f8       0x30 ./ThirdParty/FreeRTOS/Source/tasks.o
 .text.prvInitialiseTaskLists
                0x08001428       0x80 ./ThirdParty/FreeRTOS/Source/tasks.o
 .text.prvCheckTasksWaitingTermination
                0x080014a8       0x5c ./ThirdParty/FreeRTOS/Source/tasks.o
 .text.prvDeleteTCB
                0x08001504       0x30 ./ThirdParty/FreeRTOS/Source/tasks.o
 .text.prvResetNextTaskUnblockTime
                0x08001534       0x38 ./ThirdParty/FreeRTOS/Source/tasks.o
 .text.xTaskGetCurrentTaskHandle
                0x0800156c       0x20 ./ThirdParty/FreeRTOS/Source/tasks.o
                0x0800156c                xTaskGetCurrentTaskHandle
 .text.prvAddCurrentTaskToDelayedList
                0x0800158c      0x100 ./ThirdParty/FreeRTOS/Source/tasks.o
 .text.pxPortInitialiseStack
                0x0800168c       0x68 ./ThirdParty/FreeRTOS/Source/portable/GCC/ARM_CM4F/port.o
                0x0800168c                pxPortInitialiseStack
 .text.prvTaskExitError
                0x080016f4       0x5c ./ThirdParty/FreeRTOS/Source/portable/GCC/ARM_CM4F/port.o
 .text.SVC_Handler
                0x08001750       0x28 ./ThirdParty/FreeRTOS/Source/portable/GCC/ARM_CM4F/port.o
                0x08001750                SVC_Handler
 .text.prvPortStartFirstTask
                0x08001778       0x2c ./ThirdParty/FreeRTOS/Source/portable/GCC/ARM_CM4F/port.o
 .text.xPortStartScheduler
                0x080017a4      0x16c ./ThirdParty/FreeRTOS/Source/portable/GCC/ARM_CM4F/port.o
                0x080017a4                xPortStartScheduler
 .text.vPortEnterCritical
                0x08001910       0x64 ./ThirdParty/FreeRTOS/Source/portable/GCC/ARM_CM4F/port.o
                0x08001910                vPortEnterCritical
 .text.vPortExitCritical
                0x08001974       0x54 ./ThirdParty/FreeRTOS/Source/portable/GCC/ARM_CM4F/port.o
                0x08001974                vPortExitCritical
 *fill*         0x080019c8        0x8 
 .text.PendSV_Handler
                0x080019d0       0x68 ./ThirdParty/FreeRTOS/Source/portable/GCC/ARM_CM4F/port.o
                0x080019d0                PendSV_Handler
 .text.SysTick_Handler
                0x08001a38       0x44 ./ThirdParty/FreeRTOS/Source/portable/GCC/ARM_CM4F/port.o
                0x08001a38                SysTick_Handler
 .text.vPortSetupTimerInterrupt
                0x08001a7c       0x48 ./ThirdParty/FreeRTOS/Source/portable/GCC/ARM_CM4F/port.o
                0x08001a7c                vPortSetupTimerInterrupt
 .text.vPortEnableVFP
                0x08001ac4       0x18 ./ThirdParty/FreeRTOS/Source/portable/GCC/ARM_CM4F/port.o
 .text.pvPortMalloc
                0x08001adc      0x198 ./ThirdParty/FreeRTOS/Source/portable/MemMang/heap_4.o
                0x08001adc                pvPortMalloc
 .text.vPortFree
                0x08001c74       0xc4 ./ThirdParty/FreeRTOS/Source/portable/MemMang/heap_4.o
                0x08001c74                vPortFree
 .text.prvHeapInit
                0x08001d38       0xb8 ./ThirdParty/FreeRTOS/Source/portable/MemMang/heap_4.o
 .text.prvInsertBlockIntoFreeList
                0x08001df0       0xb4 ./ThirdParty/FreeRTOS/Source/portable/MemMang/heap_4.o
 .text.prvTraceGetTaskNumberLow16
                0x08001ea4       0x1a ./ThirdParty/tracealyzer/Src/trcKernelPort.o
                0x08001ea4                prvTraceGetTaskNumberLow16
 .text.prvTraceGetTaskNumberHigh16
                0x08001ebe       0x1c ./ThirdParty/tracealyzer/Src/trcKernelPort.o
                0x08001ebe                prvTraceGetTaskNumberHigh16
 .text.prvTraceSetTaskNumberLow16
                0x08001eda       0x2c ./ThirdParty/tracealyzer/Src/trcKernelPort.o
                0x08001eda                prvTraceSetTaskNumberLow16
 .text.prvTraceSetTaskNumberHigh16
                0x08001f06       0x2c ./ThirdParty/tracealyzer/Src/trcKernelPort.o
                0x08001f06                prvTraceSetTaskNumberHigh16
 .text.prvTraceGetCurrentTaskHandle
                0x08001f32        0xe ./ThirdParty/tracealyzer/Src/trcKernelPort.o
                0x08001f32                prvTraceGetCurrentTaskHandle
 .text.xTraceKernelPortInitialize
                0x08001f40       0x16 ./ThirdParty/tracealyzer/Src/trcKernelPort.o
                0x08001f40                xTraceKernelPortInitialize
 .text.xTraceKernelPortEnable
                0x08001f56       0x10 ./ThirdParty/tracealyzer/Src/trcKernelPort.o
                0x08001f56                xTraceKernelPortEnable
 *fill*         0x08001f66        0x2 
 .text.xTraceKernelPortInitObjectPropertyTable
                0x08001f68      0x19c ./ThirdParty/tracealyzer/Src/trcKernelPort.o
                0x08001f68                xTraceKernelPortInitObjectPropertyTable
 .text.xTraceKernelPortInitObjectHandleStack
                0x08002104      0x110 ./ThirdParty/tracealyzer/Src/trcKernelPort.o
                0x08002104                xTraceKernelPortInitObjectHandleStack
 .text.pszTraceGetErrorNotEnoughHandles
                0x08002214       0x98 ./ThirdParty/tracealyzer/Src/trcKernelPort.o
                0x08002214                pszTraceGetErrorNotEnoughHandles
 .text.xTraceEnable
                0x080022ac       0x68 ./ThirdParty/tracealyzer/Src/trcSnapshotRecorder.o
                0x080022ac                xTraceEnable
 .text.xTraceDisable
                0x08002314        0xe ./ThirdParty/tracealyzer/Src/trcSnapshotRecorder.o
                0x08002314                xTraceDisable
 *fill*         0x08002322        0x2 
 .text.prvTraceStart
                0x08002324       0xc0 ./ThirdParty/tracealyzer/Src/trcSnapshotRecorder.o
 .text.prvTraceStop
                0x080023e4       0x30 ./ThirdParty/tracealyzer/Src/trcSnapshotRecorder.o
 .text.prvTraceInitTimestamps
                0x08002414       0x20 ./ThirdParty/tracealyzer/Src/trcSnapshotRecorder.o
 .text.xTraceInitialize
                0x08002434      0x258 ./ThirdParty/tracealyzer/Src/trcSnapshotRecorder.o
                0x08002434                xTraceInitialize
 .text.prvTraceStoreTaskReady
                0x0800268c       0xb8 ./ThirdParty/tracealyzer/Src/trcSnapshotRecorder.o
                0x0800268c                prvTraceStoreTaskReady
 .text.vTraceStoreMemMangEvent
                0x08002744      0x130 ./ThirdParty/tracealyzer/Src/trcSnapshotRecorder.o
                0x08002744                vTraceStoreMemMangEvent
 .text.prvTraceStoreKernelCall
                0x08002874       0xb8 ./ThirdParty/tracealyzer/Src/trcSnapshotRecorder.o
                0x08002874                prvTraceStoreKernelCall
 .text.prvTraceGetParam
                0x0800292c       0x5a ./ThirdParty/tracealyzer/Src/trcSnapshotRecorder.o
 *fill*         0x08002986        0x2 
 .text.prvTraceStoreKernelCallWithNumericParamOnly
                0x08002988       0xb8 ./ThirdParty/tracealyzer/Src/trcSnapshotRecorder.o
                0x08002988                prvTraceStoreKernelCallWithNumericParamOnly
 .text.prvTraceStoreTaskswitch
                0x08002a40       0xd4 ./ThirdParty/tracealyzer/Src/trcSnapshotRecorder.o
                0x08002a40                prvTraceStoreTaskswitch
 .text.prvTraceSetPriorityProperty
                0x08002b14       0x4c ./ThirdParty/tracealyzer/Src/trcSnapshotRecorder.o
                0x08002b14                prvTraceSetPriorityProperty
 .text.prvTraceSetObjectState
                0x08002b60       0x48 ./ThirdParty/tracealyzer/Src/trcSnapshotRecorder.o
                0x08002b60                prvTraceSetObjectState
 .text.prvTraceGetObjectState
                0x08002ba8       0x44 ./ThirdParty/tracealyzer/Src/trcSnapshotRecorder.o
 .text.prvTraceSetTaskInstanceFinished
                0x08002bec       0x3c ./ThirdParty/tracealyzer/Src/trcSnapshotRecorder.o
                0x08002bec                prvTraceSetTaskInstanceFinished
 .text.prvTraceNextFreeEventBufferSlot
                0x08002c28       0x48 ./ThirdParty/tracealyzer/Src/trcSnapshotRecorder.o
 .text.uiIndexOfObject
                0x08002c70       0x78 ./ThirdParty/tracealyzer/Src/trcSnapshotRecorder.o
                0x08002c70                uiIndexOfObject
 .text.prvTraceGetObjectHandle
                0x08002ce8      0x130 ./ThirdParty/tracealyzer/Src/trcSnapshotRecorder.o
                0x08002ce8                prvTraceGetObjectHandle
 .text.prvStrncpy
                0x08002e18       0x4c ./ThirdParty/tracealyzer/Src/trcSnapshotRecorder.o
 .text.prvTraceSetObjectName
                0x08002e64       0xb4 ./ThirdParty/tracealyzer/Src/trcSnapshotRecorder.o
                0x08002e64                prvTraceSetObjectName
 .text.prvTraceError
                0x08002f18       0x58 ./ThirdParty/tracealyzer/Src/trcSnapshotRecorder.o
                0x08002f18                prvTraceError
 .text.prvCheckDataToBeOverwrittenForMultiEntryEvents
                0x08002f70      0x110 ./ThirdParty/tracealyzer/Src/trcSnapshotRecorder.o
 .text.prvTraceUpdateCounters
                0x08003080       0x50 ./ThirdParty/tracealyzer/Src/trcSnapshotRecorder.o
 .text.prvTraceGetDTS
                0x080030d0      0x194 ./ThirdParty/tracealyzer/Src/trcSnapshotRecorder.o
 .text.xTraceHardwarePortInitCortexM
                0x08003264       0x70 ./ThirdParty/tracealyzer/Src/trcSnapshotRecorder.o
                0x08003264                xTraceHardwarePortInitCortexM
 .text.prvTracePortGetTimeStamp
                0x080032d4       0x94 ./ThirdParty/tracealyzer/Src/trcSnapshotRecorder.o
                0x080032d4                prvTracePortGetTimeStamp
 .text.std      0x08003368       0x6c C:/ST/STM32CubeIDE_1.16.1/STM32CubeIDE/plugins/com.st.stm32cube.ide.mcu.externaltools.gnu-tools-for-stm32.13.3.rel1.win32_1.0.0.202411081344/tools/bin/../lib/gcc/arm-none-eabi/13.3.1/../../../../arm-none-eabi/lib/thumb/v7e-m+fp/hard\libc_nano.a(libc_a-findfp.o)
 .text.stdio_exit_handler
                0x080033d4       0x18 C:/ST/STM32CubeIDE_1.16.1/STM32CubeIDE/plugins/com.st.stm32cube.ide.mcu.externaltools.gnu-tools-for-stm32.13.3.rel1.win32_1.0.0.202411081344/tools/bin/../lib/gcc/arm-none-eabi/13.3.1/../../../../arm-none-eabi/lib/thumb/v7e-m+fp/hard\libc_nano.a(libc_a-findfp.o)
 .text.cleanup_stdio
                0x080033ec       0x40 C:/ST/STM32CubeIDE_1.16.1/STM32CubeIDE/plugins/com.st.stm32cube.ide.mcu.externaltools.gnu-tools-for-stm32.13.3.rel1.win32_1.0.0.202411081344/tools/bin/../lib/gcc/arm-none-eabi/13.3.1/../../../../arm-none-eabi/lib/thumb/v7e-m+fp/hard\libc_nano.a(libc_a-findfp.o)
 .text.global_stdio_init.part.0
                0x0800342c       0x3c C:/ST/STM32CubeIDE_1.16.1/STM32CubeIDE/plugins/com.st.stm32cube.ide.mcu.externaltools.gnu-tools-for-stm32.13.3.rel1.win32_1.0.0.202411081344/tools/bin/../lib/gcc/arm-none-eabi/13.3.1/../../../../arm-none-eabi/lib/thumb/v7e-m+fp/hard\libc_nano.a(libc_a-findfp.o)
 .text.__sfp_lock_acquire
                0x08003468        0xc C:/ST/STM32CubeIDE_1.16.1/STM32CubeIDE/plugins/com.st.stm32cube.ide.mcu.externaltools.gnu-tools-for-stm32.13.3.rel1.win32_1.0.0.202411081344/tools/bin/../lib/gcc/arm-none-eabi/13.3.1/../../../../arm-none-eabi/lib/thumb/v7e-m+fp/hard\libc_nano.a(libc_a-findfp.o)
                0x08003468                __sfp_lock_acquire
 .text.__sfp_lock_release
                0x08003474        0xc C:/ST/STM32CubeIDE_1.16.1/STM32CubeIDE/plugins/com.st.stm32cube.ide.mcu.externaltools.gnu-tools-for-stm32.13.3.rel1.win32_1.0.0.202411081344/tools/bin/../lib/gcc/arm-none-eabi/13.3.1/../../../../arm-none-eabi/lib/thumb/v7e-m+fp/hard\libc_nano.a(libc_a-findfp.o)
                0x08003474                __sfp_lock_release
 .text.__sinit  0x08003480       0x30 C:/ST/STM32CubeIDE_1.16.1/STM32CubeIDE/plugins/com.st.stm32cube.ide.mcu.externaltools.gnu-tools-for-stm32.13.3.rel1.win32_1.0.0.202411081344/tools/bin/../lib/gcc/arm-none-eabi/13.3.1/../../../../arm-none-eabi/lib/thumb/v7e-m+fp/hard\libc_nano.a(libc_a-findfp.o)
                0x08003480                __sinit
 .text._fwalk_sglue
                0x080034b0       0x3c C:/ST/STM32CubeIDE_1.16.1/STM32CubeIDE/plugins/com.st.stm32cube.ide.mcu.externaltools.gnu-tools-for-stm32.13.3.rel1.win32_1.0.0.202411081344/tools/bin/../lib/gcc/arm-none-eabi/13.3.1/../../../../arm-none-eabi/lib/thumb/v7e-m+fp/hard\libc_nano.a(libc_a-fwalk.o)
                0x080034b0                _fwalk_sglue
 .text._puts_r  0x080034ec       0xaa C:/ST/STM32CubeIDE_1.16.1/STM32CubeIDE/plugins/com.st.stm32cube.ide.mcu.externaltools.gnu-tools-for-stm32.13.3.rel1.win32_1.0.0.202411081344/tools/bin/../lib/gcc/arm-none-eabi/13.3.1/../../../../arm-none-eabi/lib/thumb/v7e-m+fp/hard\libc_nano.a(libc_a-puts.o)
                0x080034ec                _puts_r
 *fill*         0x08003596        0x2 
 .text.puts     0x08003598       0x10 C:/ST/STM32CubeIDE_1.16.1/STM32CubeIDE/plugins/com.st.stm32cube.ide.mcu.externaltools.gnu-tools-for-stm32.13.3.rel1.win32_1.0.0.202411081344/tools/bin/../lib/gcc/arm-none-eabi/13.3.1/../../../../arm-none-eabi/lib/thumb/v7e-m+fp/hard\libc_nano.a(libc_a-puts.o)
                0x08003598                puts
 .text.__sread  0x080035a8       0x22 C:/ST/STM32CubeIDE_1.16.1/STM32CubeIDE/plugins/com.st.stm32cube.ide.mcu.externaltools.gnu-tools-for-stm32.13.3.rel1.win32_1.0.0.202411081344/tools/bin/../lib/gcc/arm-none-eabi/13.3.1/../../../../arm-none-eabi/lib/thumb/v7e-m+fp/hard\libc_nano.a(libc_a-stdio.o)
                0x080035a8                __sread
 .text.__swrite
                0x080035ca       0x38 C:/ST/STM32CubeIDE_1.16.1/STM32CubeIDE/plugins/com.st.stm32cube.ide.mcu.externaltools.gnu-tools-for-stm32.13.3.rel1.win32_1.0.0.202411081344/tools/bin/../lib/gcc/arm-none-eabi/13.3.1/../../../../arm-none-eabi/lib/thumb/v7e-m+fp/hard\libc_nano.a(libc_a-stdio.o)
                0x080035ca                __swrite
 .text.__sseek  0x08003602       0x24 C:/ST/STM32CubeIDE_1.16.1/STM32CubeIDE/plugins/com.st.stm32cube.ide.mcu.externaltools.gnu-tools-for-stm32.13.3.rel1.win32_1.0.0.202411081344/tools/bin/../lib/gcc/arm-none-eabi/13.3.1/../../../../arm-none-eabi/lib/thumb/v7e-m+fp/hard\libc_nano.a(libc_a-stdio.o)
                0x08003602                __sseek
 .text.__sclose
                0x08003626        0x8 C:/ST/STM32CubeIDE_1.16.1/STM32CubeIDE/plugins/com.st.stm32cube.ide.mcu.externaltools.gnu-tools-for-stm32.13.3.rel1.win32_1.0.0.202411081344/tools/bin/../lib/gcc/arm-none-eabi/13.3.1/../../../../arm-none-eabi/lib/thumb/v7e-m+fp/hard\libc_nano.a(libc_a-stdio.o)
                0x08003626                __sclose
 .text.__swbuf_r
                0x0800362e       0x7c C:/ST/STM32CubeIDE_1.16.1/STM32CubeIDE/plugins/com.st.stm32cube.ide.mcu.externaltools.gnu-tools-for-stm32.13.3.rel1.win32_1.0.0.202411081344/tools/bin/../lib/gcc/arm-none-eabi/13.3.1/../../../../arm-none-eabi/lib/thumb/v7e-m+fp/hard\libc_nano.a(libc_a-wbuf.o)
                0x0800362e                __swbuf_r
 *fill*         0x080036aa        0x2 
 .text.__swsetup_r
                0x080036ac       0xac C:/ST/STM32CubeIDE_1.16.1/STM32CubeIDE/plugins/com.st.stm32cube.ide.mcu.externaltools.gnu-tools-for-stm32.13.3.rel1.win32_1.0.0.202411081344/tools/bin/../lib/gcc/arm-none-eabi/13.3.1/../../../../arm-none-eabi/lib/thumb/v7e-m+fp/hard\libc_nano.a(libc_a-wsetup.o)
                0x080036ac                __swsetup_r
 .text.memset   0x08003758       0x10 C:/ST/STM32CubeIDE_1.16.1/STM32CubeIDE/plugins/com.st.stm32cube.ide.mcu.externaltools.gnu-tools-for-stm32.13.3.rel1.win32_1.0.0.202411081344/tools/bin/../lib/gcc/arm-none-eabi/13.3.1/../../../../arm-none-eabi/lib/thumb/v7e-m+fp/hard\libc_nano.a(libc_a-memset.o)
                0x08003758                memset
 .text._close_r
                0x08003768       0x20 C:/ST/STM32CubeIDE_1.16.1/STM32CubeIDE/plugins/com.st.stm32cube.ide.mcu.externaltools.gnu-tools-for-stm32.13.3.rel1.win32_1.0.0.202411081344/tools/bin/../lib/gcc/arm-none-eabi/13.3.1/../../../../arm-none-eabi/lib/thumb/v7e-m+fp/hard\libc_nano.a(libc_a-closer.o)
                0x08003768                _close_r
 .text._reclaim_reent
                0x08003788       0xbc C:/ST/STM32CubeIDE_1.16.1/STM32CubeIDE/plugins/com.st.stm32cube.ide.mcu.externaltools.gnu-tools-for-stm32.13.3.rel1.win32_1.0.0.202411081344/tools/bin/../lib/gcc/arm-none-eabi/13.3.1/../../../../arm-none-eabi/lib/thumb/v7e-m+fp/hard\libc_nano.a(libc_a-reent.o)
                0x08003788                _reclaim_reent
 .text._lseek_r
                0x08003844       0x24 C:/ST/STM32CubeIDE_1.16.1/STM32CubeIDE/plugins/com.st.stm32cube.ide.mcu.externaltools.gnu-tools-for-stm32.13.3.rel1.win32_1.0.0.202411081344/tools/bin/../lib/gcc/arm-none-eabi/13.3.1/../../../../arm-none-eabi/lib/thumb/v7e-m+fp/hard\libc_nano.a(libc_a-lseekr.o)
                0x08003844                _lseek_r
 .text._read_r  0x08003868       0x24 C:/ST/STM32CubeIDE_1.16.1/STM32CubeIDE/plugins/com.st.stm32cube.ide.mcu.externaltools.gnu-tools-for-stm32.13.3.rel1.win32_1.0.0.202411081344/tools/bin/../lib/gcc/arm-none-eabi/13.3.1/../../../../arm-none-eabi/lib/thumb/v7e-m+fp/hard\libc_nano.a(libc_a-readr.o)
                0x08003868                _read_r
 .text._write_r
                0x0800388c       0x24 C:/ST/STM32CubeIDE_1.16.1/STM32CubeIDE/plugins/com.st.stm32cube.ide.mcu.externaltools.gnu-tools-for-stm32.13.3.rel1.win32_1.0.0.202411081344/tools/bin/../lib/gcc/arm-none-eabi/13.3.1/../../../../arm-none-eabi/lib/thumb/v7e-m+fp/hard\libc_nano.a(libc_a-writer.o)
                0x0800388c                _write_r
 .text.__errno  0x080038b0        0xc C:/ST/STM32CubeIDE_1.16.1/STM32CubeIDE/plugins/com.st.stm32cube.ide.mcu.externaltools.gnu-tools-for-stm32.13.3.rel1.win32_1.0.0.202411081344/tools/bin/../lib/gcc/arm-none-eabi/13.3.1/../../../../arm-none-eabi/lib/thumb/v7e-m+fp/hard\libc_nano.a(libc_a-errno.o)
                0x080038b0                __errno
 .text.__libc_init_array
                0x080038bc       0x48 C:/ST/STM32CubeIDE_1.16.1/STM32CubeIDE/plugins/com.st.stm32cube.ide.mcu.externaltools.gnu-tools-for-stm32.13.3.rel1.win32_1.0.0.202411081344/tools/bin/../lib/gcc/arm-none-eabi/13.3.1/../../../../arm-none-eabi/lib/thumb/v7e-m+fp/hard\libc_nano.a(libc_a-init.o)
                0x080038bc                __libc_init_array
 .text.__retarget_lock_init_recursive
                0x08003904        0x2 C:/ST/STM32CubeIDE_1.16.1/STM32CubeIDE/plugins/com.st.stm32cube.ide.mcu.externaltools.gnu-tools-for-stm32.13.3.rel1.win32_1.0.0.202411081344/tools/bin/../lib/gcc/arm-none-eabi/13.3.1/../../../../arm-none-eabi/lib/thumb/v7e-m+fp/hard\libc_nano.a(libc_a-lock.o)
                0x08003904                __retarget_lock_init_recursive
 .text.__retarget_lock_acquire_recursive
                0x08003906        0x2 C:/ST/STM32CubeIDE_1.16.1/STM32CubeIDE/plugins/com.st.stm32cube.ide.mcu.externaltools.gnu-tools-for-stm32.13.3.rel1.win32_1.0.0.202411081344/tools/bin/../lib/gcc/arm-none-eabi/13.3.1/../../../../arm-none-eabi/lib/thumb/v7e-m+fp/hard\libc_nano.a(libc_a-lock.o)
                0x08003906                __retarget_lock_acquire_recursive
 .text.__retarget_lock_release_recursive
                0x08003908        0x2 C:/ST/STM32CubeIDE_1.16.1/STM32CubeIDE/plugins/com.st.stm32cube.ide.mcu.externaltools.gnu-tools-for-stm32.13.3.rel1.win32_1.0.0.202411081344/tools/bin/../lib/gcc/arm-none-eabi/13.3.1/../../../../arm-none-eabi/lib/thumb/v7e-m+fp/hard\libc_nano.a(libc_a-lock.o)
                0x08003908                __retarget_lock_release_recursive
 *fill*         0x0800390a        0x2 
 .text._free_r  0x0800390c       0x94 C:/ST/STM32CubeIDE_1.16.1/STM32CubeIDE/plugins/com.st.stm32cube.ide.mcu.externaltools.gnu-tools-for-stm32.13.3.rel1.win32_1.0.0.202411081344/tools/bin/../lib/gcc/arm-none-eabi/13.3.1/../../../../arm-none-eabi/lib/thumb/v7e-m+fp/hard\libc_nano.a(libc_a-freer.o)
                0x0800390c                _free_r
 .text.sbrk_aligned
                0x080039a0       0x44 C:/ST/STM32CubeIDE_1.16.1/STM32CubeIDE/plugins/com.st.stm32cube.ide.mcu.externaltools.gnu-tools-for-stm32.13.3.rel1.win32_1.0.0.202411081344/tools/bin/../lib/gcc/arm-none-eabi/13.3.1/../../../../arm-none-eabi/lib/thumb/v7e-m+fp/hard\libc_nano.a(libc_a-mallocr.o)
 .text._malloc_r
                0x080039e4      0x100 C:/ST/STM32CubeIDE_1.16.1/STM32CubeIDE/plugins/com.st.stm32cube.ide.mcu.externaltools.gnu-tools-for-stm32.13.3.rel1.win32_1.0.0.202411081344/tools/bin/../lib/gcc/arm-none-eabi/13.3.1/../../../../arm-none-eabi/lib/thumb/v7e-m+fp/hard\libc_nano.a(libc_a-mallocr.o)
                0x080039e4                _malloc_r
 .text.__malloc_lock
                0x08003ae4        0xc C:/ST/STM32CubeIDE_1.16.1/STM32CubeIDE/plugins/com.st.stm32cube.ide.mcu.externaltools.gnu-tools-for-stm32.13.3.rel1.win32_1.0.0.202411081344/tools/bin/../lib/gcc/arm-none-eabi/13.3.1/../../../../arm-none-eabi/lib/thumb/v7e-m+fp/hard\libc_nano.a(libc_a-mlock.o)
                0x08003ae4                __malloc_lock
 .text.__malloc_unlock
                0x08003af0        0xc C:/ST/STM32CubeIDE_1.16.1/STM32CubeIDE/plugins/com.st.stm32cube.ide.mcu.externaltools.gnu-tools-for-stm32.13.3.rel1.win32_1.0.0.202411081344/tools/bin/../lib/gcc/arm-none-eabi/13.3.1/../../../../arm-none-eabi/lib/thumb/v7e-m+fp/hard\libc_nano.a(libc_a-mlock.o)
                0x08003af0                __malloc_unlock
 .text.__sflush_r
                0x08003afc      0x108 C:/ST/STM32CubeIDE_1.16.1/STM32CubeIDE/plugins/com.st.stm32cube.ide.mcu.externaltools.gnu-tools-for-stm32.13.3.rel1.win32_1.0.0.202411081344/tools/bin/../lib/gcc/arm-none-eabi/13.3.1/../../../../arm-none-eabi/lib/thumb/v7e-m+fp/hard\libc_nano.a(libc_a-fflush.o)
                0x08003afc                __sflush_r
 .text._fflush_r
                0x08003c04       0x50 C:/ST/STM32CubeIDE_1.16.1/STM32CubeIDE/plugins/com.st.stm32cube.ide.mcu.externaltools.gnu-tools-for-stm32.13.3.rel1.win32_1.0.0.202411081344/tools/bin/../lib/gcc/arm-none-eabi/13.3.1/../../../../arm-none-eabi/lib/thumb/v7e-m+fp/hard\libc_nano.a(libc_a-fflush.o)
                0x08003c04                _fflush_r
 .text.__swhatbuf_r
                0x08003c54       0x4c C:/ST/STM32CubeIDE_1.16.1/STM32CubeIDE/plugins/com.st.stm32cube.ide.mcu.externaltools.gnu-tools-for-stm32.13.3.rel1.win32_1.0.0.202411081344/tools/bin/../lib/gcc/arm-none-eabi/13.3.1/../../../../arm-none-eabi/lib/thumb/v7e-m+fp/hard\libc_nano.a(libc_a-makebuf.o)
                0x08003c54                __swhatbuf_r
 .text.__smakebuf_r
                0x08003ca0       0x78 C:/ST/STM32CubeIDE_1.16.1/STM32CubeIDE/plugins/com.st.stm32cube.ide.mcu.externaltools.gnu-tools-for-stm32.13.3.rel1.win32_1.0.0.202411081344/tools/bin/../lib/gcc/arm-none-eabi/13.3.1/../../../../arm-none-eabi/lib/thumb/v7e-m+fp/hard\libc_nano.a(libc_a-makebuf.o)
                0x08003ca0                __smakebuf_r
 .text._fstat_r
                0x08003d18       0x24 C:/ST/STM32CubeIDE_1.16.1/STM32CubeIDE/plugins/com.st.stm32cube.ide.mcu.externaltools.gnu-tools-for-stm32.13.3.rel1.win32_1.0.0.202411081344/tools/bin/../lib/gcc/arm-none-eabi/13.3.1/../../../../arm-none-eabi/lib/thumb/v7e-m+fp/hard\libc_nano.a(libc_a-fstatr.o)
                0x08003d18                _fstat_r
 .text._isatty_r
                0x08003d3c       0x20 C:/ST/STM32CubeIDE_1.16.1/STM32CubeIDE/plugins/com.st.stm32cube.ide.mcu.externaltools.gnu-tools-for-stm32.13.3.rel1.win32_1.0.0.202411081344/tools/bin/../lib/gcc/arm-none-eabi/13.3.1/../../../../arm-none-eabi/lib/thumb/v7e-m+fp/hard\libc_nano.a(libc_a-isattyr.o)
                0x08003d3c                _isatty_r
 .text._sbrk_r  0x08003d5c       0x20 C:/ST/STM32CubeIDE_1.16.1/STM32CubeIDE/plugins/com.st.stm32cube.ide.mcu.externaltools.gnu-tools-for-stm32.13.3.rel1.win32_1.0.0.202411081344/tools/bin/../lib/gcc/arm-none-eabi/13.3.1/../../../../arm-none-eabi/lib/thumb/v7e-m+fp/hard\libc_nano.a(libc_a-sbrkr.o)
                0x08003d5c                _sbrk_r
 *(.glue_7)
 .glue_7        0x08003d7c        0x0 linker stubs
 *(.glue_7t)
 .glue_7t       0x08003d7c        0x0 linker stubs
 *(.eh_frame)
 .eh_frame      0x08003d7c        0x0 C:/ST/STM32CubeIDE_1.16.1/STM32CubeIDE/plugins/com.st.stm32cube.ide.mcu.externaltools.gnu-tools-for-stm32.13.3.rel1.win32_1.0.0.202411081344/tools/bin/../lib/gcc/arm-none-eabi/13.3.1/thumb/v7e-m+fp/hard/crtbegin.o
 *(.init)
 .init          0x08003d7c        0x4 C:/ST/STM32CubeIDE_1.16.1/STM32CubeIDE/plugins/com.st.stm32cube.ide.mcu.externaltools.gnu-tools-for-stm32.13.3.rel1.win32_1.0.0.202411081344/tools/bin/../lib/gcc/arm-none-eabi/13.3.1/thumb/v7e-m+fp/hard/crti.o
                0x08003d7c                _init
 .init          0x08003d80        0x8 C:/ST/STM32CubeIDE_1.16.1/STM32CubeIDE/plugins/com.st.stm32cube.ide.mcu.externaltools.gnu-tools-for-stm32.13.3.rel1.win32_1.0.0.202411081344/tools/bin/../lib/gcc/arm-none-eabi/13.3.1/thumb/v7e-m+fp/hard/crtn.o
 *(.fini)
 .fini          0x08003d88        0x4 C:/ST/STM32CubeIDE_1.16.1/STM32CubeIDE/plugins/com.st.stm32cube.ide.mcu.externaltools.gnu-tools-for-stm32.13.3.rel1.win32_1.0.0.202411081344/tools/bin/../lib/gcc/arm-none-eabi/13.3.1/thumb/v7e-m+fp/hard/crti.o
                0x08003d88                _fini
 .fini          0x08003d8c        0x8 C:/ST/STM32CubeIDE_1.16.1/STM32CubeIDE/plugins/com.st.stm32cube.ide.mcu.externaltools.gnu-tools-for-stm32.13.3.rel1.win32_1.0.0.202411081344/tools/bin/../lib/gcc/arm-none-eabi/13.3.1/thumb/v7e-m+fp/hard/crtn.o
                0x08003d94                        . = ALIGN (0x4)
                0x08003d94                        _etext = .

.vfp11_veneer   0x08003d94        0x0
 .vfp11_veneer  0x08003d94        0x0 linker stubs

.v4_bx          0x08003d94        0x0
 .v4_bx         0x08003d94        0x0 linker stubs

.iplt           0x08003d94        0x0
 .iplt          0x08003d94        0x0 C:/ST/STM32CubeIDE_1.16.1/STM32CubeIDE/plugins/com.st.stm32cube.ide.mcu.externaltools.gnu-tools-for-stm32.13.3.rel1.win32_1.0.0.202411081344/tools/bin/../lib/gcc/arm-none-eabi/13.3.1/thumb/v7e-m+fp/hard/crtbegin.o

.rodata         0x08003d94      0x7a4
                0x08003d94                        . = ALIGN (0x4)
 *(.rodata)
 .rodata        0x08003d94       0x16 ./Src/main.o
 *fill*         0x08003daa        0x2 
 .rodata        0x08003dac        0x5 ./ThirdParty/FreeRTOS/Source/tasks.o
 *fill*         0x08003db1        0x3 
 .rodata        0x08003db4      0x2fe ./ThirdParty/tracealyzer/Src/trcKernelPort.o
 *fill*         0x080040b2        0x2 
 .rodata        0x080040b4      0x480 ./ThirdParty/tracealyzer/Src/trcSnapshotRecorder.o
 *(.rodata*)
 .rodata.uxTopUsedPriority
                0x08004534        0x4 ./ThirdParty/FreeRTOS/Source/tasks.o
                0x08004534                uxTopUsedPriority
                0x08004538                        . = ALIGN (0x4)

.ARM.extab      0x08004538        0x0
                0x08004538                        . = ALIGN (0x4)
 *(.ARM.extab* .gnu.linkonce.armextab.*)
                0x08004538                        . = ALIGN (0x4)

.ARM            0x08004538        0x0
                0x08004538                        . = ALIGN (0x4)
                0x08004538                        __exidx_start = .
 *(.ARM.exidx*)
                0x08004538                        __exidx_end = .
                0x08004538                        . = ALIGN (0x4)

.preinit_array  0x08004538        0x0
                0x08004538                        . = ALIGN (0x4)
                0x08004538                        PROVIDE (__preinit_array_start = .)
 *(.preinit_array*)
                0x08004538                        PROVIDE (__preinit_array_end = .)
                0x08004538                        . = ALIGN (0x4)

.init_array     0x08004538        0x4
                0x08004538                        . = ALIGN (0x4)
                0x08004538                        PROVIDE (__init_array_start = .)
 *(SORT_BY_NAME(.init_array.*))
 *(.init_array*)
 .init_array    0x08004538        0x4 C:/ST/STM32CubeIDE_1.16.1/STM32CubeIDE/plugins/com.st.stm32cube.ide.mcu.externaltools.gnu-tools-for-stm32.13.3.rel1.win32_1.0.0.202411081344/tools/bin/../lib/gcc/arm-none-eabi/13.3.1/thumb/v7e-m+fp/hard/crtbegin.o
                0x0800453c                        PROVIDE (__init_array_end = .)
                0x0800453c                        . = ALIGN (0x4)

.fini_array     0x0800453c        0x4
                0x0800453c                        . = ALIGN (0x4)
                [!provide]                        PROVIDE (__fini_array_start = .)
 *(SORT_BY_NAME(.fini_array.*))
 *(.fini_array*)
 .fini_array    0x0800453c        0x4 C:/ST/STM32CubeIDE_1.16.1/STM32CubeIDE/plugins/com.st.stm32cube.ide.mcu.externaltools.gnu-tools-for-stm32.13.3.rel1.win32_1.0.0.202411081344/tools/bin/../lib/gcc/arm-none-eabi/13.3.1/thumb/v7e-m+fp/hard/crtbegin.o
                [!provide]                        PROVIDE (__fini_array_end = .)
                0x08004540                        . = ALIGN (0x4)
                0x08004540                        _sidata = LOADADDR (.data)

.rel.dyn        0x08004540        0x0
 .rel.iplt      0x08004540        0x0 C:/ST/STM32CubeIDE_1.16.1/STM32CubeIDE/plugins/com.st.stm32cube.ide.mcu.externaltools.gnu-tools-for-stm32.13.3.rel1.win32_1.0.0.202411081344/tools/bin/../lib/gcc/arm-none-eabi/13.3.1/thumb/v7e-m+fp/hard/crtbegin.o

.data           0x20000000       0x68 load address 0x08004540
                0x20000000                        . = ALIGN (0x4)
                0x20000000                        _sdata = .
 *(.data)
 *(.data*)
 .data.SystemCoreClock
                0x20000000        0x4 ./Src/timer.o
                0x20000000                SystemCoreClock
 .data.uxCriticalNesting
                0x20000004        0x4 ./ThirdParty/FreeRTOS/Source/portable/GCC/ARM_CM4F/port.o
 .data.readyEventsEnabled
                0x20000008        0x4 ./ThirdParty/tracealyzer/Src/trcSnapshotRecorder.o
 .data.__sglue  0x2000000c        0xc C:/ST/STM32CubeIDE_1.16.1/STM32CubeIDE/plugins/com.st.stm32cube.ide.mcu.externaltools.gnu-tools-for-stm32.13.3.rel1.win32_1.0.0.202411081344/tools/bin/../lib/gcc/arm-none-eabi/13.3.1/../../../../arm-none-eabi/lib/thumb/v7e-m+fp/hard\libc_nano.a(libc_a-findfp.o)
                0x2000000c                __sglue
 .data._impure_ptr
                0x20000018        0x4 C:/ST/STM32CubeIDE_1.16.1/STM32CubeIDE/plugins/com.st.stm32cube.ide.mcu.externaltools.gnu-tools-for-stm32.13.3.rel1.win32_1.0.0.202411081344/tools/bin/../lib/gcc/arm-none-eabi/13.3.1/../../../../arm-none-eabi/lib/thumb/v7e-m+fp/hard\libc_nano.a(libc_a-impure.o)
                0x20000018                _impure_ptr
 .data._impure_data
                0x2000001c       0x4c C:/ST/STM32CubeIDE_1.16.1/STM32CubeIDE/plugins/com.st.stm32cube.ide.mcu.externaltools.gnu-tools-for-stm32.13.3.rel1.win32_1.0.0.202411081344/tools/bin/../lib/gcc/arm-none-eabi/13.3.1/../../../../arm-none-eabi/lib/thumb/v7e-m+fp/hard\libc_nano.a(libc_a-impure.o)
                0x2000001c                _impure_data
 *(.RamFunc)
 *(.RamFunc*)
                0x20000068                        . = ALIGN (0x4)
                0x20000068                        _edata = .

.igot.plt       0x20000068        0x0 load address 0x080045a8
 .igot.plt      0x20000068        0x0 C:/ST/STM32CubeIDE_1.16.1/STM32CubeIDE/plugins/com.st.stm32cube.ide.mcu.externaltools.gnu-tools-for-stm32.13.3.rel1.win32_1.0.0.202411081344/tools/bin/../lib/gcc/arm-none-eabi/13.3.1/thumb/v7e-m+fp/hard/crtbegin.o
                0x20000068                        . = ALIGN (0x4)

.bss            0x20000068     0x58ac load address 0x080045a8
                0x20000068                        _sbss = .
                0x20000068                        __bss_start__ = _sbss
 *(.bss)
 .bss           0x20000068       0x1c C:/ST/STM32CubeIDE_1.16.1/STM32CubeIDE/plugins/com.st.stm32cube.ide.mcu.externaltools.gnu-tools-for-stm32.13.3.rel1.win32_1.0.0.202411081344/tools/bin/../lib/gcc/arm-none-eabi/13.3.1/thumb/v7e-m+fp/hard/crtbegin.o
 *(.bss*)
 .bss.Task1_Handle
                0x20000084        0x4 ./Src/main.o
                0x20000084                Task1_Handle
 .bss.Task2_Handle
                0x20000088        0x4 ./Src/main.o
                0x20000088                Task2_Handle
 .bss.__sbrk_heap_end
                0x2000008c        0x4 ./Src/sysmem.o
 .bss.ticks     0x20000090        0x4 ./Src/timer.o
                0x20000090                ticks
 .bss.pxCurrentTCB
                0x20000094        0x4 ./ThirdParty/FreeRTOS/Source/tasks.o
                0x20000094                pxCurrentTCB
 .bss.pxReadyTasksLists
                0x20000098       0x8c ./ThirdParty/FreeRTOS/Source/tasks.o
 .bss.xDelayedTaskList1
                0x20000124       0x14 ./ThirdParty/FreeRTOS/Source/tasks.o
 .bss.xDelayedTaskList2
                0x20000138       0x14 ./ThirdParty/FreeRTOS/Source/tasks.o
 .bss.pxDelayedTaskList
                0x2000014c        0x4 ./ThirdParty/FreeRTOS/Source/tasks.o
 .bss.pxOverflowDelayedTaskList
                0x20000150        0x4 ./ThirdParty/FreeRTOS/Source/tasks.o
 .bss.xPendingReadyList
                0x20000154       0x14 ./ThirdParty/FreeRTOS/Source/tasks.o
 .bss.xTasksWaitingTermination
                0x20000168       0x14 ./ThirdParty/FreeRTOS/Source/tasks.o
 .bss.uxDeletedTasksWaitingCleanUp
                0x2000017c        0x4 ./ThirdParty/FreeRTOS/Source/tasks.o
 .bss.xSuspendedTaskList
                0x20000180       0x14 ./ThirdParty/FreeRTOS/Source/tasks.o
 .bss.uxCurrentNumberOfTasks
                0x20000194        0x4 ./ThirdParty/FreeRTOS/Source/tasks.o
 .bss.xTickCount
                0x20000198        0x4 ./ThirdParty/FreeRTOS/Source/tasks.o
 .bss.uxTopReadyPriority
                0x2000019c        0x4 ./ThirdParty/FreeRTOS/Source/tasks.o
 .bss.xSchedulerRunning
                0x200001a0        0x4 ./ThirdParty/FreeRTOS/Source/tasks.o
 .bss.xPendedTicks
                0x200001a4        0x4 ./ThirdParty/FreeRTOS/Source/tasks.o
 .bss.xYieldPending
                0x200001a8        0x4 ./ThirdParty/FreeRTOS/Source/tasks.o
 .bss.xNumOfOverflows
                0x200001ac        0x4 ./ThirdParty/FreeRTOS/Source/tasks.o
 .bss.uxTaskNumber
                0x200001b0        0x4 ./ThirdParty/FreeRTOS/Source/tasks.o
 .bss.xNextTaskUnblockTime
                0x200001b4        0x4 ./ThirdParty/FreeRTOS/Source/tasks.o
 .bss.xIdleTaskHandle
                0x200001b8        0x4 ./ThirdParty/FreeRTOS/Source/tasks.o
 .bss.uxSchedulerSuspended
                0x200001bc        0x4 ./ThirdParty/FreeRTOS/Source/tasks.o
 .bss.ucMaxSysCallPriority
                0x200001c0        0x1 ./ThirdParty/FreeRTOS/Source/portable/GCC/ARM_CM4F/port.o
 *fill*         0x200001c1        0x3 
 .bss.ulMaxPRIGROUPValue
                0x200001c4        0x4 ./ThirdParty/FreeRTOS/Source/portable/GCC/ARM_CM4F/port.o
 .bss.ucHeap    0x200001c8     0x3c00 ./ThirdParty/FreeRTOS/Source/portable/MemMang/heap_4.o
 .bss.xStart    0x20003dc8        0x8 ./ThirdParty/FreeRTOS/Source/portable/MemMang/heap_4.o
 .bss.pxEnd     0x20003dd0        0x4 ./ThirdParty/FreeRTOS/Source/portable/MemMang/heap_4.o
 .bss.xFreeBytesRemaining
                0x20003dd4        0x4 ./ThirdParty/FreeRTOS/Source/portable/MemMang/heap_4.o
 .bss.xMinimumEverFreeBytesRemaining
                0x20003dd8        0x4 ./ThirdParty/FreeRTOS/Source/portable/MemMang/heap_4.o
 .bss.xNumberOfSuccessfulAllocations
                0x20003ddc        0x4 ./ThirdParty/FreeRTOS/Source/portable/MemMang/heap_4.o
 .bss.xNumberOfSuccessfulFrees
                0x20003de0        0x4 ./ThirdParty/FreeRTOS/Source/portable/MemMang/heap_4.o
 .bss.xKernelPortDataBuffer
                0x20003de4        0x4 ./ThirdParty/tracealyzer/Src/trcSnapshotRecorder.o
                0x20003de4                xKernelPortDataBuffer
 .bss.isPendingContextSwitch
                0x20003de8        0x4 ./ThirdParty/tracealyzer/Src/trcSnapshotRecorder.o
                0x20003de8                isPendingContextSwitch
 .bss.uiTraceTickCount
                0x20003dec        0x4 ./ThirdParty/tracealyzer/Src/trcSnapshotRecorder.o
                0x20003dec                uiTraceTickCount
 .bss.trace_disable_timestamp
                0x20003df0        0x4 ./ThirdParty/tracealyzer/Src/trcSnapshotRecorder.o
                0x20003df0                trace_disable_timestamp
 .bss.last_timestamp
                0x20003df4        0x4 ./ThirdParty/tracealyzer/Src/trcSnapshotRecorder.o
 .bss.uiTraceSystemState
                0x20003df8        0x4 ./ThirdParty/tracealyzer/Src/trcSnapshotRecorder.o
                0x20003df8                uiTraceSystemState
 .bss.recorder_busy
                0x20003dfc        0x4 ./ThirdParty/tracealyzer/Src/trcSnapshotRecorder.o
                0x20003dfc                recorder_busy
 .bss.timestampFrequency
                0x20003e00        0x4 ./ThirdParty/tracealyzer/Src/trcSnapshotRecorder.o
                0x20003e00                timestampFrequency
 .bss.handle_of_last_logged_task
                0x20003e04        0x1 ./ThirdParty/tracealyzer/Src/trcSnapshotRecorder.o
                0x20003e04                handle_of_last_logged_task
 *fill*         0x20003e05        0x3 
 .bss.vTraceStopHookPtr
                0x20003e08        0x4 ./ThirdParty/tracealyzer/Src/trcSnapshotRecorder.o
                0x20003e08                vTraceStopHookPtr
 .bss.init_hwtc_count
                0x20003e0c        0x4 ./ThirdParty/tracealyzer/Src/trcSnapshotRecorder.o
                0x20003e0c                init_hwtc_count
 .bss.CurrentFilterMask
                0x20003e10        0x2 ./ThirdParty/tracealyzer/Src/trcSnapshotRecorder.o
                0x20003e10                CurrentFilterMask
 .bss.CurrentFilterGroup
                0x20003e12        0x2 ./ThirdParty/tracealyzer/Src/trcSnapshotRecorder.o
                0x20003e12                CurrentFilterGroup
 .bss.objectHandleStacks
                0x20003e14       0x8e ./ThirdParty/tracealyzer/Src/trcSnapshotRecorder.o
                0x20003e14                objectHandleStacks
 *fill*         0x20003ea2        0x2 
 .bss.traceErrorMessage
                0x20003ea4        0x4 ./ThirdParty/tracealyzer/Src/trcSnapshotRecorder.o
                0x20003ea4                traceErrorMessage
 .bss.RecorderData
                0x20003ea8     0x1904 ./ThirdParty/tracealyzer/Src/trcSnapshotRecorder.o
                0x20003ea8                RecorderData
 .bss.RecorderDataPtr
                0x200057ac        0x4 ./ThirdParty/tracealyzer/Src/trcSnapshotRecorder.o
                0x200057ac                RecorderDataPtr
 .bss.RecorderInitialized
                0x200057b0        0x4 ./ThirdParty/tracealyzer/Src/trcSnapshotRecorder.o
                0x200057b0                RecorderInitialized
 .bss.indexOfHandle.4
                0x200057b4        0x4 ./ThirdParty/tracealyzer/Src/trcSnapshotRecorder.o
 .bss.idx.3     0x200057b8        0x2 ./ThirdParty/tracealyzer/Src/trcSnapshotRecorder.o
 *fill*         0x200057ba        0x2 
 .bss.old_timestamp.2
                0x200057bc        0x4 ./ThirdParty/tracealyzer/Src/trcSnapshotRecorder.o
 .bss.last_hwtc_count.1
                0x200057c0        0x4 ./ThirdParty/tracealyzer/Src/trcSnapshotRecorder.o
 .bss.last_hwtc_rest.0
                0x200057c4        0x4 ./ThirdParty/tracealyzer/Src/trcSnapshotRecorder.o
 .bss.__sf      0x200057c8      0x138 C:/ST/STM32CubeIDE_1.16.1/STM32CubeIDE/plugins/com.st.stm32cube.ide.mcu.externaltools.gnu-tools-for-stm32.13.3.rel1.win32_1.0.0.202411081344/tools/bin/../lib/gcc/arm-none-eabi/13.3.1/../../../../arm-none-eabi/lib/thumb/v7e-m+fp/hard\libc_nano.a(libc_a-findfp.o)
                0x200057c8                __sf
 .bss.__stdio_exit_handler
                0x20005900        0x4 C:/ST/STM32CubeIDE_1.16.1/STM32CubeIDE/plugins/com.st.stm32cube.ide.mcu.externaltools.gnu-tools-for-stm32.13.3.rel1.win32_1.0.0.202411081344/tools/bin/../lib/gcc/arm-none-eabi/13.3.1/../../../../arm-none-eabi/lib/thumb/v7e-m+fp/hard\libc_nano.a(libc_a-findfp.o)
                0x20005900                __stdio_exit_handler
 .bss.errno     0x20005904        0x4 C:/ST/STM32CubeIDE_1.16.1/STM32CubeIDE/plugins/com.st.stm32cube.ide.mcu.externaltools.gnu-tools-for-stm32.13.3.rel1.win32_1.0.0.202411081344/tools/bin/../lib/gcc/arm-none-eabi/13.3.1/../../../../arm-none-eabi/lib/thumb/v7e-m+fp/hard\libc_nano.a(libc_a-reent.o)
                0x20005904                errno
 .bss.__lock___malloc_recursive_mutex
                0x20005908        0x1 C:/ST/STM32CubeIDE_1.16.1/STM32CubeIDE/plugins/com.st.stm32cube.ide.mcu.externaltools.gnu-tools-for-stm32.13.3.rel1.win32_1.0.0.202411081344/tools/bin/../lib/gcc/arm-none-eabi/13.3.1/../../../../arm-none-eabi/lib/thumb/v7e-m+fp/hard\libc_nano.a(libc_a-lock.o)
                0x20005908                __lock___malloc_recursive_mutex
 .bss.__lock___sfp_recursive_mutex
                0x20005909        0x1 C:/ST/STM32CubeIDE_1.16.1/STM32CubeIDE/plugins/com.st.stm32cube.ide.mcu.externaltools.gnu-tools-for-stm32.13.3.rel1.win32_1.0.0.202411081344/tools/bin/../lib/gcc/arm-none-eabi/13.3.1/../../../../arm-none-eabi/lib/thumb/v7e-m+fp/hard\libc_nano.a(libc_a-lock.o)
                0x20005909                __lock___sfp_recursive_mutex
 *fill*         0x2000590a        0x2 
 .bss.__malloc_sbrk_start
                0x2000590c        0x4 C:/ST/STM32CubeIDE_1.16.1/STM32CubeIDE/plugins/com.st.stm32cube.ide.mcu.externaltools.gnu-tools-for-stm32.13.3.rel1.win32_1.0.0.202411081344/tools/bin/../lib/gcc/arm-none-eabi/13.3.1/../../../../arm-none-eabi/lib/thumb/v7e-m+fp/hard\libc_nano.a(libc_a-mallocr.o)
                0x2000590c                __malloc_sbrk_start
 .bss.__malloc_free_list
                0x20005910        0x4 C:/ST/STM32CubeIDE_1.16.1/STM32CubeIDE/plugins/com.st.stm32cube.ide.mcu.externaltools.gnu-tools-for-stm32.13.3.rel1.win32_1.0.0.202411081344/tools/bin/../lib/gcc/arm-none-eabi/13.3.1/../../../../arm-none-eabi/lib/thumb/v7e-m+fp/hard\libc_nano.a(libc_a-mallocr.o)
                0x20005910                __malloc_free_list
 *(COMMON)
                0x20005914                        . = ALIGN (0x4)
                0x20005914                        _ebss = .
                0x20005914                        __bss_end__ = _ebss

._user_heap_stack
                0x20005914      0x604 load address 0x080045a8
                0x20005918                        . = ALIGN (0x8)
 *fill*         0x20005914        0x4 
                [!provide]                        PROVIDE (end = .)
                0x20005918                        PROVIDE (_end = .)
                0x20005b18                        . = (. + _Min_Heap_Size)
 *fill*         0x20005918      0x200 
                0x20005f18                        . = (. + _Min_Stack_Size)
 *fill*         0x20005b18      0x400 
                0x20005f18                        . = ALIGN (0x8)

/DISCARD/
 libc.a(*)
 libm.a(*)
 libgcc.a(*)

.ARM.attributes
                0x00000000       0x30
 *(.ARM.attributes)
 .ARM.attributes
                0x00000000       0x22 C:/ST/STM32CubeIDE_1.16.1/STM32CubeIDE/plugins/com.st.stm32cube.ide.mcu.externaltools.gnu-tools-for-stm32.13.3.rel1.win32_1.0.0.202411081344/tools/bin/../lib/gcc/arm-none-eabi/13.3.1/thumb/v7e-m+fp/hard/crti.o
 .ARM.attributes
                0x00000022       0x34 C:/ST/STM32CubeIDE_1.16.1/STM32CubeIDE/plugins/com.st.stm32cube.ide.mcu.externaltools.gnu-tools-for-stm32.13.3.rel1.win32_1.0.0.202411081344/tools/bin/../lib/gcc/arm-none-eabi/13.3.1/thumb/v7e-m+fp/hard/crtbegin.o
 .ARM.attributes
                0x00000056       0x34 ./Src/gpio.o
 .ARM.attributes
                0x0000008a       0x34 ./Src/interrupt.o
 .ARM.attributes
                0x000000be       0x34 ./Src/main.o
 .ARM.attributes
                0x000000f2       0x34 ./Src/syscalls.o
 .ARM.attributes
                0x00000126       0x34 ./Src/sysmem.o
 .ARM.attributes
                0x0000015a       0x34 ./Src/timer.o
 .ARM.attributes
                0x0000018e       0x34 ./Src/usart.o
 .ARM.attributes
                0x000001c2       0x34 ./Src/util.o
 .ARM.attributes
                0x000001f6       0x21 ./Startup/startup_stm32f446retx.o
 .ARM.attributes
                0x00000217       0x34 ./ThirdParty/FreeRTOS/Source/list.o
 .ARM.attributes
                0x0000024b       0x34 ./ThirdParty/FreeRTOS/Source/tasks.o
 .ARM.attributes
                0x0000027f       0x34 ./ThirdParty/FreeRTOS/Source/portable/GCC/ARM_CM4F/port.o
 .ARM.attributes
                0x000002b3       0x34 ./ThirdParty/FreeRTOS/Source/portable/MemMang/heap_4.o
 .ARM.attributes
                0x000002e7       0x34 ./ThirdParty/tracealyzer/Src/trcKernelPort.o
 .ARM.attributes
                0x0000031b       0x34 ./ThirdParty/tracealyzer/Src/trcSnapshotRecorder.o
 .ARM.attributes
                0x0000034f       0x34 C:/ST/STM32CubeIDE_1.16.1/STM32CubeIDE/plugins/com.st.stm32cube.ide.mcu.externaltools.gnu-tools-for-stm32.13.3.rel1.win32_1.0.0.202411081344/tools/bin/../lib/gcc/arm-none-eabi/13.3.1/../../../../arm-none-eabi/lib/thumb/v7e-m+fp/hard\libc_nano.a(libc_a-findfp.o)
 .ARM.attributes
                0x00000383       0x34 C:/ST/STM32CubeIDE_1.16.1/STM32CubeIDE/plugins/com.st.stm32cube.ide.mcu.externaltools.gnu-tools-for-stm32.13.3.rel1.win32_1.0.0.202411081344/tools/bin/../lib/gcc/arm-none-eabi/13.3.1/../../../../arm-none-eabi/lib/thumb/v7e-m+fp/hard\libc_nano.a(libc_a-fwalk.o)
 .ARM.attributes
                0x000003b7       0x34 C:/ST/STM32CubeIDE_1.16.1/STM32CubeIDE/plugins/com.st.stm32cube.ide.mcu.externaltools.gnu-tools-for-stm32.13.3.rel1.win32_1.0.0.202411081344/tools/bin/../lib/gcc/arm-none-eabi/13.3.1/../../../../arm-none-eabi/lib/thumb/v7e-m+fp/hard\libc_nano.a(libc_a-puts.o)
 .ARM.attributes
                0x000003eb       0x34 C:/ST/STM32CubeIDE_1.16.1/STM32CubeIDE/plugins/com.st.stm32cube.ide.mcu.externaltools.gnu-tools-for-stm32.13.3.rel1.win32_1.0.0.202411081344/tools/bin/../lib/gcc/arm-none-eabi/13.3.1/../../../../arm-none-eabi/lib/thumb/v7e-m+fp/hard\libc_nano.a(libc_a-stdio.o)
 .ARM.attributes
                0x0000041f       0x34 C:/ST/STM32CubeIDE_1.16.1/STM32CubeIDE/plugins/com.st.stm32cube.ide.mcu.externaltools.gnu-tools-for-stm32.13.3.rel1.win32_1.0.0.202411081344/tools/bin/../lib/gcc/arm-none-eabi/13.3.1/../../../../arm-none-eabi/lib/thumb/v7e-m+fp/hard\libc_nano.a(libc_a-wbuf.o)
 .ARM.attributes
                0x00000453       0x34 C:/ST/STM32CubeIDE_1.16.1/STM32CubeIDE/plugins/com.st.stm32cube.ide.mcu.externaltools.gnu-tools-for-stm32.13.3.rel1.win32_1.0.0.202411081344/tools/bin/../lib/gcc/arm-none-eabi/13.3.1/../../../../arm-none-eabi/lib/thumb/v7e-m+fp/hard\libc_nano.a(libc_a-wsetup.o)
 .ARM.attributes
                0x00000487       0x34 C:/ST/STM32CubeIDE_1.16.1/STM32CubeIDE/plugins/com.st.stm32cube.ide.mcu.externaltools.gnu-tools-for-stm32.13.3.rel1.win32_1.0.0.202411081344/tools/bin/../lib/gcc/arm-none-eabi/13.3.1/../../../../arm-none-eabi/lib/thumb/v7e-m+fp/hard\libc_nano.a(libc_a-memset.o)
 .ARM.attributes
                0x000004bb       0x34 C:/ST/STM32CubeIDE_1.16.1/STM32CubeIDE/plugins/com.st.stm32cube.ide.mcu.externaltools.gnu-tools-for-stm32.13.3.rel1.win32_1.0.0.202411081344/tools/bin/../lib/gcc/arm-none-eabi/13.3.1/../../../../arm-none-eabi/lib/thumb/v7e-m+fp/hard\libc_nano.a(libc_a-closer.o)
 .ARM.attributes
                0x000004ef       0x34 C:/ST/STM32CubeIDE_1.16.1/STM32CubeIDE/plugins/com.st.stm32cube.ide.mcu.externaltools.gnu-tools-for-stm32.13.3.rel1.win32_1.0.0.202411081344/tools/bin/../lib/gcc/arm-none-eabi/13.3.1/../../../../arm-none-eabi/lib/thumb/v7e-m+fp/hard\libc_nano.a(libc_a-reent.o)
 .ARM.attributes
                0x00000523       0x34 C:/ST/STM32CubeIDE_1.16.1/STM32CubeIDE/plugins/com.st.stm32cube.ide.mcu.externaltools.gnu-tools-for-stm32.13.3.rel1.win32_1.0.0.202411081344/tools/bin/../lib/gcc/arm-none-eabi/13.3.1/../../../../arm-none-eabi/lib/thumb/v7e-m+fp/hard\libc_nano.a(libc_a-impure.o)
 .ARM.attributes
                0x00000557       0x34 C:/ST/STM32CubeIDE_1.16.1/STM32CubeIDE/plugins/com.st.stm32cube.ide.mcu.externaltools.gnu-tools-for-stm32.13.3.rel1.win32_1.0.0.202411081344/tools/bin/../lib/gcc/arm-none-eabi/13.3.1/../../../../arm-none-eabi/lib/thumb/v7e-m+fp/hard\libc_nano.a(libc_a-lseekr.o)
 .ARM.attributes
                0x0000058b       0x34 C:/ST/STM32CubeIDE_1.16.1/STM32CubeIDE/plugins/com.st.stm32cube.ide.mcu.externaltools.gnu-tools-for-stm32.13.3.rel1.win32_1.0.0.202411081344/tools/bin/../lib/gcc/arm-none-eabi/13.3.1/../../../../arm-none-eabi/lib/thumb/v7e-m+fp/hard\libc_nano.a(libc_a-readr.o)
 .ARM.attributes
                0x000005bf       0x34 C:/ST/STM32CubeIDE_1.16.1/STM32CubeIDE/plugins/com.st.stm32cube.ide.mcu.externaltools.gnu-tools-for-stm32.13.3.rel1.win32_1.0.0.202411081344/tools/bin/../lib/gcc/arm-none-eabi/13.3.1/../../../../arm-none-eabi/lib/thumb/v7e-m+fp/hard\libc_nano.a(libc_a-writer.o)
 .ARM.attributes
                0x000005f3       0x34 C:/ST/STM32CubeIDE_1.16.1/STM32CubeIDE/plugins/com.st.stm32cube.ide.mcu.externaltools.gnu-tools-for-stm32.13.3.rel1.win32_1.0.0.202411081344/tools/bin/../lib/gcc/arm-none-eabi/13.3.1/../../../../arm-none-eabi/lib/thumb/v7e-m+fp/hard\libc_nano.a(libc_a-errno.o)
 .ARM.attributes
                0x00000627       0x34 C:/ST/STM32CubeIDE_1.16.1/STM32CubeIDE/plugins/com.st.stm32cube.ide.mcu.externaltools.gnu-tools-for-stm32.13.3.rel1.win32_1.0.0.202411081344/tools/bin/../lib/gcc/arm-none-eabi/13.3.1/../../../../arm-none-eabi/lib/thumb/v7e-m+fp/hard\libc_nano.a(libc_a-init.o)
 .ARM.attributes
                0x0000065b       0x34 C:/ST/STM32CubeIDE_1.16.1/STM32CubeIDE/plugins/com.st.stm32cube.ide.mcu.externaltools.gnu-tools-for-stm32.13.3.rel1.win32_1.0.0.202411081344/tools/bin/../lib/gcc/arm-none-eabi/13.3.1/../../../../arm-none-eabi/lib/thumb/v7e-m+fp/hard\libc_nano.a(libc_a-lock.o)
 .ARM.attributes
                0x0000068f       0x34 C:/ST/STM32CubeIDE_1.16.1/STM32CubeIDE/plugins/com.st.stm32cube.ide.mcu.externaltools.gnu-tools-for-stm32.13.3.rel1.win32_1.0.0.202411081344/tools/bin/../lib/gcc/arm-none-eabi/13.3.1/../../../../arm-none-eabi/lib/thumb/v7e-m+fp/hard\libc_nano.a(libc_a-freer.o)
 .ARM.attributes
                0x000006c3       0x34 C:/ST/STM32CubeIDE_1.16.1/STM32CubeIDE/plugins/com.st.stm32cube.ide.mcu.externaltools.gnu-tools-for-stm32.13.3.rel1.win32_1.0.0.202411081344/tools/bin/../lib/gcc/arm-none-eabi/13.3.1/../../../../arm-none-eabi/lib/thumb/v7e-m+fp/hard\libc_nano.a(libc_a-mallocr.o)
 .ARM.attributes
                0x000006f7       0x34 C:/ST/STM32CubeIDE_1.16.1/STM32CubeIDE/plugins/com.st.stm32cube.ide.mcu.externaltools.gnu-tools-for-stm32.13.3.rel1.win32_1.0.0.202411081344/tools/bin/../lib/gcc/arm-none-eabi/13.3.1/../../../../arm-none-eabi/lib/thumb/v7e-m+fp/hard\libc_nano.a(libc_a-mlock.o)
 .ARM.attributes
                0x0000072b       0x34 C:/ST/STM32CubeIDE_1.16.1/STM32CubeIDE/plugins/com.st.stm32cube.ide.mcu.externaltools.gnu-tools-for-stm32.13.3.rel1.win32_1.0.0.202411081344/tools/bin/../lib/gcc/arm-none-eabi/13.3.1/../../../../arm-none-eabi/lib/thumb/v7e-m+fp/hard\libc_nano.a(libc_a-fflush.o)
 .ARM.attributes
                0x0000075f       0x34 C:/ST/STM32CubeIDE_1.16.1/STM32CubeIDE/plugins/com.st.stm32cube.ide.mcu.externaltools.gnu-tools-for-stm32.13.3.rel1.win32_1.0.0.202411081344/tools/bin/../lib/gcc/arm-none-eabi/13.3.1/../../../../arm-none-eabi/lib/thumb/v7e-m+fp/hard\libc_nano.a(libc_a-makebuf.o)
 .ARM.attributes
                0x00000793       0x34 C:/ST/STM32CubeIDE_1.16.1/STM32CubeIDE/plugins/com.st.stm32cube.ide.mcu.externaltools.gnu-tools-for-stm32.13.3.rel1.win32_1.0.0.202411081344/tools/bin/../lib/gcc/arm-none-eabi/13.3.1/../../../../arm-none-eabi/lib/thumb/v7e-m+fp/hard\libc_nano.a(libc_a-fstatr.o)
 .ARM.attributes
                0x000007c7       0x34 C:/ST/STM32CubeIDE_1.16.1/STM32CubeIDE/plugins/com.st.stm32cube.ide.mcu.externaltools.gnu-tools-for-stm32.13.3.rel1.win32_1.0.0.202411081344/tools/bin/../lib/gcc/arm-none-eabi/13.3.1/../../../../arm-none-eabi/lib/thumb/v7e-m+fp/hard\libc_nano.a(libc_a-isattyr.o)
 .ARM.attributes
                0x000007fb       0x34 C:/ST/STM32CubeIDE_1.16.1/STM32CubeIDE/plugins/com.st.stm32cube.ide.mcu.externaltools.gnu-tools-for-stm32.13.3.rel1.win32_1.0.0.202411081344/tools/bin/../lib/gcc/arm-none-eabi/13.3.1/../../../../arm-none-eabi/lib/thumb/v7e-m+fp/hard\libc_nano.a(libc_a-sbrkr.o)
 .ARM.attributes
                0x0000082f       0x22 C:/ST/STM32CubeIDE_1.16.1/STM32CubeIDE/plugins/com.st.stm32cube.ide.mcu.externaltools.gnu-tools-for-stm32.13.3.rel1.win32_1.0.0.202411081344/tools/bin/../lib/gcc/arm-none-eabi/13.3.1/thumb/v7e-m+fp/hard/crtn.o
OUTPUT(3_FreeRTOS_task1.elf elf32-littlearm)
LOAD linker stubs
LOAD C:/ST/STM32CubeIDE_1.16.1/STM32CubeIDE/plugins/com.st.stm32cube.ide.mcu.externaltools.gnu-tools-for-stm32.13.3.rel1.win32_1.0.0.202411081344/tools/bin/../lib/gcc/arm-none-eabi/13.3.1/../../../../arm-none-eabi/lib/thumb/v7e-m+fp/hard\libc.a
LOAD C:/ST/STM32CubeIDE_1.16.1/STM32CubeIDE/plugins/com.st.stm32cube.ide.mcu.externaltools.gnu-tools-for-stm32.13.3.rel1.win32_1.0.0.202411081344/tools/bin/../lib/gcc/arm-none-eabi/13.3.1/../../../../arm-none-eabi/lib/thumb/v7e-m+fp/hard\libm.a
LOAD C:/ST/STM32CubeIDE_1.16.1/STM32CubeIDE/plugins/com.st.stm32cube.ide.mcu.externaltools.gnu-tools-for-stm32.13.3.rel1.win32_1.0.0.202411081344/tools/bin/../lib/gcc/arm-none-eabi/13.3.1/thumb/v7e-m+fp/hard\libgcc.a

.debug_info     0x00000000     0x9675
 .debug_info    0x00000000      0x3d6 ./Src/gpio.o
 .debug_info    0x000003d6      0x1be ./Src/interrupt.o
 .debug_info    0x00000594      0x2dd ./Src/main.o
 .debug_info    0x00000871      0x6a3 ./Src/syscalls.o
 .debug_info    0x00000f14      0x168 ./Src/sysmem.o
 .debug_info    0x0000107c      0xc10 ./Src/timer.o
 .debug_info    0x00001c8c      0x3a8 ./Src/usart.o
 .debug_info    0x00002034      0x9bb ./Src/util.o
 .debug_info    0x000029ef       0x30 ./Startup/startup_stm32f446retx.o
 .debug_info    0x00002a1f      0x2af ./ThirdParty/FreeRTOS/Source/list.o
 .debug_info    0x00002cce     0x2cc1 ./ThirdParty/FreeRTOS/Source/tasks.o
 .debug_info    0x0000598f      0x4f9 ./ThirdParty/FreeRTOS/Source/portable/GCC/ARM_CM4F/port.o
 .debug_info    0x00005e88      0x556 ./ThirdParty/FreeRTOS/Source/portable/MemMang/heap_4.o
 .debug_info    0x000063de      0xe48 ./ThirdParty/tracealyzer/Src/trcKernelPort.o
 .debug_info    0x00007226     0x244f ./ThirdParty/tracealyzer/Src/trcSnapshotRecorder.o

.debug_abbrev   0x00000000     0x1c0c
 .debug_abbrev  0x00000000      0x11d ./Src/gpio.o
 .debug_abbrev  0x0000011d       0xb2 ./Src/interrupt.o
 .debug_abbrev  0x000001cf      0x1aa ./Src/main.o
 .debug_abbrev  0x00000379      0x1b6 ./Src/syscalls.o
 .debug_abbrev  0x0000052f       0xbc ./Src/sysmem.o
 .debug_abbrev  0x000005eb      0x22c ./Src/timer.o
 .debug_abbrev  0x00000817       0xfd ./Src/usart.o
 .debug_abbrev  0x00000914      0x21c ./Src/util.o
 .debug_abbrev  0x00000b30       0x24 ./Startup/startup_stm32f446retx.o
 .debug_abbrev  0x00000b54       0xf5 ./ThirdParty/FreeRTOS/Source/list.o
 .debug_abbrev  0x00000c49      0x439 ./ThirdParty/FreeRTOS/Source/tasks.o
 .debug_abbrev  0x00001082      0x25a ./ThirdParty/FreeRTOS/Source/portable/GCC/ARM_CM4F/port.o
 .debug_abbrev  0x000012dc      0x26b ./ThirdParty/FreeRTOS/Source/portable/MemMang/heap_4.o
 .debug_abbrev  0x00001547      0x26e ./ThirdParty/tracealyzer/Src/trcKernelPort.o
 .debug_abbrev  0x000017b5      0x457 ./ThirdParty/tracealyzer/Src/trcSnapshotRecorder.o

.debug_aranges  0x00000000      0x8a8
 .debug_aranges
                0x00000000       0x40 ./Src/gpio.o
 .debug_aranges
                0x00000040       0x20 ./Src/interrupt.o
 .debug_aranges
                0x00000060       0x30 ./Src/main.o
 .debug_aranges
                0x00000090       0xa8 ./Src/syscalls.o
 .debug_aranges
                0x00000138       0x20 ./Src/sysmem.o
 .debug_aranges
                0x00000158       0x50 ./Src/timer.o
 .debug_aranges
                0x000001a8       0x30 ./Src/usart.o
 .debug_aranges
                0x000001d8       0x38 ./Src/util.o
 .debug_aranges
                0x00000210       0x28 ./Startup/startup_stm32f446retx.o
 .debug_aranges
                0x00000238       0x40 ./ThirdParty/FreeRTOS/Source/list.o
 .debug_aranges
                0x00000278      0x1e8 ./ThirdParty/FreeRTOS/Source/tasks.o
 .debug_aranges
                0x00000460       0x80 ./ThirdParty/FreeRTOS/Source/portable/GCC/ARM_CM4F/port.o
 .debug_aranges
                0x000004e0       0x60 ./ThirdParty/FreeRTOS/Source/portable/MemMang/heap_4.o
 .debug_aranges
                0x00000540      0x138 ./ThirdParty/tracealyzer/Src/trcKernelPort.o
 .debug_aranges
                0x00000678      0x230 ./ThirdParty/tracealyzer/Src/trcSnapshotRecorder.o

.debug_rnglists
                0x00000000      0x676
 .debug_rnglists
                0x00000000       0x2b ./Src/gpio.o
 .debug_rnglists
                0x0000002b       0x13 ./Src/interrupt.o
 .debug_rnglists
                0x0000003e       0x1f ./Src/main.o
 .debug_rnglists
                0x0000005d       0x79 ./Src/syscalls.o
 .debug_rnglists
                0x000000d6       0x13 ./Src/sysmem.o
 .debug_rnglists
                0x000000e9       0x37 ./Src/timer.o
 .debug_rnglists
                0x00000120       0x20 ./Src/usart.o
 .debug_rnglists
                0x00000140       0x25 ./Src/util.o
 .debug_rnglists
                0x00000165       0x19 ./Startup/startup_stm32f446retx.o
 .debug_rnglists
                0x0000017e       0x2b ./ThirdParty/FreeRTOS/Source/list.o
 .debug_rnglists
                0x000001a9      0x188 ./ThirdParty/FreeRTOS/Source/tasks.o
 .debug_rnglists
                0x00000331       0x5d ./ThirdParty/FreeRTOS/Source/portable/GCC/ARM_CM4F/port.o
 .debug_rnglists
                0x0000038e       0x48 ./ThirdParty/FreeRTOS/Source/portable/MemMang/heap_4.o
 .debug_rnglists
                0x000003d6       0xe8 ./ThirdParty/tracealyzer/Src/trcKernelPort.o
 .debug_rnglists
                0x000004be      0x1b8 ./ThirdParty/tracealyzer/Src/trcSnapshotRecorder.o

.debug_macro    0x00000000    0x1e35c
 .debug_macro   0x00000000       0xd2 ./Src/gpio.o
 .debug_macro   0x000000d2      0xade ./Src/gpio.o
 .debug_macro   0x00000bb0       0x22 ./Src/gpio.o
 .debug_macro   0x00000bd2       0x8e ./Src/gpio.o
 .debug_macro   0x00000c60       0x51 ./Src/gpio.o
 .debug_macro   0x00000cb1      0x103 ./Src/gpio.o
 .debug_macro   0x00000db4       0x6a ./Src/gpio.o
 .debug_macro   0x00000e1e      0x1df ./Src/gpio.o
 .debug_macro   0x00000ffd       0x28 ./Src/gpio.o
 .debug_macro   0x00001025       0x1c ./Src/gpio.o
 .debug_macro   0x00001041       0x22 ./Src/gpio.o
 .debug_macro   0x00001063       0xd9 ./Src/gpio.o
 .debug_macro   0x0000113c     0x102d ./Src/gpio.o
 .debug_macro   0x00002169      0x11f ./Src/gpio.o
 .debug_macro   0x00002288    0x16749 ./Src/gpio.o
 .debug_macro   0x000189d1       0x40 ./Src/gpio.o
 .debug_macro   0x00018a11       0xc9 ./Src/interrupt.o
 .debug_macro   0x00018ada      0x304 ./Src/main.o
 .debug_macro   0x00018dde       0x61 ./Src/main.o
 .debug_macro   0x00018e3f       0x2a ./Src/main.o
 .debug_macro   0x00018e69       0x43 ./Src/main.o
 .debug_macro   0x00018eac       0x34 ./Src/main.o
 .debug_macro   0x00018ee0       0x16 ./Src/main.o
 .debug_macro   0x00018ef6       0x9e ./Src/main.o
 .debug_macro   0x00018f94      0x370 ./Src/main.o
 .debug_macro   0x00019304      0x112 ./Src/main.o
 .debug_macro   0x00019416       0x10 ./Src/main.o
 .debug_macro   0x00019426       0x16 ./Src/main.o
 .debug_macro   0x0001943c       0x4a ./Src/main.o
 .debug_macro   0x00019486       0x34 ./Src/main.o
 .debug_macro   0x000194ba       0x10 ./Src/main.o
 .debug_macro   0x000194ca       0x58 ./Src/main.o
 .debug_macro   0x00019522       0x8e ./Src/main.o
 .debug_macro   0x000195b0       0x1c ./Src/main.o
 .debug_macro   0x000195cc      0x185 ./Src/main.o
 .debug_macro   0x00019751       0x16 ./Src/main.o
 .debug_macro   0x00019767       0x16 ./Src/main.o
 .debug_macro   0x0001977d      0x146 ./Src/main.o
 .debug_macro   0x000198c3      0x105 ./Src/main.o
 .debug_macro   0x000199c8       0x10 ./Src/main.o
 .debug_macro   0x000199d8      0x2d0 ./Src/main.o
 .debug_macro   0x00019ca8       0x2e ./Src/main.o
 .debug_macro   0x00019cd6       0x6d ./Src/main.o
 .debug_macro   0x00019d43       0x83 ./Src/main.o
 .debug_macro   0x00019dc6       0x34 ./Src/main.o
 .debug_macro   0x00019dfa       0xa3 ./Src/main.o
 .debug_macro   0x00019e9d       0x10 ./Src/main.o
 .debug_macro   0x00019ead       0x4b ./Src/main.o
 .debug_macro   0x00019ef8       0x76 ./Src/main.o
 .debug_macro   0x00019f6e       0x22 ./Src/main.o
 .debug_macro   0x00019f90      0xb95 ./Src/main.o
 .debug_macro   0x0001ab25       0x3a ./Src/main.o
 .debug_macro   0x0001ab5f       0x28 ./Src/main.o
 .debug_macro   0x0001ab87       0x1c ./Src/main.o
 .debug_macro   0x0001aba3       0x50 ./Src/main.o
 .debug_macro   0x0001abf3       0x4c ./Src/main.o
 .debug_macro   0x0001ac3f      0x265 ./Src/main.o
 .debug_macro   0x0001aea4      0x15a ./Src/main.o
 .debug_macro   0x0001affe       0xe4 ./Src/main.o
 .debug_macro   0x0001b0e2       0x28 ./Src/main.o
 .debug_macro   0x0001b10a       0x1f ./Src/main.o
 .debug_macro   0x0001b129       0x12 ./Src/main.o
 .debug_macro   0x0001b13b       0x16 ./Src/main.o
 .debug_macro   0x0001b151       0x3c ./Src/main.o
 .debug_macro   0x0001b18d      0x332 ./Src/main.o
 .debug_macro   0x0001b4bf       0xc3 ./Src/main.o
 .debug_macro   0x0001b582      0x120 ./Src/main.o
 .debug_macro   0x0001b6a2      0x274 ./Src/syscalls.o
 .debug_macro   0x0001b916       0x5b ./Src/syscalls.o
 .debug_macro   0x0001b971       0x94 ./Src/syscalls.o
 .debug_macro   0x0001ba05       0x57 ./Src/syscalls.o
 .debug_macro   0x0001ba5c      0x190 ./Src/syscalls.o
 .debug_macro   0x0001bbec       0x10 ./Src/syscalls.o
 .debug_macro   0x0001bbfc       0x10 ./Src/syscalls.o
 .debug_macro   0x0001bc0c       0x10 ./Src/syscalls.o
 .debug_macro   0x0001bc1c       0x10 ./Src/syscalls.o
 .debug_macro   0x0001bc2c       0x1c ./Src/syscalls.o
 .debug_macro   0x0001bc48       0x52 ./Src/syscalls.o
 .debug_macro   0x0001bc9a       0x22 ./Src/syscalls.o
 .debug_macro   0x0001bcbc       0x10 ./Src/syscalls.o
 .debug_macro   0x0001bccc       0x52 ./Src/syscalls.o
 .debug_macro   0x0001bd1e       0xcf ./Src/syscalls.o
 .debug_macro   0x0001bded       0x1c ./Src/syscalls.o
 .debug_macro   0x0001be09       0x3d ./Src/syscalls.o
 .debug_macro   0x0001be46       0x35 ./Src/syscalls.o
 .debug_macro   0x0001be7b      0x12c ./Src/syscalls.o
 .debug_macro   0x0001bfa7       0x16 ./Src/syscalls.o
 .debug_macro   0x0001bfbd       0x16 ./Src/syscalls.o
 .debug_macro   0x0001bfd3       0x29 ./Src/syscalls.o
 .debug_macro   0x0001bffc       0x10 ./Src/syscalls.o
 .debug_macro   0x0001c00c      0x242 ./Src/syscalls.o
 .debug_macro   0x0001c24e       0x1c ./Src/syscalls.o
 .debug_macro   0x0001c26a       0x10 ./Src/syscalls.o
 .debug_macro   0x0001c27a      0x18a ./Src/syscalls.o
 .debug_macro   0x0001c404       0x16 ./Src/syscalls.o
 .debug_macro   0x0001c41a       0xce ./Src/syscalls.o
 .debug_macro   0x0001c4e8      0x112 ./Src/sysmem.o
 .debug_macro   0x0001c5fa      0x23c ./Src/sysmem.o
 .debug_macro   0x0001c836       0xc9 ./Src/timer.o
 .debug_macro   0x0001c8ff       0xd2 ./Src/usart.o
 .debug_macro   0x0001c9d1      0x1b0 ./Src/util.o
 .debug_macro   0x0001cb81      0x2ba ./ThirdParty/FreeRTOS/Source/list.o
 .debug_macro   0x0001ce3b      0x3a0 ./ThirdParty/FreeRTOS/Source/tasks.o
 .debug_macro   0x0001d1db       0x17 ./ThirdParty/FreeRTOS/Source/tasks.o
 .debug_macro   0x0001d1f2      0x367 ./ThirdParty/FreeRTOS/Source/portable/GCC/ARM_CM4F/port.o
 .debug_macro   0x0001d559      0x33b ./ThirdParty/FreeRTOS/Source/portable/MemMang/heap_4.o
 .debug_macro   0x0001d894      0x2cf ./ThirdParty/tracealyzer/Src/trcKernelPort.o
 .debug_macro   0x0001db63      0x2c1 ./ThirdParty/tracealyzer/Src/trcSnapshotRecorder.o
 .debug_macro   0x0001de24      0x538 ./ThirdParty/tracealyzer/Src/trcSnapshotRecorder.o

.debug_line     0x00000000     0xaa42
 .debug_line    0x00000000      0x5bb ./Src/gpio.o
 .debug_line    0x000005bb      0x52d ./Src/interrupt.o
 .debug_line    0x00000ae8      0x964 ./Src/main.o
 .debug_line    0x0000144c      0x8a7 ./Src/syscalls.o
 .debug_line    0x00001cf3      0x583 ./Src/sysmem.o
 .debug_line    0x00002276      0x67d ./Src/timer.o
 .debug_line    0x000028f3      0x5c7 ./Src/usart.o
 .debug_line    0x00002eba      0x6d1 ./Src/util.o
 .debug_line    0x0000358b       0x7b ./Startup/startup_stm32f446retx.o
 .debug_line    0x00003606      0xa0b ./ThirdParty/FreeRTOS/Source/list.o
 .debug_line    0x00004011     0x2269 ./ThirdParty/FreeRTOS/Source/tasks.o
 .debug_line    0x0000627a      0xc12 ./ThirdParty/FreeRTOS/Source/portable/GCC/ARM_CM4F/port.o
 .debug_line    0x00006e8c      0xc8a ./ThirdParty/FreeRTOS/Source/portable/MemMang/heap_4.o
 .debug_line    0x00007b16      0xeff ./ThirdParty/tracealyzer/Src/trcKernelPort.o
 .debug_line    0x00008a15     0x202d ./ThirdParty/tracealyzer/Src/trcSnapshotRecorder.o

.debug_str      0x00000000    0xa94da
 .debug_str     0x00000000    0xa94da ./Src/gpio.o
                              0x8a98b (size before relaxing)
 .debug_str     0x000a94da    0x8a7a3 ./Src/interrupt.o
 .debug_str     0x000a94da    0xa1390 ./Src/main.o
 .debug_str     0x000a94da     0x99cf ./Src/syscalls.o
 .debug_str     0x000a94da     0x776d ./Src/sysmem.o
 .debug_str     0x000a94da    0x8aff1 ./Src/timer.o
 .debug_str     0x000a94da    0x8a991 ./Src/usart.o
 .debug_str     0x000a94da    0x8e662 ./Src/util.o
 .debug_str     0x000a94da       0x6c ./Startup/startup_stm32f446retx.o
 .debug_str     0x000a94da    0x9fb84 ./ThirdParty/FreeRTOS/Source/list.o
 .debug_str     0x000a94da    0xa3226 ./ThirdParty/FreeRTOS/Source/tasks.o
 .debug_str     0x000a94da    0xa14c0 ./ThirdParty/FreeRTOS/Source/portable/GCC/ARM_CM4F/port.o
 .debug_str     0x000a94da    0xa13d8 ./ThirdParty/FreeRTOS/Source/portable/MemMang/heap_4.o
 .debug_str     0x000a94da    0xa2837 ./ThirdParty/tracealyzer/Src/trcKernelPort.o
 .debug_str     0x000a94da    0xa0e04 ./ThirdParty/tracealyzer/Src/trcSnapshotRecorder.o

.comment        0x00000000       0x43
 .comment       0x00000000       0x43 ./Src/gpio.o
                                 0x44 (size before relaxing)
 .comment       0x00000043       0x44 ./Src/interrupt.o
 .comment       0x00000043       0x44 ./Src/main.o
 .comment       0x00000043       0x44 ./Src/syscalls.o
 .comment       0x00000043       0x44 ./Src/sysmem.o
 .comment       0x00000043       0x44 ./Src/timer.o
 .comment       0x00000043       0x44 ./Src/usart.o
 .comment       0x00000043       0x44 ./Src/util.o
 .comment       0x00000043       0x44 ./ThirdParty/FreeRTOS/Source/list.o
 .comment       0x00000043       0x44 ./ThirdParty/FreeRTOS/Source/tasks.o
 .comment       0x00000043       0x44 ./ThirdParty/FreeRTOS/Source/portable/GCC/ARM_CM4F/port.o
 .comment       0x00000043       0x44 ./ThirdParty/FreeRTOS/Source/portable/MemMang/heap_4.o
 .comment       0x00000043       0x44 ./ThirdParty/tracealyzer/Src/trcKernelPort.o
 .comment       0x00000043       0x44 ./ThirdParty/tracealyzer/Src/trcSnapshotRecorder.o

.debug_frame    0x00000000     0x27d4
 .debug_frame   0x00000000       0xd0 ./Src/gpio.o
 .debug_frame   0x000000d0       0x30 ./Src/interrupt.o
 .debug_frame   0x00000100       0x70 ./Src/main.o
 .debug_frame   0x00000170      0x2ac ./Src/syscalls.o
 .debug_frame   0x0000041c       0x34 ./Src/sysmem.o
 .debug_frame   0x00000450      0x108 ./Src/timer.o
 .debug_frame   0x00000558       0x78 ./Src/usart.o
 .debug_frame   0x000005d0       0x8c ./Src/util.o
 .debug_frame   0x0000065c       0xd8 ./ThirdParty/FreeRTOS/Source/list.o
 .debug_frame   0x00000734      0x874 ./ThirdParty/FreeRTOS/Source/tasks.o
 .debug_frame   0x00000fa8      0x1a8 ./ThirdParty/FreeRTOS/Source/portable/GCC/ARM_CM4F/port.o
 .debug_frame   0x00001150      0x150 ./ThirdParty/FreeRTOS/Source/portable/MemMang/heap_4.o
 .debug_frame   0x000012a0      0x514 ./ThirdParty/tracealyzer/Src/trcKernelPort.o
 .debug_frame   0x000017b4      0x984 ./ThirdParty/tracealyzer/Src/trcSnapshotRecorder.o
 .debug_frame   0x00002138      0x144 C:/ST/STM32CubeIDE_1.16.1/STM32CubeIDE/plugins/com.st.stm32cube.ide.mcu.externaltools.gnu-tools-for-stm32.13.3.rel1.win32_1.0.0.202411081344/tools/bin/../lib/gcc/arm-none-eabi/13.3.1/../../../../arm-none-eabi/lib/thumb/v7e-m+fp/hard\libc_nano.a(libc_a-findfp.o)
 .debug_frame   0x0000227c       0x34 C:/ST/STM32CubeIDE_1.16.1/STM32CubeIDE/plugins/com.st.stm32cube.ide.mcu.externaltools.gnu-tools-for-stm32.13.3.rel1.win32_1.0.0.202411081344/tools/bin/../lib/gcc/arm-none-eabi/13.3.1/../../../../arm-none-eabi/lib/thumb/v7e-m+fp/hard\libc_nano.a(libc_a-fwalk.o)
 .debug_frame   0x000022b0       0x3c C:/ST/STM32CubeIDE_1.16.1/STM32CubeIDE/plugins/com.st.stm32cube.ide.mcu.externaltools.gnu-tools-for-stm32.13.3.rel1.win32_1.0.0.202411081344/tools/bin/../lib/gcc/arm-none-eabi/13.3.1/../../../../arm-none-eabi/lib/thumb/v7e-m+fp/hard\libc_nano.a(libc_a-puts.o)
 .debug_frame   0x000022ec       0x88 C:/ST/STM32CubeIDE_1.16.1/STM32CubeIDE/plugins/com.st.stm32cube.ide.mcu.externaltools.gnu-tools-for-stm32.13.3.rel1.win32_1.0.0.202411081344/tools/bin/../lib/gcc/arm-none-eabi/13.3.1/../../../../arm-none-eabi/lib/thumb/v7e-m+fp/hard\libc_nano.a(libc_a-stdio.o)
 .debug_frame   0x00002374       0x40 C:/ST/STM32CubeIDE_1.16.1/STM32CubeIDE/plugins/com.st.stm32cube.ide.mcu.externaltools.gnu-tools-for-stm32.13.3.rel1.win32_1.0.0.202411081344/tools/bin/../lib/gcc/arm-none-eabi/13.3.1/../../../../arm-none-eabi/lib/thumb/v7e-m+fp/hard\libc_nano.a(libc_a-wbuf.o)
 .debug_frame   0x000023b4       0x2c C:/ST/STM32CubeIDE_1.16.1/STM32CubeIDE/plugins/com.st.stm32cube.ide.mcu.externaltools.gnu-tools-for-stm32.13.3.rel1.win32_1.0.0.202411081344/tools/bin/../lib/gcc/arm-none-eabi/13.3.1/../../../../arm-none-eabi/lib/thumb/v7e-m+fp/hard\libc_nano.a(libc_a-wsetup.o)
 .debug_frame   0x000023e0       0x20 C:/ST/STM32CubeIDE_1.16.1/STM32CubeIDE/plugins/com.st.stm32cube.ide.mcu.externaltools.gnu-tools-for-stm32.13.3.rel1.win32_1.0.0.202411081344/tools/bin/../lib/gcc/arm-none-eabi/13.3.1/../../../../arm-none-eabi/lib/thumb/v7e-m+fp/hard\libc_nano.a(libc_a-memset.o)
 .debug_frame   0x00002400       0x2c C:/ST/STM32CubeIDE_1.16.1/STM32CubeIDE/plugins/com.st.stm32cube.ide.mcu.externaltools.gnu-tools-for-stm32.13.3.rel1.win32_1.0.0.202411081344/tools/bin/../lib/gcc/arm-none-eabi/13.3.1/../../../../arm-none-eabi/lib/thumb/v7e-m+fp/hard\libc_nano.a(libc_a-closer.o)
 .debug_frame   0x0000242c       0x38 C:/ST/STM32CubeIDE_1.16.1/STM32CubeIDE/plugins/com.st.stm32cube.ide.mcu.externaltools.gnu-tools-for-stm32.13.3.rel1.win32_1.0.0.202411081344/tools/bin/../lib/gcc/arm-none-eabi/13.3.1/../../../../arm-none-eabi/lib/thumb/v7e-m+fp/hard\libc_nano.a(libc_a-reent.o)
 .debug_frame   0x00002464       0x2c C:/ST/STM32CubeIDE_1.16.1/STM32CubeIDE/plugins/com.st.stm32cube.ide.mcu.externaltools.gnu-tools-for-stm32.13.3.rel1.win32_1.0.0.202411081344/tools/bin/../lib/gcc/arm-none-eabi/13.3.1/../../../../arm-none-eabi/lib/thumb/v7e-m+fp/hard\libc_nano.a(libc_a-lseekr.o)
 .debug_frame   0x00002490       0x2c C:/ST/STM32CubeIDE_1.16.1/STM32CubeIDE/plugins/com.st.stm32cube.ide.mcu.externaltools.gnu-tools-for-stm32.13.3.rel1.win32_1.0.0.202411081344/tools/bin/../lib/gcc/arm-none-eabi/13.3.1/../../../../arm-none-eabi/lib/thumb/v7e-m+fp/hard\libc_nano.a(libc_a-readr.o)
 .debug_frame   0x000024bc       0x2c C:/ST/STM32CubeIDE_1.16.1/STM32CubeIDE/plugins/com.st.stm32cube.ide.mcu.externaltools.gnu-tools-for-stm32.13.3.rel1.win32_1.0.0.202411081344/tools/bin/../lib/gcc/arm-none-eabi/13.3.1/../../../../arm-none-eabi/lib/thumb/v7e-m+fp/hard\libc_nano.a(libc_a-writer.o)
 .debug_frame   0x000024e8       0x20 C:/ST/STM32CubeIDE_1.16.1/STM32CubeIDE/plugins/com.st.stm32cube.ide.mcu.externaltools.gnu-tools-for-stm32.13.3.rel1.win32_1.0.0.202411081344/tools/bin/../lib/gcc/arm-none-eabi/13.3.1/../../../../arm-none-eabi/lib/thumb/v7e-m+fp/hard\libc_nano.a(libc_a-errno.o)
 .debug_frame   0x00002508       0x2c C:/ST/STM32CubeIDE_1.16.1/STM32CubeIDE/plugins/com.st.stm32cube.ide.mcu.externaltools.gnu-tools-for-stm32.13.3.rel1.win32_1.0.0.202411081344/tools/bin/../lib/gcc/arm-none-eabi/13.3.1/../../../../arm-none-eabi/lib/thumb/v7e-m+fp/hard\libc_nano.a(libc_a-init.o)
 .debug_frame   0x00002534       0xb0 C:/ST/STM32CubeIDE_1.16.1/STM32CubeIDE/plugins/com.st.stm32cube.ide.mcu.externaltools.gnu-tools-for-stm32.13.3.rel1.win32_1.0.0.202411081344/tools/bin/../lib/gcc/arm-none-eabi/13.3.1/../../../../arm-none-eabi/lib/thumb/v7e-m+fp/hard\libc_nano.a(libc_a-lock.o)
 .debug_frame   0x000025e4       0x38 C:/ST/STM32CubeIDE_1.16.1/STM32CubeIDE/plugins/com.st.stm32cube.ide.mcu.externaltools.gnu-tools-for-stm32.13.3.rel1.win32_1.0.0.202411081344/tools/bin/../lib/gcc/arm-none-eabi/13.3.1/../../../../arm-none-eabi/lib/thumb/v7e-m+fp/hard\libc_nano.a(libc_a-freer.o)
 .debug_frame   0x0000261c       0x50 C:/ST/STM32CubeIDE_1.16.1/STM32CubeIDE/plugins/com.st.stm32cube.ide.mcu.externaltools.gnu-tools-for-stm32.13.3.rel1.win32_1.0.0.202411081344/tools/bin/../lib/gcc/arm-none-eabi/13.3.1/../../../../arm-none-eabi/lib/thumb/v7e-m+fp/hard\libc_nano.a(libc_a-mallocr.o)
 .debug_frame   0x0000266c       0x30 C:/ST/STM32CubeIDE_1.16.1/STM32CubeIDE/plugins/com.st.stm32cube.ide.mcu.externaltools.gnu-tools-for-stm32.13.3.rel1.win32_1.0.0.202411081344/tools/bin/../lib/gcc/arm-none-eabi/13.3.1/../../../../arm-none-eabi/lib/thumb/v7e-m+fp/hard\libc_nano.a(libc_a-mlock.o)
 .debug_frame   0x0000269c       0x5c C:/ST/STM32CubeIDE_1.16.1/STM32CubeIDE/plugins/com.st.stm32cube.ide.mcu.externaltools.gnu-tools-for-stm32.13.3.rel1.win32_1.0.0.202411081344/tools/bin/../lib/gcc/arm-none-eabi/13.3.1/../../../../arm-none-eabi/lib/thumb/v7e-m+fp/hard\libc_nano.a(libc_a-fflush.o)
 .debug_frame   0x000026f8       0x58 C:/ST/STM32CubeIDE_1.16.1/STM32CubeIDE/plugins/com.st.stm32cube.ide.mcu.externaltools.gnu-tools-for-stm32.13.3.rel1.win32_1.0.0.202411081344/tools/bin/../lib/gcc/arm-none-eabi/13.3.1/../../../../arm-none-eabi/lib/thumb/v7e-m+fp/hard\libc_nano.a(libc_a-makebuf.o)
 .debug_frame   0x00002750       0x2c C:/ST/STM32CubeIDE_1.16.1/STM32CubeIDE/plugins/com.st.stm32cube.ide.mcu.externaltools.gnu-tools-for-stm32.13.3.rel1.win32_1.0.0.202411081344/tools/bin/../lib/gcc/arm-none-eabi/13.3.1/../../../../arm-none-eabi/lib/thumb/v7e-m+fp/hard\libc_nano.a(libc_a-fstatr.o)
 .debug_frame   0x0000277c       0x2c C:/ST/STM32CubeIDE_1.16.1/STM32CubeIDE/plugins/com.st.stm32cube.ide.mcu.externaltools.gnu-tools-for-stm32.13.3.rel1.win32_1.0.0.202411081344/tools/bin/../lib/gcc/arm-none-eabi/13.3.1/../../../../arm-none-eabi/lib/thumb/v7e-m+fp/hard\libc_nano.a(libc_a-isattyr.o)
 .debug_frame   0x000027a8       0x2c C:/ST/STM32CubeIDE_1.16.1/STM32CubeIDE/plugins/com.st.stm32cube.ide.mcu.externaltools.gnu-tools-for-stm32.13.3.rel1.win32_1.0.0.202411081344/tools/bin/../lib/gcc/arm-none-eabi/13.3.1/../../../../arm-none-eabi/lib/thumb/v7e-m+fp/hard\libc_nano.a(libc_a-sbrkr.o)

.debug_line_str
                0x00000000       0x50
 .debug_line_str
                0x00000000       0x50 ./Startup/startup_stm32f446retx.o
