12:01:28 **** Incremental Build of configuration Debug for project 10_ISR ****
make -j8 all 
arm-none-eabi-gcc "../Src/main.c" -mcpu=cortex-m4 -std=gnu11 -g3 -DDEBUG -DSTM32 -DSTM32F4 -DSTM32F446RETx -c -I../Inc -I"D:/RAPINAT/TPFreeRTOS/10_ISR/Drivers/CMSIS/Include" -I"D:/RAPINAT/TPFreeRTOS/10_ISR/Drivers/CMSIS/Device/ST/STM32F4xx/Include" -I"D:/RAPINAT/TPFreeRTOS/10_ISR/ThirdParty" -I"D:/RAPINAT/TPFreeRTOS/10_ISR/ThirdParty/FreeRTOS/Source/include" -I"D:/RAPINAT/TPFreeRTOS/10_ISR/ThirdParty/FreeRTOS/Source/portable" -I"D:/RAPINAT/TPFreeRTOS/10_ISR/ThirdParty/FreeRTOS/Source/portable/GCC/ARM_CM4F" -I"D:/RAPINAT/TPFreeRTOS/10_ISR/ThirdParty/FreeRTOS/Source/portable/MemMang" -I"D:/RAPINAT/TPFreeRTOS/10_ISR/ThirdParty/tracealyzer/Inc" -O0 -ffunction-sections -fdata-sections -Wall -fstack-usage -fcyclomatic-complexity -MMD -MP -MF"Src/main.d" -MT"Src/main.o" --specs=nano.specs -mfpu=fpv4-sp-d16 -mfloat-abi=hard -mthumb -o "Src/main.o"
arm-none-eabi-gcc -o "10_ISR.elf" @"objects.list"   -mcpu=cortex-m4 -T"D:\RAPINAT\TPFreeRTOS\10_ISR\STM32F446RETX_FLASH.ld" --specs=nosys.specs -Wl,-Map="10_ISR.map" -Wl,--gc-sections -static --specs=nano.specs -mfpu=fpv4-sp-d16 -mfloat-abi=hard -mthumb -Wl,--start-group -lc -lm -Wl,--end-group
Finished building target: 10_ISR.elf
 
arm-none-eabi-size  10_ISR.elf 
arm-none-eabi-objdump -h -S 10_ISR.elf  > "10_ISR.list"
   text	   data	    bss	    dec	    hex	filename
  20884	    104	  36248	  57236	   df94	10_ISR.elf
Finished building: default.size.stdout
 
Finished building: 10_ISR.list
 

12:01:29 Build Finished. 0 errors, 0 warnings. (took 1s.32ms)

