14:44:37 **** Incremental Build of configuration Debug for project 3_FreeRTOS_task1 ****
make -j8 all 
arm-none-eabi-gcc "../Src/main.c" -mcpu=cortex-m4 -std=gnu11 -g3 -DDEBUG -DSTM32 -DSTM32F4 -DSTM32F446RETx -c -I../Inc -I"D:/RAPINAT/TPFreeRTOS/3_FreeRTOS_task1/Drivers/CMSIS/Include" -I"D:/RAPINAT/TPFreeRTOS/3_FreeRTOS_task1/Drivers/CMSIS/Device/ST/STM32F4xx/Include" -I"D:/RAPINAT/TPFreeRTOS/3_FreeRTOS_task1/ThirdParty" -I"D:/RAPINAT/TPFreeRTOS/3_FreeRTOS_task1/ThirdParty/FreeRTOS/Source/include" -I"D:/RAPINAT/TPFreeRTOS/3_FreeRTOS_task1/ThirdParty/FreeRTOS/Source/portable" -I"D:/RAPINAT/TPFreeRTOS/3_FreeRTOS_task1/ThirdParty/FreeRTOS/Source/portable/GCC/ARM_CM4F" -I"D:/RAPINAT/TPFreeRTOS/3_FreeRTOS_task1/ThirdParty/FreeRTOS/Source/portable/MemMang" -I"D:/RAPINAT/TPFreeRTOS/3_FreeRTOS_task1/ThirdParty/tracealyzer/Inc" -O0 -ffunction-sections -fdata-sections -Wall -fstack-usage -fcyclomatic-complexity -MMD -MP -MF"Src/main.d" -MT"Src/main.o" --specs=nano.specs -mfpu=fpv4-sp-d16 -mfloat-abi=hard -mthumb -o "Src/main.o"
arm-none-eabi-gcc -o "3_FreeRTOS_task1.elf" @"objects.list"   -mcpu=cortex-m4 -T"D:\RAPINAT\TPFreeRTOS\3_FreeRTOS_task1\STM32F446RETX_FLASH.ld" --specs=nosys.specs -Wl,-Map="3_FreeRTOS_task1.map" -Wl,--gc-sections -static --specs=nano.specs -mfpu=fpv4-sp-d16 -mfloat-abi=hard -mthumb -Wl,--start-group -lc -lm -Wl,--end-group
Finished building target: 3_FreeRTOS_task1.elf
 
arm-none-eabi-size  3_FreeRTOS_task1.elf 
arm-none-eabi-objdump -h -S 3_FreeRTOS_task1.elf  > "3_FreeRTOS_task1.list"
   text	   data	    bss	    dec	    hex	filename
  17716	    104	  24240	  42060	   a44c	3_FreeRTOS_task1.elf
Finished building: default.size.stdout
 
Finished building: 3_FreeRTOS_task1.list
 

14:44:38 Build Finished. 0 errors, 0 warnings. (took 1s.125ms)

