10:13:10 **** Incremental Build of configuration Debug for project 8_synchro_task ****
make -j8 all 
arm-none-eabi-gcc "../Src/main.c" -mcpu=cortex-m4 -std=gnu11 -g3 -DDEBUG -DSTM32 -DSTM32F4 -DSTM32F446RETx -c -I../Inc -I"D:/RAPINAT/TPFreeRTOS/8_synchro_task/Drivers/CMSIS/Include" -I"D:/RAPINAT/TPFreeRTOS/8_synchro_task/Drivers/CMSIS/Device/ST/STM32F4xx/Include" -I"D:/RAPINAT/TPFreeRTOS/8_synchro_task/ThirdParty" -I"D:/RAPINAT/TPFreeRTOS/8_synchro_task/ThirdParty/FreeRTOS/Source/include" -I"D:/RAPINAT/TPFreeRTOS/8_synchro_task/ThirdParty/FreeRTOS/Source/portable" -I"D:/RAPINAT/TPFreeRTOS/8_synchro_task/ThirdParty/FreeRTOS/Source/portable/GCC/ARM_CM4F" -I"D:/RAPINAT/TPFreeRTOS/8_synchro_task/ThirdParty/FreeRTOS/Source/portable/MemMang" -I"D:/RAPINAT/TPFreeRTOS/8_synchro_task/ThirdParty/tracealyzer/Inc" -O0 -ffunction-sections -fdata-sections -Wall -fstack-usage -fcyclomatic-complexity -MMD -MP -MF"Src/main.d" -MT"Src/main.o" --specs=nano.specs -mfpu=fpv4-sp-d16 -mfloat-abi=hard -mthumb -o "Src/main.o"
arm-none-eabi-gcc -o "8_synchro_task.elf" @"objects.list"   -mcpu=cortex-m4 -T"D:\RAPINAT\TPFreeRTOS\8_synchro_task\STM32F446RETX_FLASH.ld" --specs=nosys.specs -Wl,-Map="8_synchro_task.map" -Wl,--gc-sections -static --specs=nano.specs -mfpu=fpv4-sp-d16 -mfloat-abi=hard -mthumb -Wl,--start-group -lc -lm -Wl,--end-group
Finished building target: 8_synchro_task.elf
 
arm-none-eabi-size  8_synchro_task.elf 
arm-none-eabi-objdump -h -S 8_synchro_task.elf  > "8_synchro_task.list"
   text	   data	    bss	    dec	    hex	filename
  27320	    112	  36256	  63688	   f8c8	8_synchro_task.elf
Finished building: default.size.stdout
 
Finished building: 8_synchro_task.list
 

10:13:11 Build Finished. 0 errors, 0 warnings. (took 931ms)

