11:22:41 **** Incremental Build of configuration Debug for project 9_task_communication ****
make -j8 all 
arm-none-eabi-gcc "../Src/main.c" -mcpu=cortex-m4 -std=gnu11 -g3 -DDEBUG -DSTM32 -DSTM32F4 -DSTM32F446RETx -c -I../Inc -I"D:/RAPINAT/TPFreeRTOS/9_task_communication/Drivers/CMSIS/Include" -I"D:/RAPINAT/TPFreeRTOS/9_task_communication/Drivers/CMSIS/Device/ST/STM32F4xx/Include" -I"D:/RAPINAT/TPFreeRTOS/9_task_communication/ThirdParty" -I"D:/RAPINAT/TPFreeRTOS/9_task_communication/ThirdParty/FreeRTOS/Source/include" -I"D:/RAPINAT/TPFreeRTOS/9_task_communication/ThirdParty/FreeRTOS/Source/portable" -I"D:/RAPINAT/TPFreeRTOS/9_task_communication/ThirdParty/FreeRTOS/Source/portable/GCC/ARM_CM4F" -I"D:/RAPINAT/TPFreeRTOS/9_task_communication/ThirdParty/FreeRTOS/Source/portable/MemMang" -I"D:/RAPINAT/TPFreeRTOS/9_task_communication/ThirdParty/tracealyzer/Inc" -O0 -ffunction-sections -fdata-sections -Wall -fstack-usage -fcyclomatic-complexity -MMD -MP -MF"Src/main.d" -MT"Src/main.o" --specs=nano.specs -mfpu=fpv4-sp-d16 -mfloat-abi=hard -mthumb -o "Src/main.o"
arm-none-eabi-gcc -o "9_task_communication.elf" @"objects.list"   -mcpu=cortex-m4 -T"D:\RAPINAT\TPFreeRTOS\9_task_communication\STM32F446RETX_FLASH.ld" --specs=nosys.specs -Wl,-Map="9_task_communication.map" -Wl,--gc-sections -static --specs=nano.specs -mfpu=fpv4-sp-d16 -mfloat-abi=hard -mthumb -Wl,--start-group -lc -lm -Wl,--end-group
Finished building target: 9_task_communication.elf
 
arm-none-eabi-size  9_task_communication.elf 
arm-none-eabi-objdump -h -S 9_task_communication.elf  > "9_task_communication.list"
   text	   data	    bss	    dec	    hex	filename
  29540	    112	  36240	  65892	  10164	9_task_communication.elf
Finished building: default.size.stdout
 
Finished building: 9_task_communication.list
 

11:22:42 Build Finished. 0 errors, 0 warnings. (took 984ms)

