15:07:10 **** Incremental Build of configuration Debug for project Examen_PROGC_M1ESET ****
make -j8 all 
arm-none-eabi-gcc "../Src/main.c" -mcpu=cortex-m4 -std=gnu11 -g3 -DDEBUG -DSTM32 -DSTM32F4 -DSTM32F446RETx -c -I../Inc -I"D:/RAPINAT/TPFreeRTOS/Examen_PROGC_M1ESET/Examen_PROGC_M1ESET/CMSIS/Device/ST/STM32F4xx/Include" -I"D:/RAPINAT/TPFreeRTOS/Examen_PROGC_M1ESET/Examen_PROGC_M1ESET/CMSIS/Include" -Og -ffunction-sections -fdata-sections -Wall -fstack-usage -fcyclomatic-complexity -MMD -MP -MF"Src/main.d" -MT"Src/main.o" --specs=nano.specs -mfpu=fpv4-sp-d16 -mfloat-abi=hard -mthumb -o "Src/main.o"
In file included from ../Src/main.c:4:
../Inc/main.h:3:7: warning: extra tokens at end of #endif directive [-Wendif-labels]
    3 | #endif;
      |       ^
arm-none-eabi-gcc -o "Examen_PROGC_M1ESET.elf" @"objects.list"  -llibrary -mcpu=cortex-m4 -T"D:\RAPINAT\TPFreeRTOS\Examen_PROGC_M1ESET\Examen_PROGC_M1ESET\STM32F446RETX_FLASH.ld" --specs=nosys.specs -Wl,-Map="Examen_PROGC_M1ESET.map" -Wl,--gc-sections -static -L"D:\RAPINAT\TPFreeRTOS\Examen_PROGC_M1ESET\Examen_PROGC_M1ESET\lib" --specs=nano.specs -mfpu=fpv4-sp-d16 -mfloat-abi=hard -mthumb -Wl,--start-group -lc -lm -Wl,--end-group
C:/ST/STM32CubeIDE_1.16.1/STM32CubeIDE/plugins/com.st.stm32cube.ide.mcu.externaltools.gnu-tools-for-stm32.13.3.rel1.win32_1.0.0.202411081344/tools/bin/../lib/gcc/arm-none-eabi/13.3.1/../../../../arm-none-eabi/bin/ld.exe: warning: Examen_PROGC_M1ESET.elf has a LOAD segment with RWX permissions
Finished building target: Examen_PROGC_M1ESET.elf
 
arm-none-eabi-size  Examen_PROGC_M1ESET.elf 
arm-none-eabi-objdump -h -S Examen_PROGC_M1ESET.elf  > "Examen_PROGC_M1ESET.list"
   text	   data	    bss	    dec	    hex	filename
   5268	    100	   1908	   7276	   1c6c	Examen_PROGC_M1ESET.elf
Finished building: default.size.stdout
 
Finished building: Examen_PROGC_M1ESET.list
 

15:07:11 Build Finished. 0 errors, 2 warnings. (took 822ms)

