16:42:47 **** Incremental Build of configuration Debug for project FreeRTOS_ordo_cooperatif ****
make -j8 all 
arm-none-eabi-gcc "../ThirdParty/tracealyzer/Src/trcKernelPort.c" -mcpu=cortex-m4 -std=gnu11 -g3 -DDEBUG -DSTM32 -DSTM32F4 -DSTM32F446RETx -c -I../Inc -I"D:/RAPINAT/TPFreeRTOS/FreeRTOS_ordo_cooperatif/Drivers/CMSIS/Include" -I"D:/RAPINAT/TPFreeRTOS/FreeRTOS_ordo_cooperatif/Drivers/CMSIS/Device/ST/STM32F4xx/Include" -I"D:/RAPINAT/TPFreeRTOS/FreeRTOS_ordo_cooperatif/ThirdParty" -I"D:/RAPINAT/TPFreeRTOS/FreeRTOS_ordo_cooperatif/ThirdParty/FreeRTOS/Source/include" -I"D:/RAPINAT/TPFreeRTOS/FreeRTOS_ordo_cooperatif/ThirdParty/FreeRTOS/Source/portable" -I"D:/RAPINAT/TPFreeRTOS/FreeRTOS_ordo_cooperatif/ThirdParty/FreeRTOS/Source/portable/GCC/ARM_CM4F" -I"D:/RAPINAT/TPFreeRTOS/FreeRTOS_ordo_cooperatif/ThirdParty/FreeRTOS/Source/portable/MemMang" -I"D:/RAPINAT/TPFreeRTOS/FreeRTOS_ordo_cooperatif/ThirdParty/tracealyzer/Inc" -O0 -ffunction-sections -fdata-sections -Wall -fstack-usage -fcyclomatic-complexity -MMD -MP -MF"ThirdParty/tracealyzer/Src/trcKernelPort.d" -MT"ThirdParty/tracealyzer/Src/trcKernelPort.o" --specs=nano.specs -mfpu=fpv4-sp-d16 -mfloat-abi=hard -mthumb -o "ThirdParty/tracealyzer/Src/trcKernelPort.o"
arm-none-eabi-gcc "../ThirdParty/tracealyzer/Src/trcSnapshotRecorder.c" -mcpu=cortex-m4 -std=gnu11 -g3 -DDEBUG -DSTM32 -DSTM32F4 -DSTM32F446RETx -c -I../Inc -I"D:/RAPINAT/TPFreeRTOS/FreeRTOS_ordo_cooperatif/Drivers/CMSIS/Include" -I"D:/RAPINAT/TPFreeRTOS/FreeRTOS_ordo_cooperatif/Drivers/CMSIS/Device/ST/STM32F4xx/Include" -I"D:/RAPINAT/TPFreeRTOS/FreeRTOS_ordo_cooperatif/ThirdParty" -I"D:/RAPINAT/TPFreeRTOS/FreeRTOS_ordo_cooperatif/ThirdParty/FreeRTOS/Source/include" -I"D:/RAPINAT/TPFreeRTOS/FreeRTOS_ordo_cooperatif/ThirdParty/FreeRTOS/Source/portable" -I"D:/RAPINAT/TPFreeRTOS/FreeRTOS_ordo_cooperatif/ThirdParty/FreeRTOS/Source/portable/GCC/ARM_CM4F" -I"D:/RAPINAT/TPFreeRTOS/FreeRTOS_ordo_cooperatif/ThirdParty/FreeRTOS/Source/portable/MemMang" -I"D:/RAPINAT/TPFreeRTOS/FreeRTOS_ordo_cooperatif/ThirdParty/tracealyzer/Inc" -O0 -ffunction-sections -fdata-sections -Wall -fstack-usage -fcyclomatic-complexity -MMD -MP -MF"ThirdParty/tracealyzer/Src/trcSnapshotRecorder.d" -MT"ThirdParty/tracealyzer/Src/trcSnapshotRecorder.o" --specs=nano.specs -mfpu=fpv4-sp-d16 -mfloat-abi=hard -mthumb -o "ThirdParty/tracealyzer/Src/trcSnapshotRecorder.o"
arm-none-eabi-gcc "../ThirdParty/tracealyzer/Src/trcStreamingRecorder.c" -mcpu=cortex-m4 -std=gnu11 -g3 -DDEBUG -DSTM32 -DSTM32F4 -DSTM32F446RETx -c -I../Inc -I"D:/RAPINAT/TPFreeRTOS/FreeRTOS_ordo_cooperatif/Drivers/CMSIS/Include" -I"D:/RAPINAT/TPFreeRTOS/FreeRTOS_ordo_cooperatif/Drivers/CMSIS/Device/ST/STM32F4xx/Include" -I"D:/RAPINAT/TPFreeRTOS/FreeRTOS_ordo_cooperatif/ThirdParty" -I"D:/RAPINAT/TPFreeRTOS/FreeRTOS_ordo_cooperatif/ThirdParty/FreeRTOS/Source/include" -I"D:/RAPINAT/TPFreeRTOS/FreeRTOS_ordo_cooperatif/ThirdParty/FreeRTOS/Source/portable" -I"D:/RAPINAT/TPFreeRTOS/FreeRTOS_ordo_cooperatif/ThirdParty/FreeRTOS/Source/portable/GCC/ARM_CM4F" -I"D:/RAPINAT/TPFreeRTOS/FreeRTOS_ordo_cooperatif/ThirdParty/FreeRTOS/Source/portable/MemMang" -I"D:/RAPINAT/TPFreeRTOS/FreeRTOS_ordo_cooperatif/ThirdParty/tracealyzer/Inc" -O0 -ffunction-sections -fdata-sections -Wall -fstack-usage -fcyclomatic-complexity -MMD -MP -MF"ThirdParty/tracealyzer/Src/trcStreamingRecorder.d" -MT"ThirdParty/tracealyzer/Src/trcStreamingRecorder.o" --specs=nano.specs -mfpu=fpv4-sp-d16 -mfloat-abi=hard -mthumb -o "ThirdParty/tracealyzer/Src/trcStreamingRecorder.o"
arm-none-eabi-gcc "../ThirdParty/FreeRTOS/Source/portable/MemMang/heap_4.c" -mcpu=cortex-m4 -std=gnu11 -g3 -DDEBUG -DSTM32 -DSTM32F4 -DSTM32F446RETx -c -I../Inc -I"D:/RAPINAT/TPFreeRTOS/FreeRTOS_ordo_cooperatif/Drivers/CMSIS/Include" -I"D:/RAPINAT/TPFreeRTOS/FreeRTOS_ordo_cooperatif/Drivers/CMSIS/Device/ST/STM32F4xx/Include" -I"D:/RAPINAT/TPFreeRTOS/FreeRTOS_ordo_cooperatif/ThirdParty" -I"D:/RAPINAT/TPFreeRTOS/FreeRTOS_ordo_cooperatif/ThirdParty/FreeRTOS/Source/include" -I"D:/RAPINAT/TPFreeRTOS/FreeRTOS_ordo_cooperatif/ThirdParty/FreeRTOS/Source/portable" -I"D:/RAPINAT/TPFreeRTOS/FreeRTOS_ordo_cooperatif/ThirdParty/FreeRTOS/Source/portable/GCC/ARM_CM4F" -I"D:/RAPINAT/TPFreeRTOS/FreeRTOS_ordo_cooperatif/ThirdParty/FreeRTOS/Source/portable/MemMang" -I"D:/RAPINAT/TPFreeRTOS/FreeRTOS_ordo_cooperatif/ThirdParty/tracealyzer/Inc" -O0 -ffunction-sections -fdata-sections -Wall -fstack-usage -fcyclomatic-complexity -MMD -MP -MF"ThirdParty/FreeRTOS/Source/portable/MemMang/heap_4.d" -MT"ThirdParty/FreeRTOS/Source/portable/MemMang/heap_4.o" --specs=nano.specs -mfpu=fpv4-sp-d16 -mfloat-abi=hard -mthumb -o "ThirdParty/FreeRTOS/Source/portable/MemMang/heap_4.o"
arm-none-eabi-gcc "../ThirdParty/FreeRTOS/Source/portable/GCC/ARM_CM4F/port.c" -mcpu=cortex-m4 -std=gnu11 -g3 -DDEBUG -DSTM32 -DSTM32F4 -DSTM32F446RETx -c -I../Inc -I"D:/RAPINAT/TPFreeRTOS/FreeRTOS_ordo_cooperatif/Drivers/CMSIS/Include" -I"D:/RAPINAT/TPFreeRTOS/FreeRTOS_ordo_cooperatif/Drivers/CMSIS/Device/ST/STM32F4xx/Include" -I"D:/RAPINAT/TPFreeRTOS/FreeRTOS_ordo_cooperatif/ThirdParty" -I"D:/RAPINAT/TPFreeRTOS/FreeRTOS_ordo_cooperatif/ThirdParty/FreeRTOS/Source/include" -I"D:/RAPINAT/TPFreeRTOS/FreeRTOS_ordo_cooperatif/ThirdParty/FreeRTOS/Source/portable" -I"D:/RAPINAT/TPFreeRTOS/FreeRTOS_ordo_cooperatif/ThirdParty/FreeRTOS/Source/portable/GCC/ARM_CM4F" -I"D:/RAPINAT/TPFreeRTOS/FreeRTOS_ordo_cooperatif/ThirdParty/FreeRTOS/Source/portable/MemMang" -I"D:/RAPINAT/TPFreeRTOS/FreeRTOS_ordo_cooperatif/ThirdParty/tracealyzer/Inc" -O0 -ffunction-sections -fdata-sections -Wall -fstack-usage -fcyclomatic-complexity -MMD -MP -MF"ThirdParty/FreeRTOS/Source/portable/GCC/ARM_CM4F/port.d" -MT"ThirdParty/FreeRTOS/Source/portable/GCC/ARM_CM4F/port.o" --specs=nano.specs -mfpu=fpv4-sp-d16 -mfloat-abi=hard -mthumb -o "ThirdParty/FreeRTOS/Source/portable/GCC/ARM_CM4F/port.o"
arm-none-eabi-gcc "../ThirdParty/FreeRTOS/Source/croutine.c" -mcpu=cortex-m4 -std=gnu11 -g3 -DDEBUG -DSTM32 -DSTM32F4 -DSTM32F446RETx -c -I../Inc -I"D:/RAPINAT/TPFreeRTOS/FreeRTOS_ordo_cooperatif/Drivers/CMSIS/Include" -I"D:/RAPINAT/TPFreeRTOS/FreeRTOS_ordo_cooperatif/Drivers/CMSIS/Device/ST/STM32F4xx/Include" -I"D:/RAPINAT/TPFreeRTOS/FreeRTOS_ordo_cooperatif/ThirdParty" -I"D:/RAPINAT/TPFreeRTOS/FreeRTOS_ordo_cooperatif/ThirdParty/FreeRTOS/Source/include" -I"D:/RAPINAT/TPFreeRTOS/FreeRTOS_ordo_cooperatif/ThirdParty/FreeRTOS/Source/portable" -I"D:/RAPINAT/TPFreeRTOS/FreeRTOS_ordo_cooperatif/ThirdParty/FreeRTOS/Source/portable/GCC/ARM_CM4F" -I"D:/RAPINAT/TPFreeRTOS/FreeRTOS_ordo_cooperatif/ThirdParty/FreeRTOS/Source/portable/MemMang" -I"D:/RAPINAT/TPFreeRTOS/FreeRTOS_ordo_cooperatif/ThirdParty/tracealyzer/Inc" -O0 -ffunction-sections -fdata-sections -Wall -fstack-usage -fcyclomatic-complexity -MMD -MP -MF"ThirdParty/FreeRTOS/Source/croutine.d" -MT"ThirdParty/FreeRTOS/Source/croutine.o" --specs=nano.specs -mfpu=fpv4-sp-d16 -mfloat-abi=hard -mthumb -o "ThirdParty/FreeRTOS/Source/croutine.o"
arm-none-eabi-gcc "../ThirdParty/FreeRTOS/Source/event_groups.c" -mcpu=cortex-m4 -std=gnu11 -g3 -DDEBUG -DSTM32 -DSTM32F4 -DSTM32F446RETx -c -I../Inc -I"D:/RAPINAT/TPFreeRTOS/FreeRTOS_ordo_cooperatif/Drivers/CMSIS/Include" -I"D:/RAPINAT/TPFreeRTOS/FreeRTOS_ordo_cooperatif/Drivers/CMSIS/Device/ST/STM32F4xx/Include" -I"D:/RAPINAT/TPFreeRTOS/FreeRTOS_ordo_cooperatif/ThirdParty" -I"D:/RAPINAT/TPFreeRTOS/FreeRTOS_ordo_cooperatif/ThirdParty/FreeRTOS/Source/include" -I"D:/RAPINAT/TPFreeRTOS/FreeRTOS_ordo_cooperatif/ThirdParty/FreeRTOS/Source/portable" -I"D:/RAPINAT/TPFreeRTOS/FreeRTOS_ordo_cooperatif/ThirdParty/FreeRTOS/Source/portable/GCC/ARM_CM4F" -I"D:/RAPINAT/TPFreeRTOS/FreeRTOS_ordo_cooperatif/ThirdParty/FreeRTOS/Source/portable/MemMang" -I"D:/RAPINAT/TPFreeRTOS/FreeRTOS_ordo_cooperatif/ThirdParty/tracealyzer/Inc" -O0 -ffunction-sections -fdata-sections -Wall -fstack-usage -fcyclomatic-complexity -MMD -MP -MF"ThirdParty/FreeRTOS/Source/event_groups.d" -MT"ThirdParty/FreeRTOS/Source/event_groups.o" --specs=nano.specs -mfpu=fpv4-sp-d16 -mfloat-abi=hard -mthumb -o "ThirdParty/FreeRTOS/Source/event_groups.o"
arm-none-eabi-gcc "../ThirdParty/FreeRTOS/Source/list.c" -mcpu=cortex-m4 -std=gnu11 -g3 -DDEBUG -DSTM32 -DSTM32F4 -DSTM32F446RETx -c -I../Inc -I"D:/RAPINAT/TPFreeRTOS/FreeRTOS_ordo_cooperatif/Drivers/CMSIS/Include" -I"D:/RAPINAT/TPFreeRTOS/FreeRTOS_ordo_cooperatif/Drivers/CMSIS/Device/ST/STM32F4xx/Include" -I"D:/RAPINAT/TPFreeRTOS/FreeRTOS_ordo_cooperatif/ThirdParty" -I"D:/RAPINAT/TPFreeRTOS/FreeRTOS_ordo_cooperatif/ThirdParty/FreeRTOS/Source/include" -I"D:/RAPINAT/TPFreeRTOS/FreeRTOS_ordo_cooperatif/ThirdParty/FreeRTOS/Source/portable" -I"D:/RAPINAT/TPFreeRTOS/FreeRTOS_ordo_cooperatif/ThirdParty/FreeRTOS/Source/portable/GCC/ARM_CM4F" -I"D:/RAPINAT/TPFreeRTOS/FreeRTOS_ordo_cooperatif/ThirdParty/FreeRTOS/Source/portable/MemMang" -I"D:/RAPINAT/TPFreeRTOS/FreeRTOS_ordo_cooperatif/ThirdParty/tracealyzer/Inc" -O0 -ffunction-sections -fdata-sections -Wall -fstack-usage -fcyclomatic-complexity -MMD -MP -MF"ThirdParty/FreeRTOS/Source/list.d" -MT"ThirdParty/FreeRTOS/Source/list.o" --specs=nano.specs -mfpu=fpv4-sp-d16 -mfloat-abi=hard -mthumb -o "ThirdParty/FreeRTOS/Source/list.o"
arm-none-eabi-gcc "../ThirdParty/FreeRTOS/Source/queue.c" -mcpu=cortex-m4 -std=gnu11 -g3 -DDEBUG -DSTM32 -DSTM32F4 -DSTM32F446RETx -c -I../Inc -I"D:/RAPINAT/TPFreeRTOS/FreeRTOS_ordo_cooperatif/Drivers/CMSIS/Include" -I"D:/RAPINAT/TPFreeRTOS/FreeRTOS_ordo_cooperatif/Drivers/CMSIS/Device/ST/STM32F4xx/Include" -I"D:/RAPINAT/TPFreeRTOS/FreeRTOS_ordo_cooperatif/ThirdParty" -I"D:/RAPINAT/TPFreeRTOS/FreeRTOS_ordo_cooperatif/ThirdParty/FreeRTOS/Source/include" -I"D:/RAPINAT/TPFreeRTOS/FreeRTOS_ordo_cooperatif/ThirdParty/FreeRTOS/Source/portable" -I"D:/RAPINAT/TPFreeRTOS/FreeRTOS_ordo_cooperatif/ThirdParty/FreeRTOS/Source/portable/GCC/ARM_CM4F" -I"D:/RAPINAT/TPFreeRTOS/FreeRTOS_ordo_cooperatif/ThirdParty/FreeRTOS/Source/portable/MemMang" -I"D:/RAPINAT/TPFreeRTOS/FreeRTOS_ordo_cooperatif/ThirdParty/tracealyzer/Inc" -O0 -ffunction-sections -fdata-sections -Wall -fstack-usage -fcyclomatic-complexity -MMD -MP -MF"ThirdParty/FreeRTOS/Source/queue.d" -MT"ThirdParty/FreeRTOS/Source/queue.o" --specs=nano.specs -mfpu=fpv4-sp-d16 -mfloat-abi=hard -mthumb -o "ThirdParty/FreeRTOS/Source/queue.o"
arm-none-eabi-gcc "../ThirdParty/FreeRTOS/Source/stream_buffer.c" -mcpu=cortex-m4 -std=gnu11 -g3 -DDEBUG -DSTM32 -DSTM32F4 -DSTM32F446RETx -c -I../Inc -I"D:/RAPINAT/TPFreeRTOS/FreeRTOS_ordo_cooperatif/Drivers/CMSIS/Include" -I"D:/RAPINAT/TPFreeRTOS/FreeRTOS_ordo_cooperatif/Drivers/CMSIS/Device/ST/STM32F4xx/Include" -I"D:/RAPINAT/TPFreeRTOS/FreeRTOS_ordo_cooperatif/ThirdParty" -I"D:/RAPINAT/TPFreeRTOS/FreeRTOS_ordo_cooperatif/ThirdParty/FreeRTOS/Source/include" -I"D:/RAPINAT/TPFreeRTOS/FreeRTOS_ordo_cooperatif/ThirdParty/FreeRTOS/Source/portable" -I"D:/RAPINAT/TPFreeRTOS/FreeRTOS_ordo_cooperatif/ThirdParty/FreeRTOS/Source/portable/GCC/ARM_CM4F" -I"D:/RAPINAT/TPFreeRTOS/FreeRTOS_ordo_cooperatif/ThirdParty/FreeRTOS/Source/portable/MemMang" -I"D:/RAPINAT/TPFreeRTOS/FreeRTOS_ordo_cooperatif/ThirdParty/tracealyzer/Inc" -O0 -ffunction-sections -fdata-sections -Wall -fstack-usage -fcyclomatic-complexity -MMD -MP -MF"ThirdParty/FreeRTOS/Source/stream_buffer.d" -MT"ThirdParty/FreeRTOS/Source/stream_buffer.o" --specs=nano.specs -mfpu=fpv4-sp-d16 -mfloat-abi=hard -mthumb -o "ThirdParty/FreeRTOS/Source/stream_buffer.o"
arm-none-eabi-gcc "../ThirdParty/FreeRTOS/Source/tasks.c" -mcpu=cortex-m4 -std=gnu11 -g3 -DDEBUG -DSTM32 -DSTM32F4 -DSTM32F446RETx -c -I../Inc -I"D:/RAPINAT/TPFreeRTOS/FreeRTOS_ordo_cooperatif/Drivers/CMSIS/Include" -I"D:/RAPINAT/TPFreeRTOS/FreeRTOS_ordo_cooperatif/Drivers/CMSIS/Device/ST/STM32F4xx/Include" -I"D:/RAPINAT/TPFreeRTOS/FreeRTOS_ordo_cooperatif/ThirdParty" -I"D:/RAPINAT/TPFreeRTOS/FreeRTOS_ordo_cooperatif/ThirdParty/FreeRTOS/Source/include" -I"D:/RAPINAT/TPFreeRTOS/FreeRTOS_ordo_cooperatif/ThirdParty/FreeRTOS/Source/portable" -I"D:/RAPINAT/TPFreeRTOS/FreeRTOS_ordo_cooperatif/ThirdParty/FreeRTOS/Source/portable/GCC/ARM_CM4F" -I"D:/RAPINAT/TPFreeRTOS/FreeRTOS_ordo_cooperatif/ThirdParty/FreeRTOS/Source/portable/MemMang" -I"D:/RAPINAT/TPFreeRTOS/FreeRTOS_ordo_cooperatif/ThirdParty/tracealyzer/Inc" -O0 -ffunction-sections -fdata-sections -Wall -fstack-usage -fcyclomatic-complexity -MMD -MP -MF"ThirdParty/FreeRTOS/Source/tasks.d" -MT"ThirdParty/FreeRTOS/Source/tasks.o" --specs=nano.specs -mfpu=fpv4-sp-d16 -mfloat-abi=hard -mthumb -o "ThirdParty/FreeRTOS/Source/tasks.o"
arm-none-eabi-gcc "../ThirdParty/FreeRTOS/Source/timers.c" -mcpu=cortex-m4 -std=gnu11 -g3 -DDEBUG -DSTM32 -DSTM32F4 -DSTM32F446RETx -c -I../Inc -I"D:/RAPINAT/TPFreeRTOS/FreeRTOS_ordo_cooperatif/Drivers/CMSIS/Include" -I"D:/RAPINAT/TPFreeRTOS/FreeRTOS_ordo_cooperatif/Drivers/CMSIS/Device/ST/STM32F4xx/Include" -I"D:/RAPINAT/TPFreeRTOS/FreeRTOS_ordo_cooperatif/ThirdParty" -I"D:/RAPINAT/TPFreeRTOS/FreeRTOS_ordo_cooperatif/ThirdParty/FreeRTOS/Source/include" -I"D:/RAPINAT/TPFreeRTOS/FreeRTOS_ordo_cooperatif/ThirdParty/FreeRTOS/Source/portable" -I"D:/RAPINAT/TPFreeRTOS/FreeRTOS_ordo_cooperatif/ThirdParty/FreeRTOS/Source/portable/GCC/ARM_CM4F" -I"D:/RAPINAT/TPFreeRTOS/FreeRTOS_ordo_cooperatif/ThirdParty/FreeRTOS/Source/portable/MemMang" -I"D:/RAPINAT/TPFreeRTOS/FreeRTOS_ordo_cooperatif/ThirdParty/tracealyzer/Inc" -O0 -ffunction-sections -fdata-sections -Wall -fstack-usage -fcyclomatic-complexity -MMD -MP -MF"ThirdParty/FreeRTOS/Source/timers.d" -MT"ThirdParty/FreeRTOS/Source/timers.o" --specs=nano.specs -mfpu=fpv4-sp-d16 -mfloat-abi=hard -mthumb -o "ThirdParty/FreeRTOS/Source/timers.o"
arm-none-eabi-gcc "../Src/main.c" -mcpu=cortex-m4 -std=gnu11 -g3 -DDEBUG -DSTM32 -DSTM32F4 -DSTM32F446RETx -c -I../Inc -I"D:/RAPINAT/TPFreeRTOS/FreeRTOS_ordo_cooperatif/Drivers/CMSIS/Include" -I"D:/RAPINAT/TPFreeRTOS/FreeRTOS_ordo_cooperatif/Drivers/CMSIS/Device/ST/STM32F4xx/Include" -I"D:/RAPINAT/TPFreeRTOS/FreeRTOS_ordo_cooperatif/ThirdParty" -I"D:/RAPINAT/TPFreeRTOS/FreeRTOS_ordo_cooperatif/ThirdParty/FreeRTOS/Source/include" -I"D:/RAPINAT/TPFreeRTOS/FreeRTOS_ordo_cooperatif/ThirdParty/FreeRTOS/Source/portable" -I"D:/RAPINAT/TPFreeRTOS/FreeRTOS_ordo_cooperatif/ThirdParty/FreeRTOS/Source/portable/GCC/ARM_CM4F" -I"D:/RAPINAT/TPFreeRTOS/FreeRTOS_ordo_cooperatif/ThirdParty/FreeRTOS/Source/portable/MemMang" -I"D:/RAPINAT/TPFreeRTOS/FreeRTOS_ordo_cooperatif/ThirdParty/tracealyzer/Inc" -O0 -ffunction-sections -fdata-sections -Wall -fstack-usage -fcyclomatic-complexity -MMD -MP -MF"Src/main.d" -MT"Src/main.o" --specs=nano.specs -mfpu=fpv4-sp-d16 -mfloat-abi=hard -mthumb -o "Src/main.o"
arm-none-eabi-gcc -o "FreeRTOS_ordo_cooperatif.elf" @"objects.list"   -mcpu=cortex-m4 -T"D:\RAPINAT\TPFreeRTOS\FreeRTOS_ordo_cooperatif\STM32F446RETX_FLASH.ld" --specs=nosys.specs -Wl,-Map="FreeRTOS_ordo_cooperatif.map" -Wl,--gc-sections -static --specs=nano.specs -mfpu=fpv4-sp-d16 -mfloat-abi=hard -mthumb -Wl,--start-group -lc -lm -Wl,--end-group
Finished building target: FreeRTOS_ordo_cooperatif.elf
 
arm-none-eabi-size  FreeRTOS_ordo_cooperatif.elf 
arm-none-eabi-objdump -h -S FreeRTOS_ordo_cooperatif.elf  > "FreeRTOS_ordo_cooperatif.list"
   text	   data	    bss	    dec	    hex	filename
  20628	    104	  24240	  44972	   afac	FreeRTOS_ordo_cooperatif.elf
Finished building: default.size.stdout
 
Finished building: FreeRTOS_ordo_cooperatif.list
 

16:42:50 Build Finished. 0 errors, 0 warnings. (took 2s.873ms)

