13:55:26 **** Incremental Build of configuration Debug for project 3_FreeRTOS_task1 ****
make -j8 all 
arm-none-eabi-gcc "../ThirdParty/tracealyzer/Src/trcKernelPort.c" -mcpu=cortex-m4 -std=gnu11 -g3 -DDEBUG -DSTM32 -DSTM32F4 -DSTM32F446RETx -c -I../Inc -I"D:/RAPINAT/TPFreeRTOS/3_FreeRTOS_task1/Drivers/CMSIS/Include" -I"D:/RAPINAT/TPFreeRTOS/3_FreeRTOS_task1/Drivers/CMSIS/Device/ST/STM32F4xx/Include" -I"D:/RAPINAT/TPFreeRTOS/3_FreeRTOS_task1/ThirdParty" -I"D:/RAPINAT/TPFreeRTOS/3_FreeRTOS_task1/ThirdParty/FreeRTOS/Source/include" -I"D:/RAPINAT/TPFreeRTOS/3_FreeRTOS_task1/ThirdParty/FreeRTOS/Source/portable" -I"D:/RAPINAT/TPFreeRTOS/3_FreeRTOS_task1/ThirdParty/FreeRTOS/Source/portable/GCC/ARM_CM4F" -I"D:/RAPINAT/TPFreeRTOS/3_FreeRTOS_task1/ThirdParty/FreeRTOS/Source/portable/MemMang" -I"D:/RAPINAT/TPFreeRTOS/3_FreeRTOS_task1/ThirdParty/tracealyzer/Inc" -O0 -ffunction-sections -fdata-sections -Wall -fstack-usage -fcyclomatic-complexity -MMD -MP -MF"ThirdParty/tracealyzer/Src/trcKernelPort.d" -MT"ThirdParty/tracealyzer/Src/trcKernelPort.o" --specs=nano.specs -mfpu=fpv4-sp-d16 -mfloat-abi=hard -mthumb -o "ThirdParty/tracealyzer/Src/trcKernelPort.o"
arm-none-eabi-gcc "../ThirdParty/tracealyzer/Src/trcSnapshotRecorder.c" -mcpu=cortex-m4 -std=gnu11 -g3 -DDEBUG -DSTM32 -DSTM32F4 -DSTM32F446RETx -c -I../Inc -I"D:/RAPINAT/TPFreeRTOS/3_FreeRTOS_task1/Drivers/CMSIS/Include" -I"D:/RAPINAT/TPFreeRTOS/3_FreeRTOS_task1/Drivers/CMSIS/Device/ST/STM32F4xx/Include" -I"D:/RAPINAT/TPFreeRTOS/3_FreeRTOS_task1/ThirdParty" -I"D:/RAPINAT/TPFreeRTOS/3_FreeRTOS_task1/ThirdParty/FreeRTOS/Source/include" -I"D:/RAPINAT/TPFreeRTOS/3_FreeRTOS_task1/ThirdParty/FreeRTOS/Source/portable" -I"D:/RAPINAT/TPFreeRTOS/3_FreeRTOS_task1/ThirdParty/FreeRTOS/Source/portable/GCC/ARM_CM4F" -I"D:/RAPINAT/TPFreeRTOS/3_FreeRTOS_task1/ThirdParty/FreeRTOS/Source/portable/MemMang" -I"D:/RAPINAT/TPFreeRTOS/3_FreeRTOS_task1/ThirdParty/tracealyzer/Inc" -O0 -ffunction-sections -fdata-sections -Wall -fstack-usage -fcyclomatic-complexity -MMD -MP -MF"ThirdParty/tracealyzer/Src/trcSnapshotRecorder.d" -MT"ThirdParty/tracealyzer/Src/trcSnapshotRecorder.o" --specs=nano.specs -mfpu=fpv4-sp-d16 -mfloat-abi=hard -mthumb -o "ThirdParty/tracealyzer/Src/trcSnapshotRecorder.o"
arm-none-eabi-gcc "../ThirdParty/tracealyzer/Src/trcStreamingRecorder.c" -mcpu=cortex-m4 -std=gnu11 -g3 -DDEBUG -DSTM32 -DSTM32F4 -DSTM32F446RETx -c -I../Inc -I"D:/RAPINAT/TPFreeRTOS/3_FreeRTOS_task1/Drivers/CMSIS/Include" -I"D:/RAPINAT/TPFreeRTOS/3_FreeRTOS_task1/Drivers/CMSIS/Device/ST/STM32F4xx/Include" -I"D:/RAPINAT/TPFreeRTOS/3_FreeRTOS_task1/ThirdParty" -I"D:/RAPINAT/TPFreeRTOS/3_FreeRTOS_task1/ThirdParty/FreeRTOS/Source/include" -I"D:/RAPINAT/TPFreeRTOS/3_FreeRTOS_task1/ThirdParty/FreeRTOS/Source/portable" -I"D:/RAPINAT/TPFreeRTOS/3_FreeRTOS_task1/ThirdParty/FreeRTOS/Source/portable/GCC/ARM_CM4F" -I"D:/RAPINAT/TPFreeRTOS/3_FreeRTOS_task1/ThirdParty/FreeRTOS/Source/portable/MemMang" -I"D:/RAPINAT/TPFreeRTOS/3_FreeRTOS_task1/ThirdParty/tracealyzer/Inc" -O0 -ffunction-sections -fdata-sections -Wall -fstack-usage -fcyclomatic-complexity -MMD -MP -MF"ThirdParty/tracealyzer/Src/trcStreamingRecorder.d" -MT"ThirdParty/tracealyzer/Src/trcStreamingRecorder.o" --specs=nano.specs -mfpu=fpv4-sp-d16 -mfloat-abi=hard -mthumb -o "ThirdParty/tracealyzer/Src/trcStreamingRecorder.o"
arm-none-eabi-gcc "../ThirdParty/FreeRTOS/Source/portable/MemMang/heap_4.c" -mcpu=cortex-m4 -std=gnu11 -g3 -DDEBUG -DSTM32 -DSTM32F4 -DSTM32F446RETx -c -I../Inc -I"D:/RAPINAT/TPFreeRTOS/3_FreeRTOS_task1/Drivers/CMSIS/Include" -I"D:/RAPINAT/TPFreeRTOS/3_FreeRTOS_task1/Drivers/CMSIS/Device/ST/STM32F4xx/Include" -I"D:/RAPINAT/TPFreeRTOS/3_FreeRTOS_task1/ThirdParty" -I"D:/RAPINAT/TPFreeRTOS/3_FreeRTOS_task1/ThirdParty/FreeRTOS/Source/include" -I"D:/RAPINAT/TPFreeRTOS/3_FreeRTOS_task1/ThirdParty/FreeRTOS/Source/portable" -I"D:/RAPINAT/TPFreeRTOS/3_FreeRTOS_task1/ThirdParty/FreeRTOS/Source/portable/GCC/ARM_CM4F" -I"D:/RAPINAT/TPFreeRTOS/3_FreeRTOS_task1/ThirdParty/FreeRTOS/Source/portable/MemMang" -I"D:/RAPINAT/TPFreeRTOS/3_FreeRTOS_task1/ThirdParty/tracealyzer/Inc" -O0 -ffunction-sections -fdata-sections -Wall -fstack-usage -fcyclomatic-complexity -MMD -MP -MF"ThirdParty/FreeRTOS/Source/portable/MemMang/heap_4.d" -MT"ThirdParty/FreeRTOS/Source/portable/MemMang/heap_4.o" --specs=nano.specs -mfpu=fpv4-sp-d16 -mfloat-abi=hard -mthumb -o "ThirdParty/FreeRTOS/Source/portable/MemMang/heap_4.o"
arm-none-eabi-gcc "../ThirdParty/FreeRTOS/Source/portable/GCC/ARM_CM4F/port.c" -mcpu=cortex-m4 -std=gnu11 -g3 -DDEBUG -DSTM32 -DSTM32F4 -DSTM32F446RETx -c -I../Inc -I"D:/RAPINAT/TPFreeRTOS/3_FreeRTOS_task1/Drivers/CMSIS/Include" -I"D:/RAPINAT/TPFreeRTOS/3_FreeRTOS_task1/Drivers/CMSIS/Device/ST/STM32F4xx/Include" -I"D:/RAPINAT/TPFreeRTOS/3_FreeRTOS_task1/ThirdParty" -I"D:/RAPINAT/TPFreeRTOS/3_FreeRTOS_task1/ThirdParty/FreeRTOS/Source/include" -I"D:/RAPINAT/TPFreeRTOS/3_FreeRTOS_task1/ThirdParty/FreeRTOS/Source/portable" -I"D:/RAPINAT/TPFreeRTOS/3_FreeRTOS_task1/ThirdParty/FreeRTOS/Source/portable/GCC/ARM_CM4F" -I"D:/RAPINAT/TPFreeRTOS/3_FreeRTOS_task1/ThirdParty/FreeRTOS/Source/portable/MemMang" -I"D:/RAPINAT/TPFreeRTOS/3_FreeRTOS_task1/ThirdParty/tracealyzer/Inc" -O0 -ffunction-sections -fdata-sections -Wall -fstack-usage -fcyclomatic-complexity -MMD -MP -MF"ThirdParty/FreeRTOS/Source/portable/GCC/ARM_CM4F/port.d" -MT"ThirdParty/FreeRTOS/Source/portable/GCC/ARM_CM4F/port.o" --specs=nano.specs -mfpu=fpv4-sp-d16 -mfloat-abi=hard -mthumb -o "ThirdParty/FreeRTOS/Source/portable/GCC/ARM_CM4F/port.o"
arm-none-eabi-gcc "../ThirdParty/FreeRTOS/Source/croutine.c" -mcpu=cortex-m4 -std=gnu11 -g3 -DDEBUG -DSTM32 -DSTM32F4 -DSTM32F446RETx -c -I../Inc -I"D:/RAPINAT/TPFreeRTOS/3_FreeRTOS_task1/Drivers/CMSIS/Include" -I"D:/RAPINAT/TPFreeRTOS/3_FreeRTOS_task1/Drivers/CMSIS/Device/ST/STM32F4xx/Include" -I"D:/RAPINAT/TPFreeRTOS/3_FreeRTOS_task1/ThirdParty" -I"D:/RAPINAT/TPFreeRTOS/3_FreeRTOS_task1/ThirdParty/FreeRTOS/Source/include" -I"D:/RAPINAT/TPFreeRTOS/3_FreeRTOS_task1/ThirdParty/FreeRTOS/Source/portable" -I"D:/RAPINAT/TPFreeRTOS/3_FreeRTOS_task1/ThirdParty/FreeRTOS/Source/portable/GCC/ARM_CM4F" -I"D:/RAPINAT/TPFreeRTOS/3_FreeRTOS_task1/ThirdParty/FreeRTOS/Source/portable/MemMang" -I"D:/RAPINAT/TPFreeRTOS/3_FreeRTOS_task1/ThirdParty/tracealyzer/Inc" -O0 -ffunction-sections -fdata-sections -Wall -fstack-usage -fcyclomatic-complexity -MMD -MP -MF"ThirdParty/FreeRTOS/Source/croutine.d" -MT"ThirdParty/FreeRTOS/Source/croutine.o" --specs=nano.specs -mfpu=fpv4-sp-d16 -mfloat-abi=hard -mthumb -o "ThirdParty/FreeRTOS/Source/croutine.o"
arm-none-eabi-gcc "../ThirdParty/FreeRTOS/Source/event_groups.c" -mcpu=cortex-m4 -std=gnu11 -g3 -DDEBUG -DSTM32 -DSTM32F4 -DSTM32F446RETx -c -I../Inc -I"D:/RAPINAT/TPFreeRTOS/3_FreeRTOS_task1/Drivers/CMSIS/Include" -I"D:/RAPINAT/TPFreeRTOS/3_FreeRTOS_task1/Drivers/CMSIS/Device/ST/STM32F4xx/Include" -I"D:/RAPINAT/TPFreeRTOS/3_FreeRTOS_task1/ThirdParty" -I"D:/RAPINAT/TPFreeRTOS/3_FreeRTOS_task1/ThirdParty/FreeRTOS/Source/include" -I"D:/RAPINAT/TPFreeRTOS/3_FreeRTOS_task1/ThirdParty/FreeRTOS/Source/portable" -I"D:/RAPINAT/TPFreeRTOS/3_FreeRTOS_task1/ThirdParty/FreeRTOS/Source/portable/GCC/ARM_CM4F" -I"D:/RAPINAT/TPFreeRTOS/3_FreeRTOS_task1/ThirdParty/FreeRTOS/Source/portable/MemMang" -I"D:/RAPINAT/TPFreeRTOS/3_FreeRTOS_task1/ThirdParty/tracealyzer/Inc" -O0 -ffunction-sections -fdata-sections -Wall -fstack-usage -fcyclomatic-complexity -MMD -MP -MF"ThirdParty/FreeRTOS/Source/event_groups.d" -MT"ThirdParty/FreeRTOS/Source/event_groups.o" --specs=nano.specs -mfpu=fpv4-sp-d16 -mfloat-abi=hard -mthumb -o "ThirdParty/FreeRTOS/Source/event_groups.o"
arm-none-eabi-gcc "../ThirdParty/FreeRTOS/Source/list.c" -mcpu=cortex-m4 -std=gnu11 -g3 -DDEBUG -DSTM32 -DSTM32F4 -DSTM32F446RETx -c -I../Inc -I"D:/RAPINAT/TPFreeRTOS/3_FreeRTOS_task1/Drivers/CMSIS/Include" -I"D:/RAPINAT/TPFreeRTOS/3_FreeRTOS_task1/Drivers/CMSIS/Device/ST/STM32F4xx/Include" -I"D:/RAPINAT/TPFreeRTOS/3_FreeRTOS_task1/ThirdParty" -I"D:/RAPINAT/TPFreeRTOS/3_FreeRTOS_task1/ThirdParty/FreeRTOS/Source/include" -I"D:/RAPINAT/TPFreeRTOS/3_FreeRTOS_task1/ThirdParty/FreeRTOS/Source/portable" -I"D:/RAPINAT/TPFreeRTOS/3_FreeRTOS_task1/ThirdParty/FreeRTOS/Source/portable/GCC/ARM_CM4F" -I"D:/RAPINAT/TPFreeRTOS/3_FreeRTOS_task1/ThirdParty/FreeRTOS/Source/portable/MemMang" -I"D:/RAPINAT/TPFreeRTOS/3_FreeRTOS_task1/ThirdParty/tracealyzer/Inc" -O0 -ffunction-sections -fdata-sections -Wall -fstack-usage -fcyclomatic-complexity -MMD -MP -MF"ThirdParty/FreeRTOS/Source/list.d" -MT"ThirdParty/FreeRTOS/Source/list.o" --specs=nano.specs -mfpu=fpv4-sp-d16 -mfloat-abi=hard -mthumb -o "ThirdParty/FreeRTOS/Source/list.o"
arm-none-eabi-gcc "../ThirdParty/FreeRTOS/Source/queue.c" -mcpu=cortex-m4 -std=gnu11 -g3 -DDEBUG -DSTM32 -DSTM32F4 -DSTM32F446RETx -c -I../Inc -I"D:/RAPINAT/TPFreeRTOS/3_FreeRTOS_task1/Drivers/CMSIS/Include" -I"D:/RAPINAT/TPFreeRTOS/3_FreeRTOS_task1/Drivers/CMSIS/Device/ST/STM32F4xx/Include" -I"D:/RAPINAT/TPFreeRTOS/3_FreeRTOS_task1/ThirdParty" -I"D:/RAPINAT/TPFreeRTOS/3_FreeRTOS_task1/ThirdParty/FreeRTOS/Source/include" -I"D:/RAPINAT/TPFreeRTOS/3_FreeRTOS_task1/ThirdParty/FreeRTOS/Source/portable" -I"D:/RAPINAT/TPFreeRTOS/3_FreeRTOS_task1/ThirdParty/FreeRTOS/Source/portable/GCC/ARM_CM4F" -I"D:/RAPINAT/TPFreeRTOS/3_FreeRTOS_task1/ThirdParty/FreeRTOS/Source/portable/MemMang" -I"D:/RAPINAT/TPFreeRTOS/3_FreeRTOS_task1/ThirdParty/tracealyzer/Inc" -O0 -ffunction-sections -fdata-sections -Wall -fstack-usage -fcyclomatic-complexity -MMD -MP -MF"ThirdParty/FreeRTOS/Source/queue.d" -MT"ThirdParty/FreeRTOS/Source/queue.o" --specs=nano.specs -mfpu=fpv4-sp-d16 -mfloat-abi=hard -mthumb -o "ThirdParty/FreeRTOS/Source/queue.o"
arm-none-eabi-gcc "../ThirdParty/FreeRTOS/Source/stream_buffer.c" -mcpu=cortex-m4 -std=gnu11 -g3 -DDEBUG -DSTM32 -DSTM32F4 -DSTM32F446RETx -c -I../Inc -I"D:/RAPINAT/TPFreeRTOS/3_FreeRTOS_task1/Drivers/CMSIS/Include" -I"D:/RAPINAT/TPFreeRTOS/3_FreeRTOS_task1/Drivers/CMSIS/Device/ST/STM32F4xx/Include" -I"D:/RAPINAT/TPFreeRTOS/3_FreeRTOS_task1/ThirdParty" -I"D:/RAPINAT/TPFreeRTOS/3_FreeRTOS_task1/ThirdParty/FreeRTOS/Source/include" -I"D:/RAPINAT/TPFreeRTOS/3_FreeRTOS_task1/ThirdParty/FreeRTOS/Source/portable" -I"D:/RAPINAT/TPFreeRTOS/3_FreeRTOS_task1/ThirdParty/FreeRTOS/Source/portable/GCC/ARM_CM4F" -I"D:/RAPINAT/TPFreeRTOS/3_FreeRTOS_task1/ThirdParty/FreeRTOS/Source/portable/MemMang" -I"D:/RAPINAT/TPFreeRTOS/3_FreeRTOS_task1/ThirdParty/tracealyzer/Inc" -O0 -ffunction-sections -fdata-sections -Wall -fstack-usage -fcyclomatic-complexity -MMD -MP -MF"ThirdParty/FreeRTOS/Source/stream_buffer.d" -MT"ThirdParty/FreeRTOS/Source/stream_buffer.o" --specs=nano.specs -mfpu=fpv4-sp-d16 -mfloat-abi=hard -mthumb -o "ThirdParty/FreeRTOS/Source/stream_buffer.o"
arm-none-eabi-gcc "../ThirdParty/FreeRTOS/Source/tasks.c" -mcpu=cortex-m4 -std=gnu11 -g3 -DDEBUG -DSTM32 -DSTM32F4 -DSTM32F446RETx -c -I../Inc -I"D:/RAPINAT/TPFreeRTOS/3_FreeRTOS_task1/Drivers/CMSIS/Include" -I"D:/RAPINAT/TPFreeRTOS/3_FreeRTOS_task1/Drivers/CMSIS/Device/ST/STM32F4xx/Include" -I"D:/RAPINAT/TPFreeRTOS/3_FreeRTOS_task1/ThirdParty" -I"D:/RAPINAT/TPFreeRTOS/3_FreeRTOS_task1/ThirdParty/FreeRTOS/Source/include" -I"D:/RAPINAT/TPFreeRTOS/3_FreeRTOS_task1/ThirdParty/FreeRTOS/Source/portable" -I"D:/RAPINAT/TPFreeRTOS/3_FreeRTOS_task1/ThirdParty/FreeRTOS/Source/portable/GCC/ARM_CM4F" -I"D:/RAPINAT/TPFreeRTOS/3_FreeRTOS_task1/ThirdParty/FreeRTOS/Source/portable/MemMang" -I"D:/RAPINAT/TPFreeRTOS/3_FreeRTOS_task1/ThirdParty/tracealyzer/Inc" -O0 -ffunction-sections -fdata-sections -Wall -fstack-usage -fcyclomatic-complexity -MMD -MP -MF"ThirdParty/FreeRTOS/Source/tasks.d" -MT"ThirdParty/FreeRTOS/Source/tasks.o" --specs=nano.specs -mfpu=fpv4-sp-d16 -mfloat-abi=hard -mthumb -o "ThirdParty/FreeRTOS/Source/tasks.o"
arm-none-eabi-gcc "../ThirdParty/FreeRTOS/Source/timers.c" -mcpu=cortex-m4 -std=gnu11 -g3 -DDEBUG -DSTM32 -DSTM32F4 -DSTM32F446RETx -c -I../Inc -I"D:/RAPINAT/TPFreeRTOS/3_FreeRTOS_task1/Drivers/CMSIS/Include" -I"D:/RAPINAT/TPFreeRTOS/3_FreeRTOS_task1/Drivers/CMSIS/Device/ST/STM32F4xx/Include" -I"D:/RAPINAT/TPFreeRTOS/3_FreeRTOS_task1/ThirdParty" -I"D:/RAPINAT/TPFreeRTOS/3_FreeRTOS_task1/ThirdParty/FreeRTOS/Source/include" -I"D:/RAPINAT/TPFreeRTOS/3_FreeRTOS_task1/ThirdParty/FreeRTOS/Source/portable" -I"D:/RAPINAT/TPFreeRTOS/3_FreeRTOS_task1/ThirdParty/FreeRTOS/Source/portable/GCC/ARM_CM4F" -I"D:/RAPINAT/TPFreeRTOS/3_FreeRTOS_task1/ThirdParty/FreeRTOS/Source/portable/MemMang" -I"D:/RAPINAT/TPFreeRTOS/3_FreeRTOS_task1/ThirdParty/tracealyzer/Inc" -O0 -ffunction-sections -fdata-sections -Wall -fstack-usage -fcyclomatic-complexity -MMD -MP -MF"ThirdParty/FreeRTOS/Source/timers.d" -MT"ThirdParty/FreeRTOS/Source/timers.o" --specs=nano.specs -mfpu=fpv4-sp-d16 -mfloat-abi=hard -mthumb -o "ThirdParty/FreeRTOS/Source/timers.o"
arm-none-eabi-gcc -mcpu=cortex-m4 -g3 -DDEBUG -c -I"D:/RAPINAT/TPFreeRTOS/3_FreeRTOS_task1/Drivers/CMSIS/Include" -I"D:/RAPINAT/TPFreeRTOS/3_FreeRTOS_task1/Inc" -I"D:/RAPINAT/TPFreeRTOS/3_FreeRTOS_task1/Drivers/CMSIS/Device/ST/STM32F4xx/Include" -I"D:/RAPINAT/TPFreeRTOS/3_FreeRTOS_task1/ThirdParty" -I"D:/RAPINAT/TPFreeRTOS/3_FreeRTOS_task1/ThirdParty/FreeRTOS/Source/include" -I"D:/RAPINAT/TPFreeRTOS/3_FreeRTOS_task1/ThirdParty/FreeRTOS/Source/portable" -I"D:/RAPINAT/TPFreeRTOS/3_FreeRTOS_task1/ThirdParty/FreeRTOS/Source/portable/GCC/ARM_CM4F" -I"D:/RAPINAT/TPFreeRTOS/3_FreeRTOS_task1/ThirdParty/FreeRTOS/Source/portable/MemMang" -I"D:/RAPINAT/TPFreeRTOS/3_FreeRTOS_task1/ThirdParty/tracealyzer/Inc" -x assembler-with-cpp -MMD -MP -MF"Startup/startup_stm32f446retx.d" -MT"Startup/startup_stm32f446retx.o" --specs=nano.specs -mfpu=fpv4-sp-d16 -mfloat-abi=hard -mthumb -o "Startup/startup_stm32f446retx.o" "../Startup/startup_stm32f446retx.s"
arm-none-eabi-gcc "../Src/gpio.c" -mcpu=cortex-m4 -std=gnu11 -g3 -DDEBUG -DSTM32 -DSTM32F4 -DSTM32F446RETx -c -I../Inc -I"D:/RAPINAT/TPFreeRTOS/3_FreeRTOS_task1/Drivers/CMSIS/Include" -I"D:/RAPINAT/TPFreeRTOS/3_FreeRTOS_task1/Drivers/CMSIS/Device/ST/STM32F4xx/Include" -I"D:/RAPINAT/TPFreeRTOS/3_FreeRTOS_task1/ThirdParty" -I"D:/RAPINAT/TPFreeRTOS/3_FreeRTOS_task1/ThirdParty/FreeRTOS/Source/include" -I"D:/RAPINAT/TPFreeRTOS/3_FreeRTOS_task1/ThirdParty/FreeRTOS/Source/portable" -I"D:/RAPINAT/TPFreeRTOS/3_FreeRTOS_task1/ThirdParty/FreeRTOS/Source/portable/GCC/ARM_CM4F" -I"D:/RAPINAT/TPFreeRTOS/3_FreeRTOS_task1/ThirdParty/FreeRTOS/Source/portable/MemMang" -I"D:/RAPINAT/TPFreeRTOS/3_FreeRTOS_task1/ThirdParty/tracealyzer/Inc" -O0 -ffunction-sections -fdata-sections -Wall -fstack-usage -fcyclomatic-complexity -MMD -MP -MF"Src/gpio.d" -MT"Src/gpio.o" --specs=nano.specs -mfpu=fpv4-sp-d16 -mfloat-abi=hard -mthumb -o "Src/gpio.o"
arm-none-eabi-gcc "../Src/interrupt.c" -mcpu=cortex-m4 -std=gnu11 -g3 -DDEBUG -DSTM32 -DSTM32F4 -DSTM32F446RETx -c -I../Inc -I"D:/RAPINAT/TPFreeRTOS/3_FreeRTOS_task1/Drivers/CMSIS/Include" -I"D:/RAPINAT/TPFreeRTOS/3_FreeRTOS_task1/Drivers/CMSIS/Device/ST/STM32F4xx/Include" -I"D:/RAPINAT/TPFreeRTOS/3_FreeRTOS_task1/ThirdParty" -I"D:/RAPINAT/TPFreeRTOS/3_FreeRTOS_task1/ThirdParty/FreeRTOS/Source/include" -I"D:/RAPINAT/TPFreeRTOS/3_FreeRTOS_task1/ThirdParty/FreeRTOS/Source/portable" -I"D:/RAPINAT/TPFreeRTOS/3_FreeRTOS_task1/ThirdParty/FreeRTOS/Source/portable/GCC/ARM_CM4F" -I"D:/RAPINAT/TPFreeRTOS/3_FreeRTOS_task1/ThirdParty/FreeRTOS/Source/portable/MemMang" -I"D:/RAPINAT/TPFreeRTOS/3_FreeRTOS_task1/ThirdParty/tracealyzer/Inc" -O0 -ffunction-sections -fdata-sections -Wall -fstack-usage -fcyclomatic-complexity -MMD -MP -MF"Src/interrupt.d" -MT"Src/interrupt.o" --specs=nano.specs -mfpu=fpv4-sp-d16 -mfloat-abi=hard -mthumb -o "Src/interrupt.o"
arm-none-eabi-gcc "../Src/main.c" -mcpu=cortex-m4 -std=gnu11 -g3 -DDEBUG -DSTM32 -DSTM32F4 -DSTM32F446RETx -c -I../Inc -I"D:/RAPINAT/TPFreeRTOS/3_FreeRTOS_task1/Drivers/CMSIS/Include" -I"D:/RAPINAT/TPFreeRTOS/3_FreeRTOS_task1/Drivers/CMSIS/Device/ST/STM32F4xx/Include" -I"D:/RAPINAT/TPFreeRTOS/3_FreeRTOS_task1/ThirdParty" -I"D:/RAPINAT/TPFreeRTOS/3_FreeRTOS_task1/ThirdParty/FreeRTOS/Source/include" -I"D:/RAPINAT/TPFreeRTOS/3_FreeRTOS_task1/ThirdParty/FreeRTOS/Source/portable" -I"D:/RAPINAT/TPFreeRTOS/3_FreeRTOS_task1/ThirdParty/FreeRTOS/Source/portable/GCC/ARM_CM4F" -I"D:/RAPINAT/TPFreeRTOS/3_FreeRTOS_task1/ThirdParty/FreeRTOS/Source/portable/MemMang" -I"D:/RAPINAT/TPFreeRTOS/3_FreeRTOS_task1/ThirdParty/tracealyzer/Inc" -O0 -ffunction-sections -fdata-sections -Wall -fstack-usage -fcyclomatic-complexity -MMD -MP -MF"Src/main.d" -MT"Src/main.o" --specs=nano.specs -mfpu=fpv4-sp-d16 -mfloat-abi=hard -mthumb -o "Src/main.o"
arm-none-eabi-gcc "../Src/syscalls.c" -mcpu=cortex-m4 -std=gnu11 -g3 -DDEBUG -DSTM32 -DSTM32F4 -DSTM32F446RETx -c -I../Inc -I"D:/RAPINAT/TPFreeRTOS/3_FreeRTOS_task1/Drivers/CMSIS/Include" -I"D:/RAPINAT/TPFreeRTOS/3_FreeRTOS_task1/Drivers/CMSIS/Device/ST/STM32F4xx/Include" -I"D:/RAPINAT/TPFreeRTOS/3_FreeRTOS_task1/ThirdParty" -I"D:/RAPINAT/TPFreeRTOS/3_FreeRTOS_task1/ThirdParty/FreeRTOS/Source/include" -I"D:/RAPINAT/TPFreeRTOS/3_FreeRTOS_task1/ThirdParty/FreeRTOS/Source/portable" -I"D:/RAPINAT/TPFreeRTOS/3_FreeRTOS_task1/ThirdParty/FreeRTOS/Source/portable/GCC/ARM_CM4F" -I"D:/RAPINAT/TPFreeRTOS/3_FreeRTOS_task1/ThirdParty/FreeRTOS/Source/portable/MemMang" -I"D:/RAPINAT/TPFreeRTOS/3_FreeRTOS_task1/ThirdParty/tracealyzer/Inc" -O0 -ffunction-sections -fdata-sections -Wall -fstack-usage -fcyclomatic-complexity -MMD -MP -MF"Src/syscalls.d" -MT"Src/syscalls.o" --specs=nano.specs -mfpu=fpv4-sp-d16 -mfloat-abi=hard -mthumb -o "Src/syscalls.o"
arm-none-eabi-gcc "../Src/sysmem.c" -mcpu=cortex-m4 -std=gnu11 -g3 -DDEBUG -DSTM32 -DSTM32F4 -DSTM32F446RETx -c -I../Inc -I"D:/RAPINAT/TPFreeRTOS/3_FreeRTOS_task1/Drivers/CMSIS/Include" -I"D:/RAPINAT/TPFreeRTOS/3_FreeRTOS_task1/Drivers/CMSIS/Device/ST/STM32F4xx/Include" -I"D:/RAPINAT/TPFreeRTOS/3_FreeRTOS_task1/ThirdParty" -I"D:/RAPINAT/TPFreeRTOS/3_FreeRTOS_task1/ThirdParty/FreeRTOS/Source/include" -I"D:/RAPINAT/TPFreeRTOS/3_FreeRTOS_task1/ThirdParty/FreeRTOS/Source/portable" -I"D:/RAPINAT/TPFreeRTOS/3_FreeRTOS_task1/ThirdParty/FreeRTOS/Source/portable/GCC/ARM_CM4F" -I"D:/RAPINAT/TPFreeRTOS/3_FreeRTOS_task1/ThirdParty/FreeRTOS/Source/portable/MemMang" -I"D:/RAPINAT/TPFreeRTOS/3_FreeRTOS_task1/ThirdParty/tracealyzer/Inc" -O0 -ffunction-sections -fdata-sections -Wall -fstack-usage -fcyclomatic-complexity -MMD -MP -MF"Src/sysmem.d" -MT"Src/sysmem.o" --specs=nano.specs -mfpu=fpv4-sp-d16 -mfloat-abi=hard -mthumb -o "Src/sysmem.o"
arm-none-eabi-gcc "../Src/timer.c" -mcpu=cortex-m4 -std=gnu11 -g3 -DDEBUG -DSTM32 -DSTM32F4 -DSTM32F446RETx -c -I../Inc -I"D:/RAPINAT/TPFreeRTOS/3_FreeRTOS_task1/Drivers/CMSIS/Include" -I"D:/RAPINAT/TPFreeRTOS/3_FreeRTOS_task1/Drivers/CMSIS/Device/ST/STM32F4xx/Include" -I"D:/RAPINAT/TPFreeRTOS/3_FreeRTOS_task1/ThirdParty" -I"D:/RAPINAT/TPFreeRTOS/3_FreeRTOS_task1/ThirdParty/FreeRTOS/Source/include" -I"D:/RAPINAT/TPFreeRTOS/3_FreeRTOS_task1/ThirdParty/FreeRTOS/Source/portable" -I"D:/RAPINAT/TPFreeRTOS/3_FreeRTOS_task1/ThirdParty/FreeRTOS/Source/portable/GCC/ARM_CM4F" -I"D:/RAPINAT/TPFreeRTOS/3_FreeRTOS_task1/ThirdParty/FreeRTOS/Source/portable/MemMang" -I"D:/RAPINAT/TPFreeRTOS/3_FreeRTOS_task1/ThirdParty/tracealyzer/Inc" -O0 -ffunction-sections -fdata-sections -Wall -fstack-usage -fcyclomatic-complexity -MMD -MP -MF"Src/timer.d" -MT"Src/timer.o" --specs=nano.specs -mfpu=fpv4-sp-d16 -mfloat-abi=hard -mthumb -o "Src/timer.o"
arm-none-eabi-gcc "../Src/usart.c" -mcpu=cortex-m4 -std=gnu11 -g3 -DDEBUG -DSTM32 -DSTM32F4 -DSTM32F446RETx -c -I../Inc -I"D:/RAPINAT/TPFreeRTOS/3_FreeRTOS_task1/Drivers/CMSIS/Include" -I"D:/RAPINAT/TPFreeRTOS/3_FreeRTOS_task1/Drivers/CMSIS/Device/ST/STM32F4xx/Include" -I"D:/RAPINAT/TPFreeRTOS/3_FreeRTOS_task1/ThirdParty" -I"D:/RAPINAT/TPFreeRTOS/3_FreeRTOS_task1/ThirdParty/FreeRTOS/Source/include" -I"D:/RAPINAT/TPFreeRTOS/3_FreeRTOS_task1/ThirdParty/FreeRTOS/Source/portable" -I"D:/RAPINAT/TPFreeRTOS/3_FreeRTOS_task1/ThirdParty/FreeRTOS/Source/portable/GCC/ARM_CM4F" -I"D:/RAPINAT/TPFreeRTOS/3_FreeRTOS_task1/ThirdParty/FreeRTOS/Source/portable/MemMang" -I"D:/RAPINAT/TPFreeRTOS/3_FreeRTOS_task1/ThirdParty/tracealyzer/Inc" -O0 -ffunction-sections -fdata-sections -Wall -fstack-usage -fcyclomatic-complexity -MMD -MP -MF"Src/usart.d" -MT"Src/usart.o" --specs=nano.specs -mfpu=fpv4-sp-d16 -mfloat-abi=hard -mthumb -o "Src/usart.o"
arm-none-eabi-gcc "../Src/util.c" -mcpu=cortex-m4 -std=gnu11 -g3 -DDEBUG -DSTM32 -DSTM32F4 -DSTM32F446RETx -c -I../Inc -I"D:/RAPINAT/TPFreeRTOS/3_FreeRTOS_task1/Drivers/CMSIS/Include" -I"D:/RAPINAT/TPFreeRTOS/3_FreeRTOS_task1/Drivers/CMSIS/Device/ST/STM32F4xx/Include" -I"D:/RAPINAT/TPFreeRTOS/3_FreeRTOS_task1/ThirdParty" -I"D:/RAPINAT/TPFreeRTOS/3_FreeRTOS_task1/ThirdParty/FreeRTOS/Source/include" -I"D:/RAPINAT/TPFreeRTOS/3_FreeRTOS_task1/ThirdParty/FreeRTOS/Source/portable" -I"D:/RAPINAT/TPFreeRTOS/3_FreeRTOS_task1/ThirdParty/FreeRTOS/Source/portable/GCC/ARM_CM4F" -I"D:/RAPINAT/TPFreeRTOS/3_FreeRTOS_task1/ThirdParty/FreeRTOS/Source/portable/MemMang" -I"D:/RAPINAT/TPFreeRTOS/3_FreeRTOS_task1/ThirdParty/tracealyzer/Inc" -O0 -ffunction-sections -fdata-sections -Wall -fstack-usage -fcyclomatic-complexity -MMD -MP -MF"Src/util.d" -MT"Src/util.o" --specs=nano.specs -mfpu=fpv4-sp-d16 -mfloat-abi=hard -mthumb -o "Src/util.o"
arm-none-eabi-gcc -o "3_FreeRTOS_task1.elf" @"objects.list"   -mcpu=cortex-m4 -T"D:\RAPINAT\TPFreeRTOS\3_FreeRTOS_task1\STM32F446RETX_FLASH.ld" --specs=nosys.specs -Wl,-Map="3_FreeRTOS_task1.map" -Wl,--gc-sections -static --specs=nano.specs -mfpu=fpv4-sp-d16 -mfloat-abi=hard -mthumb -Wl,--start-group -lc -lm -Wl,--end-group
Finished building target: 3_FreeRTOS_task1.elf
 
arm-none-eabi-size  3_FreeRTOS_task1.elf 
arm-none-eabi-objdump -h -S 3_FreeRTOS_task1.elf  > "3_FreeRTOS_task1.list"
   text	   data	    bss	    dec	    hex	filename
  17716	    104	  24240	  42060	   a44c	3_FreeRTOS_task1.elf
Finished building: default.size.stdout
 
Finished building: 3_FreeRTOS_task1.list
 
