11:31:27 **** Incremental Build of configuration Debug for project 7_sections_critiques ****
make -j8 all 
arm-none-eabi-gcc "../Src/main.c" -mcpu=cortex-m4 -std=gnu11 -g3 -DDEBUG -DSTM32 -DSTM32F4 -DSTM32F446RETx -c -I../Inc -I"D:/RAPINAT/TPFreeRTOS/7_sections_critiques/Drivers/CMSIS/Include" -I"D:/RAPINAT/TPFreeRTOS/7_sections_critiques/Drivers/CMSIS/Device/ST/STM32F4xx/Include" -I"D:/RAPINAT/TPFreeRTOS/7_sections_critiques/ThirdParty" -I"D:/RAPINAT/TPFreeRTOS/7_sections_critiques/ThirdParty/FreeRTOS/Source/include" -I"D:/RAPINAT/TPFreeRTOS/7_sections_critiques/ThirdParty/FreeRTOS/Source/portable" -I"D:/RAPINAT/TPFreeRTOS/7_sections_critiques/ThirdParty/FreeRTOS/Source/portable/GCC/ARM_CM4F" -I"D:/RAPINAT/TPFreeRTOS/7_sections_critiques/ThirdParty/FreeRTOS/Source/portable/MemMang" -I"D:/RAPINAT/TPFreeRTOS/7_sections_critiques/ThirdParty/tracealyzer/Inc" -O0 -ffunction-sections -fdata-sections -Wall -fstack-usage -fcyclomatic-complexity -MMD -MP -MF"Src/main.d" -MT"Src/main.o" --specs=nano.specs -mfpu=fpv4-sp-d16 -mfloat-abi=hard -mthumb -o "Src/main.o"
../Src/main.c: In function 'growStack':
../Src/main.c:82:5: warning: infinite recursion detected [-Winfinite-recursion]
   82 | int growStack(void){
      |     ^~~~~~~~~
../Src/main.c:85:16: note: recursive call
   85 |         return growStack();
      |                ^~~~~~~~~~~
arm-none-eabi-gcc -o "7_sections_critiques.elf" @"objects.list"   -mcpu=cortex-m4 -T"D:\RAPINAT\TPFreeRTOS\7_sections_critiques\STM32F446RETX_FLASH.ld" --specs=nosys.specs -Wl,-Map="7_sections_critiques.map" -Wl,--gc-sections -static --specs=nano.specs -mfpu=fpv4-sp-d16 -mfloat-abi=hard -mthumb -Wl,--start-group -lc -lm -Wl,--end-group
Finished building target: 7_sections_critiques.elf
 
arm-none-eabi-size  7_sections_critiques.elf 
arm-none-eabi-objdump -h -S 7_sections_critiques.elf  > "7_sections_critiques.list"
   text	   data	    bss	    dec	    hex	filename
  26760	    112	  36248	  63120	   f690	7_sections_critiques.elf
Finished building: default.size.stdout
 
Finished building: 7_sections_critiques.list
 
11:31:31 **** Incremental Build of configuration Debug for project 7_sections_critiques ****
make -j8 all 
arm-none-eabi-size  7_sections_critiques.elf 
   text	   data	    bss	    dec	    hex	filename
  26760	    112	  36248	  63120	   f690	7_sections_critiques.elf
Finished building: default.size.stdout
 
11:31:48 **** Incremental Build of configuration Debug for project 7_sections_critiques ****
make -j8 all 
arm-none-eabi-size  7_sections_critiques.elf 
   text	   data	    bss	    dec	    hex	filename
  26760	    112	  36248	  63120	   f690	7_sections_critiques.elf
Finished building: default.size.stdout
 
11:42:43 **** Incremental Build of configuration Debug for project 7_sections_critiques ****
make -j8 all 
arm-none-eabi-gcc "../Src/main.c" -mcpu=cortex-m4 -std=gnu11 -g3 -DDEBUG -DSTM32 -DSTM32F4 -DSTM32F446RETx -c -I../Inc -I"D:/RAPINAT/TPFreeRTOS/7_sections_critiques/Drivers/CMSIS/Include" -I"D:/RAPINAT/TPFreeRTOS/7_sections_critiques/Drivers/CMSIS/Device/ST/STM32F4xx/Include" -I"D:/RAPINAT/TPFreeRTOS/7_sections_critiques/ThirdParty" -I"D:/RAPINAT/TPFreeRTOS/7_sections_critiques/ThirdParty/FreeRTOS/Source/include" -I"D:/RAPINAT/TPFreeRTOS/7_sections_critiques/ThirdParty/FreeRTOS/Source/portable" -I"D:/RAPINAT/TPFreeRTOS/7_sections_critiques/ThirdParty/FreeRTOS/Source/portable/GCC/ARM_CM4F" -I"D:/RAPINAT/TPFreeRTOS/7_sections_critiques/ThirdParty/FreeRTOS/Source/portable/MemMang" -I"D:/RAPINAT/TPFreeRTOS/7_sections_critiques/ThirdParty/tracealyzer/Inc" -O0 -ffunction-sections -fdata-sections -Wall -fstack-usage -fcyclomatic-complexity -MMD -MP -MF"Src/main.d" -MT"Src/main.o" --specs=nano.specs -mfpu=fpv4-sp-d16 -mfloat-abi=hard -mthumb -o "Src/main.o"
../Src/main.c: In function 'growStack':
../Src/main.c:82:5: warning: infinite recursion detected [-Winfinite-recursion]
   82 | int growStack(void){
      |     ^~~~~~~~~
../Src/main.c:85:16: note: recursive call
   85 |         return growStack();
      |                ^~~~~~~~~~~
arm-none-eabi-gcc -o "7_sections_critiques.elf" @"objects.list"   -mcpu=cortex-m4 -T"D:\RAPINAT\TPFreeRTOS\7_sections_critiques\STM32F446RETX_FLASH.ld" --specs=nosys.specs -Wl,-Map="7_sections_critiques.map" -Wl,--gc-sections -static --specs=nano.specs -mfpu=fpv4-sp-d16 -mfloat-abi=hard -mthumb -Wl,--start-group -lc -lm -Wl,--end-group
Finished building target: 7_sections_critiques.elf
 
arm-none-eabi-size  7_sections_critiques.elf 
arm-none-eabi-objdump -h -S 7_sections_critiques.elf  > "7_sections_critiques.list"
   text	   data	    bss	    dec	    hex	filename
  26760	    112	  36248	  63120	   f690	7_sections_critiques.elf
Finished building: default.size.stdout
 
Finished building: 7_sections_critiques.list
 
11:45:38 **** Incremental Build of configuration Debug for project 7_sections_critiques ****
make -j8 all 
arm-none-eabi-gcc "../Src/main.c" -mcpu=cortex-m4 -std=gnu11 -g3 -DDEBUG -DSTM32 -DSTM32F4 -DSTM32F446RETx -c -I../Inc -I"D:/RAPINAT/TPFreeRTOS/7_sections_critiques/Drivers/CMSIS/Include" -I"D:/RAPINAT/TPFreeRTOS/7_sections_critiques/Drivers/CMSIS/Device/ST/STM32F4xx/Include" -I"D:/RAPINAT/TPFreeRTOS/7_sections_critiques/ThirdParty" -I"D:/RAPINAT/TPFreeRTOS/7_sections_critiques/ThirdParty/FreeRTOS/Source/include" -I"D:/RAPINAT/TPFreeRTOS/7_sections_critiques/ThirdParty/FreeRTOS/Source/portable" -I"D:/RAPINAT/TPFreeRTOS/7_sections_critiques/ThirdParty/FreeRTOS/Source/portable/GCC/ARM_CM4F" -I"D:/RAPINAT/TPFreeRTOS/7_sections_critiques/ThirdParty/FreeRTOS/Source/portable/MemMang" -I"D:/RAPINAT/TPFreeRTOS/7_sections_critiques/ThirdParty/tracealyzer/Inc" -O0 -ffunction-sections -fdata-sections -Wall -fstack-usage -fcyclomatic-complexity -MMD -MP -MF"Src/main.d" -MT"Src/main.o" --specs=nano.specs -mfpu=fpv4-sp-d16 -mfloat-abi=hard -mthumb -o "Src/main.o"
../Src/main.c: In function 'growStack':
../Src/main.c:83:5: warning: infinite recursion detected [-Winfinite-recursion]
   83 | int growStack(void){
      |     ^~~~~~~~~
../Src/main.c:86:16: note: recursive call
   86 |         return growStack();
      |                ^~~~~~~~~~~
arm-none-eabi-gcc -o "7_sections_critiques.elf" @"objects.list"   -mcpu=cortex-m4 -T"D:\RAPINAT\TPFreeRTOS\7_sections_critiques\STM32F446RETX_FLASH.ld" --specs=nosys.specs -Wl,-Map="7_sections_critiques.map" -Wl,--gc-sections -static --specs=nano.specs -mfpu=fpv4-sp-d16 -mfloat-abi=hard -mthumb -Wl,--start-group -lc -lm -Wl,--end-group
Finished building target: 7_sections_critiques.elf
 
arm-none-eabi-size  7_sections_critiques.elf 
arm-none-eabi-objdump -h -S 7_sections_critiques.elf  > "7_sections_critiques.list"
   text	   data	    bss	    dec	    hex	filename
  26760	    112	  36248	  63120	   f690	7_sections_critiques.elf
Finished building: default.size.stdout
 
Finished building: 7_sections_critiques.list
 
11:47:14 **** Incremental Build of configuration Debug for project 7_sections_critiques ****
make -j8 all 
arm-none-eabi-gcc "../Src/main.c" -mcpu=cortex-m4 -std=gnu11 -g3 -DDEBUG -DSTM32 -DSTM32F4 -DSTM32F446RETx -c -I../Inc -I"D:/RAPINAT/TPFreeRTOS/7_sections_critiques/Drivers/CMSIS/Include" -I"D:/RAPINAT/TPFreeRTOS/7_sections_critiques/Drivers/CMSIS/Device/ST/STM32F4xx/Include" -I"D:/RAPINAT/TPFreeRTOS/7_sections_critiques/ThirdParty" -I"D:/RAPINAT/TPFreeRTOS/7_sections_critiques/ThirdParty/FreeRTOS/Source/include" -I"D:/RAPINAT/TPFreeRTOS/7_sections_critiques/ThirdParty/FreeRTOS/Source/portable" -I"D:/RAPINAT/TPFreeRTOS/7_sections_critiques/ThirdParty/FreeRTOS/Source/portable/GCC/ARM_CM4F" -I"D:/RAPINAT/TPFreeRTOS/7_sections_critiques/ThirdParty/FreeRTOS/Source/portable/MemMang" -I"D:/RAPINAT/TPFreeRTOS/7_sections_critiques/ThirdParty/tracealyzer/Inc" -O0 -ffunction-sections -fdata-sections -Wall -fstack-usage -fcyclomatic-complexity -MMD -MP -MF"Src/main.d" -MT"Src/main.o" --specs=nano.specs -mfpu=fpv4-sp-d16 -mfloat-abi=hard -mthumb -o "Src/main.o"
../Src/main.c: In function 'growStack':
../Src/main.c:83:5: warning: infinite recursion detected [-Winfinite-recursion]
   83 | int growStack(void){
      |     ^~~~~~~~~
../Src/main.c:86:16: note: recursive call
   86 |         return growStack();
      |                ^~~~~~~~~~~
arm-none-eabi-gcc -o "7_sections_critiques.elf" @"objects.list"   -mcpu=cortex-m4 -T"D:\RAPINAT\TPFreeRTOS\7_sections_critiques\STM32F446RETX_FLASH.ld" --specs=nosys.specs -Wl,-Map="7_sections_critiques.map" -Wl,--gc-sections -static --specs=nano.specs -mfpu=fpv4-sp-d16 -mfloat-abi=hard -mthumb -Wl,--start-group -lc -lm -Wl,--end-group
Finished building target: 7_sections_critiques.elf
 
arm-none-eabi-size  7_sections_critiques.elf 
arm-none-eabi-objdump -h -S 7_sections_critiques.elf  > "7_sections_critiques.list"
   text	   data	    bss	    dec	    hex	filename
  26856	    112	  36248	  63216	   f6f0	7_sections_critiques.elf
Finished building: default.size.stdout
 
Finished building: 7_sections_critiques.list
 
